This is pdfTeX, Version 3.141592653-2.6-1.40.28 (MiKTeX 25.12) (preloaded format=pdflatex.fmt)
 restricted \write18 enabled.
entering extended mode
(manuscript.tex
LaTeX2e <2025-11-01>
L3 programming layer <2025-12-24>

(C:\Users\CORSAIR\AppData\Local\Programs\MiKTeX\tex/latex/elsarticle\elsarticle
.cls
Document Class: elsarticle 2026/01/09, 3.5: Elsevier Ltd
(C:\Users\CORSAIR\AppData\Local\Programs\MiKTeX\tex/latex/base\fontenc.sty)
(C:\Users\CORSAIR\AppData\Local\Programs\MiKTeX\tex/latex/l3kernel\expl3.sty
(C:\Users\CORSAIR\AppData\Local\Programs\MiKTeX\tex/latex/l3backend\l3backend-p
dftex.def))
(C:\Users\CORSAIR\AppData\Local\Programs\MiKTeX\tex/latex/l3packages/xparse\xpa
rse.sty)
(C:\Users\CORSAIR\AppData\Local\Programs\MiKTeX\tex/latex/etoolbox\etoolbox.sty
) (C:\Users\CORSAIR\AppData\Local\Programs\MiKTeX\tex/latex/base\article.cls
Document Class: article 2025/01/22 v1.4n Standard LaTeX document class
(C:\Users\CORSAIR\AppData\Local\Programs\MiKTeX\tex/latex/base\size12.clo))
(C:\Users\CORSAIR\AppData\Local\Programs\MiKTeX\tex/latex/graphics\graphicx.sty
(C:\Users\CORSAIR\AppData\Local\Programs\MiKTeX\tex/latex/graphics\keyval.sty)
(C:\Users\CORSAIR\AppData\Local\Programs\MiKTeX\tex/latex/graphics\graphics.sty
(C:\Users\CORSAIR\AppData\Local\Programs\MiKTeX\tex/latex/graphics\trig.sty)
(C:\Users\CORSAIR\AppData\Local\Programs\MiKTeX\tex/latex/graphics-cfg\graphics
.cfg)
(C:\Users\CORSAIR\AppData\Local\Programs\MiKTeX\tex/latex/graphics-def\pdftex.d
ef))) (manuscript.spl)
(C:\Users\CORSAIR\AppData\Local\Programs\MiKTeX\tex/latex/natbib\natbib.sty))
(C:\Users\CORSAIR\AppData\Local\Programs\MiKTeX\tex/latex/base\inputenc.sty)
(C:\Users\CORSAIR\AppData\Local\Programs\MiKTeX\tex/latex/base\fontenc.sty)
(C:\Users\CORSAIR\AppData\Local\Programs\MiKTeX\tex/latex/lm\lmodern.sty)
(C:\Users\CORSAIR\AppData\Local\Programs\MiKTeX\tex/latex/base\textcomp.sty)
(C:\Users\CORSAIR\AppData\Local\Programs\MiKTeX\tex/latex/tools\tabularx.sty
(C:\Users\CORSAIR\AppData\Local\Programs\MiKTeX\tex/latex/tools\array.sty))
(C:\Users\CORSAIR\AppData\Local\Programs\MiKTeX\tex/latex/amsmath\amsmath.sty
For additional information on amsmath, use the `?' option.
(C:\Users\CORSAIR\AppData\Local\Programs\MiKTeX\tex/latex/amsmath\amstext.sty
(C:\Users\CORSAIR\AppData\Local\Programs\MiKTeX\tex/latex/amsmath\amsgen.sty))
(C:\Users\CORSAIR\AppData\Local\Programs\MiKTeX\tex/latex/amsmath\amsbsy.sty)
(C:\Users\CORSAIR\AppData\Local\Programs\MiKTeX\tex/latex/amsmath\amsopn.sty))
(C:\Users\CORSAIR\AppData\Local\Programs\MiKTeX\tex/latex/booktabs\booktabs.sty
) (C:\Users\CORSAIR\AppData\Local\Programs\MiKTeX\tex/latex/tools\longtable.sty
) (C:\Users\CORSAIR\AppData\Local\Programs\MiKTeX\tex/latex/url\url.sty)
(C:\Users\CORSAIR\AppData\Local\Programs\MiKTeX\tex/latex/lineno\lineno.sty
(C:\Users\CORSAIR\AppData\Local\Programs\MiKTeX\tex/latex/kvoptions\kvoptions.s
ty
(C:\Users\CORSAIR\AppData\Local\Programs\MiKTeX\tex/generic/ltxcmds\ltxcmds.sty
)
(C:\Users\CORSAIR\AppData\Local\Programs\MiKTeX\tex/latex/kvsetkeys\kvsetkeys.s
ty))) (C:\Users\CORSAIR\AppData\Local\Programs\MiKTeX\tex/latex/lm\t1lmr.fd)
(manuscript.aux)
(C:\Users\CORSAIR\AppData\Local\Programs\MiKTeX\tex/context/base/mkii\supp-pdf.
mkii
[Loading MPS to PDF converter (version 2006.09.02).]
)
(C:\Users\CORSAIR\AppData\Local\Programs\MiKTeX\tex/latex/epstopdf-pkg\epstopdf
-base.sty
(C:\Users\CORSAIR\AppData\Local\Programs\MiKTeX\tex/latex/00miktex\epstopdf-sys
.cfg)) (C:\Users\CORSAIR\AppData\Local\Programs\MiKTeX\tex/latex/lm\ts1lmr.fd)
(C:\Users\CORSAIR\AppData\Local\Programs\MiKTeX\tex/latex/lm\ot1lmr.fd)
(C:\Users\CORSAIR\AppData\Local\Programs\MiKTeX\tex/latex/lm\omllmm.fd)
(C:\Users\CORSAIR\AppData\Local\Programs\MiKTeX\tex/latex/lm\omslmsy.fd)
(C:\Users\CORSAIR\AppData\Local\Programs\MiKTeX\tex/latex/lm\omxlmex.fd)
(C:\Users\CORSAIR\AppData\Local\Programs\MiKTeX\tex/latex/lm\t1lmtt.fd)
[1{C:/Users/CORSAIR/AppData/Local/MiKTeX/fonts/map/pdftex/pdftex.map}{C:/Users/
CORSAIR/AppData/Local/Programs/MiKTeX/fonts/enc/dvips/lm/lm-ec.enc}{C:/Users/CO
RSAIR/AppData/Local/Programs/MiKTeX/fonts/enc/dvips/lm/lm-mathsy.enc}] [2{C:/Us
ers/CORSAIR/AppData/Local/Programs/MiKTeX/fonts/enc/dvips/lm/lm-ts1.enc}]
(C:\Users\CORSAIR\AppData\Local\Programs\MiKTeX\tex/latex/lm\t1lmss.fd)
[3] [4] [5] [6] [7] [8] [9] [10{C:/Users/CORSAIR/AppData/Local/Programs/MiKTeX/
fonts/enc/dvips/lm/lm-rm.enc}] [11] [12] [13]
Overfull \hbox (10.82887pt too wide) in paragraph at lines 265--265
[]|\T1/lmr/m/n/8 WRS 

Overfull \hbox (6.28452pt too wide) in paragraph at lines 265--265
\T1/lmr/m/n/8 tiles 

Overfull \hbox (2.93153pt too wide) in paragraph at lines 265--265
\T1/lmr/m/n/8 the 

Overfull \hbox (7.18137pt too wide) in paragraph at lines 265--265
\T1/lmr/m/n/8 win- 

Overfull \hbox (6.00076pt too wide) in paragraph at lines 265--265
\T1/lmr/m/n/8 dow|  

Overfull \hbox (18.04185pt too wide) in paragraph at lines 265--265
[]|\T1/lmr/m/n/8 Verdict|  

Overfull \hbox (18.9867pt too wide) in paragraph at lines 265--265
[]|\T1/lmr/m/n/8 177/34, 

Overfull \hbox (18.9867pt too wide) in paragraph at lines 265--265
\T1/lmr/m/n/8 177/35, 

Overfull \hbox (18.9867pt too wide) in paragraph at lines 265--265
\T1/lmr/m/n/8 178/34, 

Overfull \hbox (16.62553pt too wide) in paragraph at lines 265--265
\T1/lmr/m/n/8 178/35|  

Overfull \hbox (34.29143pt too wide) in paragraph at lines 265--265
[]|\T1/lmr/bx/n/8 supported 

Overfull \hbox (2.9312pt too wide) in paragraph at lines 265--265
\T1/lmr/bx/n/8 re- 

Overfull \hbox (9.6367pt too wide) in paragraph at lines 265--265
\T1/lmr/bx/n/8 duc- 

Overfull \hbox (8.00328pt too wide) in paragraph at lines 265--265
\T1/lmr/bx/n/8 tion|  

Overfull \hbox (18.9867pt too wide) in paragraph at lines 265--265
[]|\T1/lmr/m/n/8 179/34, 

Overfull \hbox (18.9867pt too wide) in paragraph at lines 265--265
\T1/lmr/m/n/8 179/35, 

Overfull \hbox (18.9867pt too wide) in paragraph at lines 265--265
\T1/lmr/m/n/8 180/34, 

Overfull \hbox (18.9867pt too wide) in paragraph at lines 265--265
\T1/lmr/m/n/8 180/35, 

Overfull \hbox (16.62553pt too wide) in paragraph at lines 265--265
\T1/lmr/m/n/8 181/34|  

Overfull \hbox (26.07787pt too wide) in paragraph at lines 265--265
[]|\T1/lmr/m/n/8 uncertain|  

Overfull \hbox (18.9867pt too wide) in paragraph at lines 265--265
[]|\T1/lmr/m/n/8 198/32, 

Overfull \hbox (18.9867pt too wide) in paragraph at lines 265--265
\T1/lmr/m/n/8 198/33, 

Overfull \hbox (18.9867pt too wide) in paragraph at lines 265--265
\T1/lmr/m/n/8 199/32, 

Overfull \hbox (16.62553pt too wide) in paragraph at lines 265--265
\T1/lmr/m/n/8 199/33|  

Overfull \hbox (26.07787pt too wide) in paragraph at lines 265--265
[]|\T1/lmr/m/n/8 uncertain|  

Overfull \hbox (18.9867pt too wide) in paragraph at lines 265--265
[]|\T1/lmr/m/n/8 183/33, 

Overfull \hbox (16.62553pt too wide) in paragraph at lines 265--265
\T1/lmr/m/n/8 184/33|  

Overfull \hbox (4.58444pt too wide) in paragraph at lines 265--265
\T1/lmr/m/n/8 fect|  

Overfull \hbox (16.62553pt too wide) in paragraph at lines 265--265
[]|\T1/lmr/m/n/8 193/32|  

Overfull \hbox (4.58444pt too wide) in paragraph at lines 265--265
\T1/lmr/m/n/8 fect|  
[14] [15] [16] [17] [18]
Overfull \hbox (16.42358pt too wide) in paragraph at lines 302--303
[]\T1/lmr/bx/n/12 Coordinate-bearing chan-nels. \T1/lmr/m/n/12 Two de-rived cha
n-nels in-herit a coordinate-
[19]

LaTeX Warning: Float too large for page by 174.53328pt on input line 344.

[20] [21] [22] [23] [24] [25] [26] (manuscript.bbl [27] [28] [29]) [30]
(manuscript.aux) )
(see the transcript file for additional information)<C:/Users/CORSAIR/AppData/L
ocal/Programs/MiKTeX/fonts/type1/public/lm/lmbx10.pfb><C:/Users/CORSAIR/AppData
/Local/Programs/MiKTeX/fonts/type1/public/lm/lmbx12.pfb><C:/Users/CORSAIR/AppDa
ta/Local/Programs/MiKTeX/fonts/type1/public/lm/lmbx8.pfb><C:/Users/CORSAIR/AppD
ata/Local/Programs/MiKTeX/fonts/type1/public/lm/lmr10.pfb><C:/Users/CORSAIR/App
Data/Local/Programs/MiKTeX/fonts/type1/public/lm/lmr12.pfb><C:/Users/CORSAIR/Ap
pData/Local/Programs/MiKTeX/fonts/type1/public/lm/lmr17.pfb><C:/Users/CORSAIR/A
ppData/Local/Programs/MiKTeX/fonts/type1/public/lm/lmr8.pfb><C:/Users/CORSAIR/A
ppData/Local/Programs/MiKTeX/fonts/type1/public/lm/lmri10.pfb><C:/Users/CORSAIR
/AppData/Local/Programs/MiKTeX/fonts/type1/public/lm/lmri12.pfb><C:/Users/CORSA
IR/AppData/Local/Programs/MiKTeX/fonts/type1/public/lm/lmri7.pfb><C:/Users/CORS
AIR/AppData/Local/Programs/MiKTeX/fonts/type1/public/lm/lmss8.pfb><C:/Users/COR
SAIR/AppData/Local/Programs/MiKTeX/fonts/type1/public/lm/lmsy10.pfb><C:/Users/C
ORSAIR/AppData/Local/Programs/MiKTeX/fonts/type1/public/lm/lmsy7.pfb><C:/Users/
CORSAIR/AppData/Local/Programs/MiKTeX/fonts/type1/public/lm/lmsy8.pfb><C:/Users
/CORSAIR/AppData/Local/Programs/MiKTeX/fonts/type1/public/lm/lmtt10.pfb><C:/Use
rs/CORSAIR/AppData/Local/Programs/MiKTeX/fonts/type1/public/lm/lmtt12.pfb>
Output written on manuscript.pdf (30 pages, 414438 bytes).
Transcript written on manuscript.log.
