supported reversals: ["elevation_mean: manavgat_2021~bejis_2022","elevation_mean: manavgat_2021~mugla_2021","lst_anomaly_mean: bejis_2022~evia_2021_extended"]
reversal feature set for Analysis 3: elevation_mean, lst_anomaly_mean

per-pair conditional similarity (symmetric):
bejis_2022|manavgat_2021                 agree=4/9 vecSp=-0.017 cos=-0.261 | sup n=1 agree=0/1 cosSup=-1.000 | meanAUC(dirs)=0.385
manavgat_2021|mugla_2021                 agree=4/9 vecSp=-0.233 cos=-0.209 | sup n=2 agree=1/2 cosSup=0.218 | meanAUC(dirs)=0.436
evia_2021_extended|manavgat_2021         agree=1/9 vecSp=-0.350 cos=-0.190 | sup n=1 agree=1/1 cosSup=1.000 | meanAUC(dirs)=0.649
manavgat_2021|montiferru_2021            agree=4/9 vecSp=-0.333 cos=-0.135 | sup n=0 agree=0/0 cosSup=NA | meanAUC(dirs)=0.550
bejis_2022|mugla_2021                    agree=7/9 vecSp=0.700 cos=0.481 | sup n=1 agree=1/1 cosSup=1.000 | meanAUC(dirs)=0.601
bejis_2022|evia_2021_extended            agree=6/9 vecSp=0.167 cos=0.125 | sup n=1 agree=0/1 cosSup=-1.000 | meanAUC(dirs)=0.415
bejis_2022|montiferru_2021               agree=7/9 vecSp=0.467 cos=0.487 | sup n=0 agree=0/0 cosSup=NA | meanAUC(dirs)=0.571
evia_2021_extended|mugla_2021            agree=6/9 vecSp=0.617 cos=0.808 | sup n=5 agree=5/5 cosSup=0.993 | meanAUC(dirs)=0.615
montiferru_2021|mugla_2021               agree=9/9 vecSp=0.867 cos=0.900 | sup n=2 agree=2/2 cosSup=0.993 | meanAUC(dirs)=0.575
evia_2021_extended|montiferru_2021       agree=6/9 vecSp=0.717 cos=0.541 | sup n=1 agree=1/1 cosSup=1.000 | meanAUC(dirs)=0.616

measure                                   n   rho     [95% CI]            tau     [95% CI]
agree_count_9                             20  0.179  [-0.400,0.718]   0.141  [-0.308,0.578]
vector_spearman_9                         20  0.269  [-0.363,0.765]   0.195  [-0.290,0.601]
cosine_9                                  20  0.504  [-0.167,0.825]   0.368  [-0.122,0.685]
agree_fraction_supported                  16  0.840  [0.576,0.876]   0.708  [0.496,0.767]
vector_spearman_supported                  2    NaN  [NaN,NaN]     NaN  [NaN,NaN]
cosine_supported                          16  0.805  [0.329,0.877]   0.671  [0.307,0.768]
