transfer AUC cross-check vs Emrehan AoA table: max |diff| = 1.11e-16 over 12 directions

measure                                  set        n   rho     [95% CI]            tau     [95% CI]
regime_dist_log_effn                     full       20  0.290  [-0.379,0.739]   0.195  [-0.295,0.583]
regime_dist_log_effn                     4-AOI      12  0.353  [-0.533,0.839]   0.286  [-0.373,0.752]
regime_dist_largest_share                full       20  0.290  [-0.389,0.722]   0.195  [-0.306,0.566]
regime_dist_largest_share                4-AOI      12  0.353  [-0.533,0.839]   0.286  [-0.373,0.752]
domain_classifier_auc                    full       20 -0.317  [-0.775,0.328]  -0.238  [-0.625,0.228]
domain_classifier_auc                    4-AOI      12 -0.353  [-0.839,0.653]  -0.286  [-0.752,0.515]
target_mean_dissimilarity                full       12 -0.105  [-0.586,0.457]  -0.030  [-0.448,0.407]
target_mean_dissimilarity                4-AOI      12 -0.105  [-0.543,0.426]  -0.030  [-0.444,0.400]
target_p95_dissimilarity                 full       12 -0.084  [-0.580,0.466]   0.000  [-0.444,0.401]
target_p95_dissimilarity                 4-AOI      12 -0.084  [-0.587,0.486]   0.000  [-0.444,0.444]
fraction_inside_weighted_aoa             full       12  0.217  [-0.500,0.600]   0.091  [-0.355,0.323]
fraction_inside_weighted_aoa             4-AOI      12  0.217  [-0.482,0.587]   0.091  [-0.345,0.310]
climate_distance                         full       12  0.057  [-0.699,0.793]   0.032  [-0.633,0.633]
climate_distance                         4-AOI      12  0.057  [-0.762,0.793]   0.032  [-0.636,0.633]
geographic_distance_km                   full       12 -0.240  [-0.839,0.718]  -0.159  [-0.746,0.633]
geographic_distance_km                   4-AOI      12 -0.240  [-0.837,0.733]  -0.159  [-0.714,0.633]
unweighted_fraction_inside_support       full       12  0.077  [-0.925,0.609]   0.030  [-0.833,0.484]
unweighted_fraction_inside_support       4-AOI      12  0.077  [-0.886,0.630]   0.030  [-0.743,0.539]
