{'region': 'manavgat_2021', 'scar': 1, 'A': 0.8822236106383259, 'B': 0.7434326259903078, 'A_ref': 0.8822, 'B_ref': 0.7434}
{'region': 'bejis_2022', 'scar': 1, 'A': 0.8244685786179753, 'B': 0.5748131222457973, 'A_ref': 0.8245, 'B_ref': 0.5748}
{'region': 'mugla_2021', 'scar': 6, 'A': 0.7773268638729566, 'B': 0.5640261338770639, 'A_ref': 0.7773, 'B_ref': 0.564}
{'region': 'mugla_2021', 'scar': 1, 'A': 0.7773268638729566, 'B': 0.6539734567306148, 'A_ref': 0.7773, 'B_ref': 0.654}
{'region': 'mugla_2021', 'scar': 10, 'A': 0.7773268638729566, 'B': 0.6734775578535814, 'A_ref': 0.7773, 'B_ref': 0.6735}
{'region': 'mugla_2021', 'scar': 8, 'A': 0.7773268638729566, 'B': 0.7608859803674805, 'A_ref': 0.7773, 'B_ref': 0.7609}
{'region': 'evia_2021_extended', 'scar': 1, 'A': 0.8641886346702445, 'B': 0.7450929238950607, 'A_ref': 0.8642, 'B_ref': 0.7451}
{'region': 'montiferru_2021', 'scar': 1, 'A': 0.7199006195087421, 'B': 0.6215490577925425, 'A_ref': 0.7199, 'B_ref': 0.6215}
{'region': 'montiferru_2021', 'scar': 5, 'A': 0.7199006195087421, 'B': 0.4610541044776119, 'A_ref': 0.7199, 'B_ref': 0.4611}
               region  scar       A       B   A_ref   B_ref   dA   dB
0       manavgat_2021     1  0.8822  0.7434  0.8822  0.7434  0.0  0.0
1          bejis_2022     1  0.8245  0.5748  0.8245  0.5748 -0.0  0.0
2          mugla_2021     6  0.7773  0.5640  0.7773  0.5640  0.0  0.0
3          mugla_2021     1  0.7773  0.6540  0.7773  0.6540  0.0 -0.0
4          mugla_2021    10  0.7773  0.6735  0.7773  0.6735  0.0 -0.0
5          mugla_2021     8  0.7773  0.7609  0.7773  0.7609  0.0 -0.0
6  evia_2021_extended     1  0.8642  0.7451  0.8642  0.7451 -0.0 -0.0
7     montiferru_2021     1  0.7199  0.6215  0.7199  0.6215  0.0  0.0
8     montiferru_2021     5  0.7199  0.4611  0.7199  0.4611  0.0 -0.0
mean A 0.7911 (ref 0.7911); mean B 0.6443 (ref 0.6443); mean A-B 0.1469 (ref 0.1468)
as drawn {'mean': 0.00732827851557859, 'pair_cluster': (-0.02126056279424327, 0.0370165523817134), 'pair_cluster_ref': [-0.0202, 0.0384], 'target_cluster': (-0.006144432853118278, 0.022440934490433523), 'target_cluster_ref': [-0.0061, 0.0224]}
equalised 10 km {'mean': 0.02378249132072554, 'pair_cluster': (-0.003470957621597401, 0.05097223161473447), 'pair_cluster_ref': [-0.0041, 0.0492], 'target_cluster': (0.010526591404845942, 0.04044085409663484), 'target_cluster_ref': [0.0105, 0.0404]}
equalised 5 km {'mean': 0.016771263752576933, 'pair_cluster': (-0.0032929171255709866, 0.036967826988890146), 'pair_cluster_ref': [-0.004, 0.0361], 'target_cluster': (0.002355670345291355, 0.03336103425413279), 'target_cluster_ref': [0.0023, 0.0334]}
