manavgat_2021 0 done
manavgat_2021 1 done
manavgat_2021 2 done
bejis_2022 0 done
bejis_2022 1 done
bejis_2022 2 done
mugla_2021 0 done
mugla_2021 1 done
mugla_2021 2 done
evia_2021_extended 0 done
evia_2021_extended 1 done
evia_2021_extended 2 done
montiferru_2021 0 done
montiferru_2021 1 done
montiferru_2021 2 done
k                              0      1      2
region             band                       
bejis_2022         0-0.5   0.551    NaN    NaN
                   0.5-1   0.559  0.559    NaN
                   1-2     0.599  0.613  0.606
                   10-inf  0.867  0.875  0.870
                   2-5     0.667  0.680  0.670
                   5-10    0.806  0.816  0.809
                   all     0.824  0.838  0.835
evia_2021_extended 0-0.5   0.744    NaN    NaN
                   0.5-1   0.771  0.792    NaN
                   1-2     0.782  0.799  0.806
                   10-inf  0.864  0.882  0.893
                   2-5     0.890  0.905  0.913
                   5-10    0.888  0.903  0.912
                   all     0.864  0.884  0.896
manavgat_2021      0-0.5   0.692    NaN    NaN
                   0.5-1   0.739  0.749    NaN
                   1-2     0.758  0.780  0.789
                   10-inf  0.915  0.927  0.934
                   2-5     0.797  0.819  0.834
                   5-10    0.848  0.869  0.882
                   all     0.882  0.901  0.913
montiferru_2021    0-0.5   0.562    NaN    NaN
                   0.5-1   0.604  0.660    NaN
                   1-2     0.641  0.667  0.707
                   10-inf  0.783  0.808  0.834
                   2-5     0.748  0.769  0.790
                   5-10    0.764  0.786  0.806
                   all     0.720  0.756  0.789
mugla_2021         0-0.5   0.656    NaN    NaN
                   0.5-1   0.670  0.729    NaN
                   1-2     0.686  0.720  0.754
                   10-inf  0.798  0.832  0.855
                   2-5     0.744  0.779  0.802
                   5-10    0.763  0.798  0.822
                   all     0.777  0.814  0.839
    k    band  mean_auc   t_lo   t_hi  n_regions
0   0     all     0.814  0.732  0.896          5
1   0   0-0.5     0.641  0.538  0.745          5
2   0   0.5-1     0.668  0.558  0.779          5
3   0     1-2     0.693  0.598  0.789          5
4   0     2-5     0.769  0.667  0.871          5
5   0    5-10     0.814  0.746  0.882          5
6   0  10-inf     0.845  0.778  0.913          5
7   1     all     0.839  0.767  0.911          5
8   1   0-0.5       NaN    NaN    NaN          0
9   1   0.5-1     0.698  0.585  0.811          5
10  1     1-2     0.716  0.620  0.812          5
11  1     2-5     0.791  0.689  0.892          5
12  1    5-10     0.834  0.772  0.897          5
13  1  10-inf     0.865  0.808  0.923          5
14  2     all     0.854  0.792  0.917          5
15  2   0-0.5       NaN    NaN    NaN          0
16  2   0.5-1       NaN    NaN    NaN          0
17  2     1-2     0.732  0.633  0.832          5
18  2     2-5     0.802  0.693  0.911          5
19  2    5-10     0.846  0.787  0.906          5
20  2  10-inf     0.877  0.829  0.925          5
   k                 set  mean_A  mean_B  A_minus_B                                       scar_t  n  region_cluster_mean                            region_cluster_t  n_regions
0  0          nine_scars  0.7911  0.6443     0.1469    [0.08601064718935184, 0.2076970317452693]  9               0.1601  [0.09038359599013152, 0.22976731274379503]          5
1  0  eight_scars_table2  0.7869  0.6529     0.1340   [0.07221744852572351, 0.19578982618268084]  8               0.1377  [0.09110176070004522, 0.18425914703127394]          4
2  1          nine_scars  0.8213  0.6844     0.1369   [0.06888171020528407, 0.20486448994053913]  9               0.1501  [0.07938927940889512, 0.22079042770666918]          5
3  1  eight_scars_table2  0.8192  0.6954     0.1238  [0.052929494147794465, 0.19474067764576897]  8               0.1273  [0.08049526696123624, 0.17414076019224387]          4
4  2          nine_scars  0.8418  0.7126     0.1292   [0.054739110455902934, 0.2035802616196887]  9               0.1446  [0.07006926608557788, 0.21920318407362321]          5
5  2  eight_scars_table2  0.8427  0.7262     0.1165  [0.036908365747709046, 0.19605086347652811]  8               0.1231  [0.05696939886530869, 0.18932103511208578]          4
