               region  scar  far_share  far_share_band       A       B  A_minus_B
0       manavgat_2021     1     0.5852          0.5894  0.8822  0.7434     0.1388
1          bejis_2022     1     0.6313          0.6289  0.8245  0.5748     0.2497
2          mugla_2021     6     0.5525          0.5608  0.7773  0.5640     0.2133
3          mugla_2021     1     0.5525          0.5608  0.7773  0.6540     0.1234
4          mugla_2021    10     0.5525          0.5608  0.7773  0.6735     0.1038
5          mugla_2021     8     0.5525          0.5608  0.7773  0.7609     0.0164
6  evia_2021_extended     1     0.4373          0.4262  0.8642  0.7451     0.1191
7     montiferru_2021     1     0.0212          0.0181  0.7199  0.6215     0.0984
8     montiferru_2021     5     0.0212          0.0181  0.7199  0.4611     0.2588
               region  far_share  far_share_band       A  A_10km  A_minus_A10  mean_A_minus_B  n_scars
0       manavgat_2021     0.5852          0.5894  0.8822  0.8125       0.0697          0.1388        1
1          bejis_2022     0.6313          0.6289  0.8245  0.7363       0.0882          0.2497        1
2          mugla_2021     0.5525          0.5608  0.7773  0.7462       0.0311          0.1142        4
3  evia_2021_extended     0.4373          0.4262  0.8642  0.8702      -0.0060          0.1191        1
4     montiferru_2021     0.0212          0.0181  0.7199  0.7173       0.0026          0.1786        2
{
 "scar_level_pseudoreplicated": {
  "slope": -0.04948307508986474,
  "t_lo": -0.3415798098404529,
  "t_hi": 0.24261365966072343,
  "intercept": 0.16833106355956653,
  "r": -0.14969988300543463,
  "p": 0.7006718780373355,
  "n": 9,
  "df": 7
 },
 "scar_level_eight_table2": {
  "slope": -0.1096718144177183,
  "t_lo": -0.3924066257885621,
  "t_hi": 0.17306299695312555,
  "intercept": 0.17890074049560736,
  "r": -0.3613114740643787,
  "p": 0.3791916016822699,
  "n": 8,
  "df": 6
 },
 "region_level_primary": {
  "slope": 0.0050451703271745,
  "t_lo": -0.41107359799992826,
  "t_hi": 0.42116393865427726,
  "intercept": 0.15782778410057033,
  "r": 0.022271591335536488,
  "p": 0.9716452736587807,
  "n": 5,
  "df": 3
 },
 "region_level_band_convention": {
  "slope": 0.003792425092741056,
  "t_lo": -0.4080750475677922,
  "t_hi": 0.4156598977532744,
  "intercept": 0.15838897326124501,
  "r": 0.016916005915489283,
  "p": 0.9784628995672343,
  "n": 5,
  "df": 3
 },
 "region_level_spearman": 0.3,
 "secondary_A_minus_A10_on_share": {
  "slope": 0.11563816209149358,
  "t_lo": -0.10277001180294243,
  "t_hi": 0.3340463359859296,
  "intercept": -0.014392829156146467,
  "r": 0.6972988461386682,
  "p": 0.1905810372899689,
  "n": 5,
  "df": 3
 },
 "secondary_spearman": 0.8999999999999998,
 "leave_one_region_out_primary_slope": {
  "manavgat_2021": 0.022412687158884996,
  "bejis_2022": -0.09663388227885134,
  "mugla_2021": 0.031867996077032494,
  "evia_2021_extended": 0.003333517354798537,
  "montiferru_2021": 0.5384696522129421
 }
}
