{'region': 'manavgat_2021', 'scar': 1, 'scar_cells': 2934, 'B_positives': 2935, 'B_negatives': 1030, 'valid_candidates': 1412, 'placements': 50, 'A': 0.8822, 'B': 0.7434, 'placebo_mean': 0.9169, 'placebo_collar_only_mean': 0.9246, 'placebo_p2_5': 0.7954, 'placebo_p97_5': 0.9528, 'share_placebo_le_B': 0.0, 'placebo_median_dist_km': 16.9153, 'placebo_pool_median_n': 4025.5, 'spearman_auc_vs_dist': np.float64(0.4529)}
{'region': 'bejis_2022', 'scar': 1, 'scar_cells': 1100, 'B_positives': 1100, 'B_negatives': 557, 'valid_candidates': 15785, 'placements': 50, 'A': 0.8245, 'B': 0.5748, 'placebo_mean': 0.8489, 'placebo_collar_only_mean': 0.8451, 'placebo_p2_5': 0.754, 'placebo_p97_5': 0.9419, 'share_placebo_le_B': 0.0, 'placebo_median_dist_km': 14.9891, 'placebo_pool_median_n': 1684.5, 'spearman_auc_vs_dist': np.float64(0.2786)}
{'region': 'mugla_2021', 'scar': 6, 'scar_cells': 914, 'B_positives': 914, 'B_negatives': 352, 'valid_candidates': 82251, 'placements': 50, 'A': 0.7773, 'B': 0.564, 'placebo_mean': 0.7251, 'placebo_collar_only_mean': 0.7098, 'placebo_p2_5': 0.6203, 'placebo_p97_5': 0.8219, 'share_placebo_le_B': 0.02, 'placebo_median_dist_km': 17.2562, 'placebo_pool_median_n': 1410.0, 'spearman_auc_vs_dist': np.float64(0.1935)}
{'region': 'mugla_2021', 'scar': 1, 'scar_cells': 738, 'B_positives': 738, 'B_negatives': 506, 'valid_candidates': 90833, 'placements': 50, 'A': 0.7773, 'B': 0.654, 'placebo_mean': 0.8026, 'placebo_collar_only_mean': 0.8012, 'placebo_p2_5': 0.7107, 'placebo_p97_5': 0.8842, 'share_placebo_le_B': 0.0, 'placebo_median_dist_km': 15.6176, 'placebo_pool_median_n': 1233.5, 'spearman_auc_vs_dist': np.float64(0.2582)}
{'region': 'mugla_2021', 'scar': 10, 'scar_cells': 639, 'B_positives': 639, 'B_negatives': 301, 'valid_candidates': 98297, 'placements': 50, 'A': 0.7773, 'B': 0.6735, 'placebo_mean': 0.782, 'placebo_collar_only_mean': 0.7825, 'placebo_p2_5': 0.6908, 'placebo_p97_5': 0.8879, 'share_placebo_le_B': 0.0, 'placebo_median_dist_km': 15.9585, 'placebo_pool_median_n': 1130.5, 'spearman_auc_vs_dist': np.float64(0.339)}
{'region': 'mugla_2021', 'scar': 8, 'scar_cells': 548, 'B_positives': 548, 'B_negatives': 406, 'valid_candidates': 109223, 'placements': 50, 'A': 0.7773, 'B': 0.7609, 'placebo_mean': 0.89, 'placebo_collar_only_mean': 0.8904, 'placebo_p2_5': 0.8223, 'placebo_p97_5': 0.9487, 'share_placebo_le_B': 0.0, 'placebo_median_dist_km': 15.6463, 'placebo_pool_median_n': 939.0, 'spearman_auc_vs_dist': np.float64(0.0626)}
{'region': 'evia_2021_extended', 'scar': 1, 'scar_cells': 2653, 'B_positives': 2653, 'B_negatives': 406, 'valid_candidates': 33, 'placements': 33, 'A': 0.8642, 'B': 0.7451, 'placebo_mean': 0.8341, 'placebo_collar_only_mean': 0.8434, 'placebo_p2_5': 0.823, 'placebo_p97_5': 0.8443, 'share_placebo_le_B': 0.0, 'placebo_median_dist_km': 20.225, 'placebo_pool_median_n': 2739.0, 'spearman_auc_vs_dist': np.float64(0.9503)}
C:\Users\CORSAIR\projects\thermal-twin-main\paper\code\ems_geometry_2_placebo.py:96: RuntimeWarning: Mean of empty slice
  "A": a, "B": b, "placebo_mean": float(np.nanmean(pa)),
C:\Users\CORSAIR\projects\thermal-twin-main\paper\code\ems_geometry_2_placebo.py:101: RuntimeWarning: All-NaN slice encountered
  "placebo_median_dist_km": float(np.nanmedian(dd)),
{'region': 'montiferru_2021', 'scar': 1, 'scar_cells': 416, 'B_positives': 442, 'B_negatives': 316, 'valid_candidates': 0, 'placements': 0, 'A': 0.7199, 'B': 0.6215, 'placebo_mean': nan, 'placebo_collar_only_mean': nan, 'placebo_p2_5': nan, 'placebo_p97_5': nan, 'share_placebo_le_B': nan, 'placebo_median_dist_km': nan, 'placebo_pool_median_n': nan, 'spearman_auc_vs_dist': nan}
{'region': 'montiferru_2021', 'scar': 5, 'scar_cells': 55, 'B_positives': 67, 'B_negatives': 128, 'valid_candidates': 3102, 'placements': 50, 'A': 0.7199, 'B': 0.4611, 'placebo_mean': 0.6181, 'placebo_collar_only_mean': 0.6195, 'placebo_p2_5': 0.2223, 'placebo_p97_5': 0.7941, 'share_placebo_le_B': 0.24, 'placebo_median_dist_km': 5.4234, 'placebo_pool_median_n': 209.5, 'spearman_auc_vs_dist': np.float64(0.1525)}
               region  scar  scar_cells  B_positives  B_negatives  valid_candidates  placements      A      B  placebo_mean  placebo_collar_only_mean  placebo_p2_5  placebo_p97_5  share_placebo_le_B  placebo_median_dist_km  placebo_pool_median_n  spearman_auc_vs_dist
0       manavgat_2021     1        2934         2935         1030              1412          50  0.882  0.743         0.917                     0.925         0.795          0.953                0.00                  16.915                 4025.5                 0.453
1          bejis_2022     1        1100         1100          557             15785          50  0.824  0.575         0.849                     0.845         0.754          0.942                0.00                  14.989                 1684.5                 0.279
2          mugla_2021     6         914          914          352             82251          50  0.777  0.564         0.725                     0.710         0.620          0.822                0.02                  17.256                 1410.0                 0.194
3          mugla_2021     1         738          738          506             90833          50  0.777  0.654         0.803                     0.801         0.711          0.884                0.00                  15.618                 1233.5                 0.258
4          mugla_2021    10         639          639          301             98297          50  0.777  0.673         0.782                     0.783         0.691          0.888                0.00                  15.959                 1130.5                 0.339
5          mugla_2021     8         548          548          406            109223          50  0.777  0.761         0.890                     0.890         0.822          0.949                0.00                  15.646                  939.0                 0.063
6  evia_2021_extended     1        2653         2653          406                33          33  0.864  0.745         0.834                     0.843         0.823          0.844                0.00                  20.225                 2739.0                 0.950
7     montiferru_2021     1         416          442          316                 0           0  0.720  0.622           NaN                       NaN           NaN            NaN                 NaN                     NaN                    NaN                   NaN
8     montiferru_2021     5          55           67          128              3102          50  0.720  0.461         0.618                     0.619         0.222          0.794                0.24                   5.423                  209.5                 0.153
{
 "nine_scars": {
  "n_scars_with_placebos": 8,
  "A_minus_placebo": {
   "mean": -0.002186316423247861,
   "scar_t": [
    -0.05611030654955617,
    0.05173767370306045
   ],
   "region_cluster_mean": 0.01004833616573696,
   "region_cluster_t": [
    -0.060958940549393936,
    0.08105561288086785
   ],
   "n_regions": 5
  },
  "placebo_minus_B": {
   "mean": 0.15510294060944735,
   "scar_t": [
    0.10844658076793791,
    0.2017593004509568
   ],
   "region_cluster_mean": 0.16607661353271935,
   "region_cluster_t": [
    0.08138457008014367,
    0.25076865698529505
   ],
   "n_regions": 5
  },
  "A_minus_B": {
   "mean": 0.15291662418619947,
   "scar_t": [
    0.08406614825250808,
    0.22176710011989087
   ],
   "region_cluster_mean": 0.17612494969845632,
   "region_cluster_t": [
    0.08674673600760867,
    0.26550316338930396
   ],
   "n_regions": 5
  },
  "A_minus_placebo_collar_only": {
   "mean": -0.0020516851448039997,
   "scar_t": [
    -0.057370358276028266,
    0.05326698798642027
   ]
  },
  "share_of_cost_reproduced_collar_only": -0.013417018298192078,
  "share_of_cost_reproduced": -0.014297441072107928,
  "mean_A": 0.8000111123658893,
  "mean_B": 0.6470944881796898,
  "mean_placebo": 0.8021974287891371
 },
 "eight_scars_table2": {
  "n_scars_with_placebos": 7,
  "A_minus_placebo": {
   "mean": 0.0009960554789419612,
   "scar_t": [
    -0.06280635134485538,
    0.06479846230273931
   ],
   "region_cluster_mean": 0.018676150141815354,
   "region_cluster_t": [
    -0.08023905577119857,
    0.11759135605482927
   ],
   "n_regions": 4
  },
  "placebo_minus_B": {
   "mean": 0.13810073553783203,
   "scar_t": [
    0.10981281247942677,
    0.1663886585962373
   ],
   "region_cluster_mean": 0.13906617288821055,
   "region_cluster_t": [
    0.08083000073131287,
    0.19730234504510824
   ],
   "n_regions": 4
  },
  "A_minus_B": {
   "mean": 0.13909679101677397,
   "scar_t": [
    0.066685573302384,
    0.21150800873116393
   ],
   "region_cluster_mean": 0.1577423230300259,
   "region_cluster_t": [
    0.04916708120494935,
    0.26631756485510244
   ],
   "n_regions": 4
  },
  "A_minus_placebo_collar_only": {
   "mean": 0.0006018166553703543,
   "scar_t": [
    -0.06507098131069515,
    0.06627461462143587
   ]
  },
  "share_of_cost_reproduced_collar_only": 0.004326603446213076,
  "share_of_cost_reproduced": 0.007160880360078507,
  "mean_A": 0.7965171886155913,
  "mean_B": 0.6574203975988173,
  "mean_placebo": 0.7955211331366493
 }
}
