{
 "repro_loso_vs_scar_increment_json_maxabs": 9.665501309938374e-05,
 "repro_rowB_thermal_vs_matched_holdout_maxabs": 4.905779254249509e-05,
 "ladder_by_frame": {
  "full": {
   "blocked_B10": {
    "mean": 0.08680936486900168,
    "t_regions": [
     0.03734135280989915,
     0.1362773769281042
    ],
    "per_region": {
     "Manavgat": 0.0619,
     "Bejis": 0.0451,
     "Mugla": 0.0793,
     "Evia": 0.1482,
     "Montiferru": 0.0995
    }
   },
   "blocked_B2": {
    "mean": 0.09868234263503414,
    "t_regions": [
     0.05020035191626492,
     0.14716433335380336
    ],
    "per_region": {
     "Manavgat": 0.0669,
     "Bejis": 0.0561,
     "Mugla": 0.1157,
     "Evia": 0.1533,
     "Montiferru": 0.1014
    }
   },
   "halfsplit": {
    "mean_over_splits": 0.02830342075413079,
    "n_splits": 18,
    "n_positive": 13,
    "mean_of_region_means": 0.02760768437352882,
    "t_region_means": [
     -0.03706203033630202,
     0.09227739908335966
    ],
    "cr1_splits_by_region": [
     -0.043439538008057686,
     0.10004637951631926
    ]
   },
   "loso": {
    "mean": 0.024420319924964,
    "t_scars": [
     -0.04048125646833439,
     0.0893218963182624
    ],
    "n": 7,
    "cr1_region": [
     -0.08515199101286083,
     0.13399263086278884
    ],
    "target_cells_lost_to_collar": 0
   },
   "cross_region": {
    "mean": 0.00732827851557858,
    "pair_cluster_boot": [
     -0.021747631003744886,
     0.03656043407319398
    ],
    "loro_jackknife_t4": [
     -0.01791977339754032,
     0.03257633042869748
    ],
    "target_cluster_boot": [
     -0.006144432853118289,
     0.0224409344904335
    ]
   }
  },
  "10km": {
   "blocked_B10": {
    "mean": 0.08274937927990185,
    "t_regions": [
     0.036527451023209166,
     0.12897130753659453
    ],
    "per_region": {
     "Manavgat": 0.0733,
     "Bejis": 0.0298,
     "Mugla": 0.0875,
     "Evia": 0.1336,
     "Montiferru": 0.0895
    }
   },
   "blocked_B2": {
    "mean": 0.09139228201950209,
    "t_regions": [
     0.055084126457837855,
     0.1277004375811663
    ],
    "per_region": {
     "Manavgat": 0.0869,
     "Bejis": 0.0455,
     "Mugla": 0.1176,
     "Evia": 0.116,
     "Montiferru": 0.0911
    }
   },
   "halfsplit": {
    "mean_over_splits": 0.03875489547533288,
    "n_splits": 20,
    "n_positive": 16,
    "mean_of_region_means": 0.03875489547533288,
    "t_region_means": [
     0.029085228669789305,
     0.04842456228087646
    ],
    "cr1_splits_by_region": [
     0.029085228669789305,
     0.04842456228087646
    ]
   },
   "loso": {
    "mean": -0.005066588515841868,
    "t_scars": [
     -0.053297453971849505,
     0.04316427694016577
    ],
    "n": 7,
    "cr1_region": [
     -0.027940760231471316,
     0.017807583199787584
    ],
    "target_cells_lost_to_collar": 0
   },
   "cross_region": {
    "mean": 0.02378249132072554,
    "pair_cluster_boot": [
     -0.0034033811420569465,
     0.05124600104858602
    ],
    "loro_jackknife_t4": [
     -0.017230976289199843,
     0.06479595893065093
    ],
    "target_cluster_boot": [
     0.009822736303828615,
     0.040440854096634817
    ]
   }
  },
  "5km_blocked_B10": {
   "mean": 0.04228925553027554,
   "per_region": {
    "Manavgat": 0.0346,
    "Bejis": 0.0175,
    "Mugla": 0.049,
    "Evia": 0.0707,
    "Montiferru": 0.0396
   }
  }
 }
}

 B10 means {'regionwide_inc': 0.0949, 'blk_inc': 0.0208, 'loso_inc': 0.0244, 'foreign_inc': 0.0082}
   blk_minus_loso {'mean': np.float64(-0.0036), 'n': 7, 'G': 3, 't_scar': array([-0.07  ,  0.0627]), 'cr1_region_tG-1': array([-0.1479,  0.1406]), 'region_cluster_boot': array([-0.0836,  0.0355])}
   loso_minus_foreign {'mean': np.float64(0.0162), 'n': 7, 'G': 3, 't_scar': array([-0.0612,  0.0936]), 'cr1_region_tG-1': array([-0.1538,  0.1862]), 'region_cluster_boot': array([-0.0222,  0.1815])}
   blk_minus_foreign {'mean': np.float64(0.0125), 'n': 7, 'G': 3, 't_scar': array([-0.0621,  0.0872]), 'cr1_region_tG-1': array([-0.08  ,  0.1051]), 'region_cluster_boot': array([-0.0317,  0.0979])}
   regionwide_minus_blkscar {'mean': np.float64(0.0742), 'n': 7, 'G': 3, 't_scar': array([-0.0087,  0.1571]), 'cr1_region_tG-1': array([-0.0878,  0.2361]), 'region_cluster_boot': array([0.0345, 0.1464])}

 B2 means {'regionwide_inc': 0.117, 'blk_inc': 0.0558, 'loso_inc': 0.0244, 'foreign_inc': 0.0082}
   blk_minus_loso {'mean': np.float64(0.0314), 'n': 7, 'G': 3, 't_scar': array([-0.0269,  0.0898]), 'cr1_region_tG-1': array([-0.0941,  0.157 ]), 'region_cluster_boot': array([-0.0779,  0.0627])}
   loso_minus_foreign {'mean': np.float64(0.0162), 'n': 7, 'G': 3, 't_scar': array([-0.0612,  0.0936]), 'cr1_region_tG-1': array([-0.1538,  0.1862]), 'region_cluster_boot': array([-0.0222,  0.1815])}
   blk_minus_foreign {'mean': np.float64(0.0476), 'n': 7, 'G': 3, 't_scar': array([0.0013, 0.0939]), 'cr1_region_tG-1': array([-0.004 ,  0.0993]), 'region_cluster_boot': array([0.0338, 0.1036])}
   regionwide_minus_blkscar {'mean': np.float64(0.0611), 'n': 7, 'G': 3, 't_scar': array([0.0125, 0.1098]), 'cr1_region_tG-1': array([-0.0042,  0.1265]), 'region_cluster_boot': array([0.0436, 0.0879])}
