manavgat_2021 region_wide {'auc': 0.882, 'pauc01': 0.698, 'ap': 0.577, 'ap_lift': 4.03, 'cap10': 0.435, 'cap10_norm': 0.56, 'cap20': 0.673, 'cap20_norm': 0.591}
manavgat_2021 collar_10km {'auc': 0.812, 'pauc01': 0.647, 'ap': 0.705, 'ap_lift': 2.044, 'cap10': 0.24, 'cap10_norm': 0.739, 'cap20': 0.439, 'cap20_norm': 0.629}
bejis_2022 region_wide {'auc': 0.824, 'pauc01': 0.651, 'ap': 0.298, 'ap_lift': 4.111, 'cap10': 0.445, 'cap10_norm': 0.384, 'cap20': 0.635, 'cap20_norm': 0.543}
bejis_2022 collar_10km {'auc': 0.736, 'pauc01': 0.584, 'ap': 0.4, 'ap_lift': 2.036, 'cap10': 0.265, 'cap10_norm': 0.402, 'cap20': 0.437, 'cap20_norm': 0.297}
mugla_2021 region_wide {'auc': 0.777, 'pauc01': 0.64, 'ap': 0.302, 'ap_lift': 4.328, 'cap10': 0.407, 'cap10_norm': 0.342, 'cap20': 0.581, 'cap20_norm': 0.476}
mugla_2021 collar_10km {'auc': 0.746, 'pauc01': 0.608, 'ap': 0.405, 'ap_lift': 2.597, 'cap10': 0.305, 'cap10_norm': 0.379, 'cap20': 0.478, 'cap20_norm': 0.347}
evia_2021_extended region_wide {'auc': 0.864, 'pauc01': 0.697, 'ap': 0.729, 'ap_lift': 2.543, 'cap10': 0.3, 'cap10_norm': 0.801, 'cap20': 0.523, 'cap20_norm': 0.648}
evia_2021_extended collar_10km {'auc': 0.87, 'pauc01': 0.676, 'ap': 0.852, 'ap_lift': 1.673, 'cap10': 0.183, 'cap10_norm': 0.859, 'cap20': 0.358, 'cap20_norm': 0.822}
montiferru_2021 region_wide {'auc': 0.72, 'pauc01': 0.537, 'ap': 0.356, 'ap_lift': 1.68, 'cap10': 0.189, 'cap10_norm': 0.24, 'cap20': 0.373, 'cap20_norm': 0.232}
montiferru_2021 collar_10km {'auc': 0.717, 'pauc01': 0.535, 'ap': 0.358, 'ap_lift': 1.655, 'cap10': 0.186, 'cap10_norm': 0.236, 'cap20': 0.369, 'cap20_norm': 0.234}
               region        frame  prevalence    auc  pauc01     ap  ap_lift  cap10  cap10_norm  cap20  cap20_norm
0       manavgat_2021  region_wide       0.143  0.882   0.698  0.577    4.030  0.435       0.560  0.673       0.591
1       manavgat_2021  collar_10km       0.345  0.812   0.647  0.705    2.044  0.240       0.739  0.439       0.629
2          bejis_2022  region_wide       0.072  0.824   0.651  0.298    4.111  0.445       0.384  0.635       0.543
3          bejis_2022  collar_10km       0.196  0.736   0.584  0.400    2.036  0.265       0.402  0.437       0.297
4          mugla_2021  region_wide       0.070  0.777   0.640  0.302    4.328  0.407       0.342  0.581       0.476
5          mugla_2021  collar_10km       0.156  0.746   0.608  0.405    2.597  0.305       0.379  0.478       0.347
6  evia_2021_extended  region_wide       0.287  0.864   0.697  0.729    2.543  0.300       0.801  0.523       0.648
7  evia_2021_extended  collar_10km       0.509  0.870   0.676  0.852    1.673  0.183       0.859  0.358       0.822
8     montiferru_2021  region_wide       0.212  0.720   0.537  0.356    1.680  0.189       0.240  0.373       0.232
9     montiferru_2021  collar_10km       0.216  0.717   0.535  0.358    1.655  0.186       0.236  0.369       0.234
               region  scar  prevalence    auc  pauc01     ap  ap_lift  cap10  cap10_norm  cap20  cap20_norm
0       manavgat_2021     1       0.740  0.743   0.598  0.886    1.197  0.128       0.811  0.253       0.752
1          bejis_2022     1       0.664  0.575   0.504  0.708    1.066  0.111       0.215  0.230       0.296
2          mugla_2021     6       0.722  0.564   0.506  0.753    1.043  0.107       0.188  0.216       0.202
3          mugla_2021     1       0.593  0.654   0.524  0.702    1.184  0.127       0.399  0.241       0.300
4          mugla_2021    10       0.680  0.673   0.579  0.822    1.209  0.139       0.834  0.263       0.668
5          mugla_2021     8       0.574  0.761   0.629  0.810    1.410  0.162       0.842  0.316       0.781
6  evia_2021_extended     1       0.867  0.745   0.552  0.937    1.081  0.109       0.559  0.219       0.633
7     montiferru_2021     1       0.583  0.622   0.509  0.666    1.143  0.106       0.089  0.231       0.215
8     montiferru_2021     5       0.344  0.461   0.487  0.313    0.910  0.060      -0.211  0.149      -0.133
nine_scars
  auc         drop +0.147 scar-t [+0.086,+0.208] region-cl [+0.090,+0.230]
  pauc01      drop +0.088 scar-t [+0.048,+0.128] region-cl [+0.045,+0.159]
  ap          drop -0.342 scar-t [-0.477,-0.206] region-cl [-0.479,-0.134]
  ap_lift     drop +2.346 scar-t [+1.499,+3.193] region-cl [+0.849,+3.595]
  cap10       drop +0.238 scar-t [+0.172,+0.303] region-cl [+0.127,+0.358]
  cap10_norm  drop -0.015 scar-t [-0.272,+0.242] region-cl [-0.281,+0.376]
  cap20       drop +0.309 scar-t [+0.241,+0.377] region-cl [+0.209,+0.444]
  cap20_norm  drop +0.049 scar-t [-0.131,+0.228] region-cl [-0.148,+0.260]
eight_scars_table2
  auc         drop +0.134 scar-t [+0.072,+0.196] region-cl [+0.091,+0.184]
  pauc01      drop +0.080 scar-t [+0.038,+0.122] region-cl [+0.020,+0.162]
  ap          drop -0.333 scar-t [-0.489,-0.178] region-cl [-0.512,-0.049]
  ap_lift     drop +2.259 scar-t [+1.302,+3.215] region-cl [+0.169,+3.863]
  cap10       drop +0.225 scar-t [+0.156,+0.295] region-cl [+0.077,+0.362]
  cap10_norm  drop -0.038 scar-t [-0.330,+0.255] region-cl [-0.453,+0.487]
  cap20       drop +0.297 scar-t [+0.225,+0.370] region-cl [+0.152,+0.462]
  cap20_norm  drop +0.024 scar-t [-0.174,+0.221] region-cl [-0.222,+0.238]
                            auc  pauc01     ap  ap_lift  cap10  cap10_norm  cap20  cap20_norm  prevalence  directions  pauc01_above_0_5
a1_trim_src10km|baseline  0.529   0.501  0.196    1.087  0.096       0.008  0.197       0.003       0.174        20.0              10.0
a1_trim_src10km|thermal   0.540   0.508  0.212    1.170  0.110       0.054  0.212       0.027       0.174        20.0              11.0
a1_trim_srcfull|baseline  0.516   0.501  0.195    1.078  0.092      -0.001  0.192      -0.003       0.174        20.0               9.0
a1_trim_srcfull|thermal   0.520   0.502  0.199    1.087  0.094       0.011  0.191      -0.006       0.174        20.0               8.0
a2_aoa_src10km|baseline   0.556   0.503  0.186    1.245  0.106       0.033  0.233       0.050       0.152        20.0              10.0
a2_aoa_src10km|thermal    0.574   0.510  0.206    1.374  0.118       0.068  0.256       0.083       0.152        20.0              11.0
a2_aoa_srcfull|baseline   0.544   0.507  0.198    1.215  0.105       0.022  0.215       0.021       0.162        20.0              10.0
a2_aoa_srcfull|thermal    0.550   0.508  0.208    1.229  0.111       0.049  0.229       0.045       0.162        20.0              11.0
b_10km_win20|baseline     0.497   0.517  0.438    1.003  0.089       0.127  0.180       0.086       0.409        20.0               9.0
b_10km_win20|thermal      0.490   0.516  0.439    1.002  0.088       0.142  0.174       0.075       0.409        20.0              10.0
b_full_win20|baseline     0.496   0.513  0.429    0.996  0.083       0.079  0.170       0.039       0.409        20.0               9.0
b_full_win20|thermal      0.493   0.518  0.435    1.009  0.088       0.115  0.171       0.053       0.409        20.0              10.0
b_win15_win15|baseline    0.519   0.503  0.617    1.021  0.103       0.044  0.203       0.048       0.604        12.0               6.0
b_win15_win15|thermal     0.509   0.509  0.611    1.009  0.098       0.025  0.204       0.054       0.604        12.0               5.0
b_win20_win20|baseline    0.469   0.502  0.412    0.986  0.085      -0.025  0.167      -0.079       0.409        20.0               9.0
b_win20_win20|thermal     0.482   0.504  0.424    0.992  0.086       0.069  0.175       0.023       0.409        20.0               9.0
ref_10km_10km|baseline    0.565   0.510  0.329    1.152  0.116       0.077  0.225       0.073       0.285        20.0              12.0
ref_10km_10km|thermal     0.589   0.516  0.347    1.224  0.121       0.117  0.237       0.098       0.285        20.0              13.0
ref_full_full|baseline    0.519   0.505  0.177    1.128  0.107       0.015  0.206       0.012       0.157        20.0               9.0
ref_full_full|thermal     0.527   0.505  0.181    1.133  0.103       0.020  0.199       0.004       0.157        20.0              11.0
