[      0s] manavgat_2021 scars [(1, 3965, 2935)]
[      0s] bejis_2022 scars [(1, 1657, 1100)]
[      0s] mugla_2021 scars [(6, 1266, 914), (1, 1244, 738), (10, 940, 639), (8, 954, 548)]
[      0s] evia_2021_extended scars [(1, 3059, 2653)]
[      0s] montiferru_2021 scars [(1, 758, 442), (5, 195, 67)]
[     12s] blocked full 10 manavgat_2021 0.8203 0.8822 +0.0619
[     24s] blocked full 2 manavgat_2021 0.8412 0.9081 +0.0669
[     31s] blocked full 10 bejis_2022 0.7794 0.8245 +0.0451
[     39s] blocked full 2 bejis_2022 0.8617 0.9178 +0.0561
[     60s] blocked full 10 mugla_2021 0.6980 0.7773 +0.0793
[     83s] blocked full 2 mugla_2021 0.7433 0.8590 +0.1157
[     90s] blocked full 10 evia_2021_extended 0.7160 0.8642 +0.1482
[     97s] blocked full 2 evia_2021_extended 0.7590 0.9122 +0.1533
[    100s] blocked full 10 montiferru_2021 0.6204 0.7199 +0.0995
[    104s] blocked full 2 montiferru_2021 0.7812 0.8826 +0.1014
[    110s] blocked 10km 10 manavgat_2021 0.7400 0.8133 +0.0733
[    116s] blocked 10km 2 manavgat_2021 0.7759 0.8628 +0.0869
[    121s] blocked 10km 10 bejis_2022 0.7100 0.7398 +0.0298
[    125s] blocked 10km 2 bejis_2022 0.8233 0.8688 +0.0455
[    136s] blocked 10km 10 mugla_2021 0.6759 0.7634 +0.0875
[    147s] blocked 10km 2 mugla_2021 0.7217 0.8392 +0.1176
[    151s] blocked 10km 10 evia_2021_extended 0.7614 0.8949 +0.1336
[    156s] blocked 10km 2 evia_2021_extended 0.8143 0.9302 +0.1160
[    159s] blocked 10km 10 montiferru_2021 0.6306 0.7201 +0.0895
[    162s] blocked 10km 2 montiferru_2021 0.7817 0.8728 +0.0911
[    167s] blocked 5km 10 manavgat_2021 0.7346 0.7692 +0.0346
[    170s] blocked 5km 10 bejis_2022 0.6843 0.7018 +0.0175
[    177s] blocked 5km 10 mugla_2021 0.6776 0.7266 +0.0490
[    180s] blocked 5km 10 evia_2021_extended 0.8112 0.8819 +0.0707
[    183s] blocked 5km 10 montiferru_2021 0.6766 0.7163 +0.0396
[    188s] loso full mugla_2021 6 +0.0250 lost 0
[    192s] loso full mugla_2021 1 -0.0441 lost 0
[    197s] loso full mugla_2021 10 +0.0445 lost 0
[    202s] loso full mugla_2021 8 +0.0123 lost 0
[    202s] loso full evia_2021_extended 1 +0.1433 lost 0
[    203s] loso full montiferru_2021 1 +0.0600 lost 0
[    204s] loso full montiferru_2021 5 -0.0700 lost 0
[    206s] loso 10km mugla_2021 6 +0.0193 lost 0
[    208s] loso 10km mugla_2021 1 -0.0190 lost 0
[    210s] loso 10km mugla_2021 10 +0.0620 lost 0
[    213s] loso 10km mugla_2021 8 -0.0607 lost 0
[    213s] loso 10km evia_2021_extended 1 -0.0261 lost 0
[    214s] loso 10km montiferru_2021 1 +0.0557 lost 0
[    215s] loso 10km montiferru_2021 5 -0.0667 lost 0
[    216s] half full manavgat_2021 east_west low_to_high -0.0320
[    217s] half full manavgat_2021 east_west high_to_low +0.0747
[    218s] half full bejis_2022 east_west low_to_high -0.0345
[    219s] half full bejis_2022 east_west high_to_low +0.0176
[    220s] half full bejis_2022 north_south low_to_high +0.0509
[    221s] half full bejis_2022 north_south high_to_low -0.0106
[    223s] half full mugla_2021 east_west low_to_high +0.0706
[    226s] half full mugla_2021 east_west high_to_low +0.0082
[    228s] half full mugla_2021 north_south low_to_high +0.0304
[    231s] half full mugla_2021 north_south high_to_low -0.2551
[    232s] half full evia_2021_extended east_west low_to_high +0.0836
[    233s] half full evia_2021_extended east_west high_to_low +0.1636
[    233s] half full evia_2021_extended north_south low_to_high +0.1358
[    234s] half full evia_2021_extended north_south high_to_low +0.0378
[    235s] half full montiferru_2021 east_west low_to_high +0.0146
[    236s] half full montiferru_2021 east_west high_to_low -0.0067
[    236s] half full montiferru_2021 north_south low_to_high +0.0714
[    237s] half full montiferru_2021 north_south high_to_low +0.0891
[    238s] half 10km manavgat_2021 east_west low_to_high +0.0214
[    239s] half 10km manavgat_2021 east_west high_to_low +0.0474
[    239s] half 10km manavgat_2021 north_south low_to_high +0.0539
[    240s] half 10km manavgat_2021 north_south high_to_low +0.0845
[    241s] half 10km bejis_2022 east_west low_to_high -0.0057
[    242s] half 10km bejis_2022 east_west high_to_low +0.0659
[    242s] half 10km bejis_2022 north_south low_to_high +0.0623
[    243s] half 10km bejis_2022 north_south high_to_low +0.0015
[    245s] half 10km mugla_2021 east_west low_to_high +0.1153
[    246s] half 10km mugla_2021 east_west high_to_low +0.0109
[    247s] half 10km mugla_2021 north_south low_to_high +0.0878
[    248s] half 10km mugla_2021 north_south high_to_low -0.0640
[    249s] half 10km evia_2021_extended east_west low_to_high +0.0173
[    250s] half 10km evia_2021_extended east_west high_to_low +0.0966
[    250s] half 10km evia_2021_extended north_south low_to_high +0.0358
[    251s] half 10km evia_2021_extended north_south high_to_low -0.0074
[    252s] half 10km montiferru_2021 east_west low_to_high +0.0186
[    252s] half 10km montiferru_2021 east_west high_to_low -0.0020
[    253s] half 10km montiferru_2021 north_south low_to_high +0.0506
[    253s] half 10km montiferru_2021 north_south high_to_low +0.0843
[    265s] foreign done manavgat_2021
[    266s] foreign done bejis_2022
[    267s] foreign done mugla_2021
[    268s] foreign done evia_2021_extended
[    268s] foreign done montiferru_2021
[    268s] wrote ladder_raw.json
