manavgat_2021          full n= 20511  <=10km n=  8507  positives kept 2935/2935
bejis_2022             full n= 15190  <=10km n=  5601  positives kept 1100/1100
mugla_2021             full n= 41730  <=10km n= 18674  positives kept 2911/2911
evia_2021_extended     full n=  9298  <=10km n=  5232  positives kept 2664/2664
montiferru_2021        full n=  2544  <=10km n=  2490  positives kept 539/539

=== frame src=full tgt=full ===
  mean thermal AUC 0.5267   above chance 13/20   below 7
  mean baseline AUC 0.5194   paired delta +0.0073

=== frame src=full tgt=10km ===
  mean thermal AUC 0.5594   above chance 14/20   below 6
  mean baseline AUC 0.5513   paired delta +0.0080

=== frame src=10km tgt=full ===
  mean thermal AUC 0.5462   above chance 14/20   below 6
  mean baseline AUC 0.5323   paired delta +0.0139

=== frame src=10km tgt=10km ===
  mean thermal AUC 0.5891   above chance 15/20   below 5
  mean baseline AUC 0.5653   paired delta +0.0238

=== frame src=5km tgt=5km ===
  mean thermal AUC 0.5906   above chance 16/20   below 4
  mean baseline AUC 0.5739   paired delta +0.0168

==========================================================================
SUMMARY
==========================================================================
 src frame  tgt frame  mean AUC   >0.5  baseline    delta
      full       full    0.5267   13/20    0.5194  +0.0073
      full       10km    0.5594   14/20    0.5513  +0.0080
      10km       full    0.5462   14/20    0.5323  +0.0139
      10km       10km    0.5891   15/20    0.5653  +0.0238
       5km        5km    0.5906   16/20    0.5739  +0.0168

REFERENCE ARM vs frozen values (paper Table 4: mean 0.541, 14/20):
  reproduced mean 0.5267, above chance 13/20
  manavgat->bejis 0.3964  (frozen 0.326)

PER-DIRECTION, full/full vs 10km/10km:
                                        full  collar10  change
direction                                                     
bejis_2022_to_manavgat_2021            0.314     0.452   0.138
mugla_2021_to_manavgat_2021            0.345     0.433   0.088
bejis_2022_to_evia_2021_extended       0.383     0.602   0.219
manavgat_2021_to_bejis_2022            0.396     0.407   0.010
montiferru_2021_to_manavgat_2021       0.404     0.497   0.093
manavgat_2021_to_mugla_2021            0.438     0.493   0.055
evia_2021_extended_to_bejis_2022       0.448     0.521   0.073
manavgat_2021_to_montiferru_2021       0.518     0.627   0.109
mugla_2021_to_montiferru_2021          0.531     0.549   0.018
montiferru_2021_to_bejis_2022          0.548     0.624   0.076
evia_2021_extended_to_mugla_2021       0.577     0.637   0.060
mugla_2021_to_bejis_2022               0.583     0.601   0.017
montiferru_2021_to_evia_2021_extended  0.586     0.700   0.114
bejis_2022_to_montiferru_2021          0.594     0.669   0.076
bejis_2022_to_mugla_2021               0.618     0.631   0.013
montiferru_2021_to_mugla_2021          0.619     0.603  -0.016
evia_2021_extended_to_montiferru_2021  0.647     0.710   0.063
mugla_2021_to_evia_2021_extended       0.653     0.728   0.074
manavgat_2021_to_evia_2021_extended    0.654     0.704   0.050
evia_2021_extended_to_manavgat_2021    0.677     0.594  -0.083

  directions below chance: full 7, collar10 5

wrote paper/labelfix_rerun/code/_staging/frozen_mugla_verify_aoi_transfer.csv
