loading regions...
  manavgat_2021: n=20511 burned=2935 prev=0.1431
  bejis_2022: n=15190 burned=1100 prev=0.0724
  mugla_2021: n=41730 burned=2911 prev=0.0698
  evia_2021_extended: n=9298 burned=2664 prev=0.2865
  montiferru_2021: n=2544 burned=539 prev=0.2119
manavgat_2021 raw          baseline AUC=0.5142 [0.4627,0.5634] PR=0.1442 (no-skill 0.143) Brier=0.2069 (11s)
manavgat_2021 raw          thermal  AUC=0.4262 [0.3686,0.4857] PR=0.1215 (no-skill 0.143) Brier=0.1982 (13s)
manavgat_2021 regionwise_z baseline AUC=0.5009 [0.4567,0.5499] PR=0.1392 (no-skill 0.143) Brier=0.2017 (11s)
manavgat_2021 regionwise_z thermal  AUC=0.4872 [0.4362,0.5415] PR=0.1373 (no-skill 0.143) Brier=0.2014 (14s)
bejis_2022 raw          baseline AUC=0.4031 [0.3358,0.4749] PR=0.0556 (no-skill 0.072) Brier=0.1194 (9s)
bejis_2022 raw          thermal  AUC=0.4584 [0.3958,0.5216] PR=0.0603 (no-skill 0.072) Brier=0.1224 (12s)
bejis_2022 regionwise_z baseline AUC=0.4030 [0.3451,0.4645] PR=0.0576 (no-skill 0.072) Brier=0.1814 (11s)
bejis_2022 regionwise_z thermal  AUC=0.4758 [0.4380,0.5196] PR=0.0655 (no-skill 0.072) Brier=0.1729 (14s)
mugla_2021 raw          baseline AUC=0.5220 [0.4521,0.5875] PR=0.0752 (no-skill 0.070) Brier=0.1841 (16s)
mugla_2021 raw          thermal  AUC=0.5058 [0.4279,0.5866] PR=0.0734 (no-skill 0.070) Brier=0.1792 (16s)
mugla_2021 regionwise_z baseline AUC=0.5494 [0.5210,0.5764] PR=0.0775 (no-skill 0.070) Brier=0.1935 (15s)
mugla_2021 regionwise_z thermal  AUC=0.4900 [0.4414,0.5375] PR=0.0714 (no-skill 0.070) Brier=0.1745 (17s)
evia_2021_extended raw          baseline AUC=0.6394 [0.5953,0.6763] PR=0.3759 (no-skill 0.287) Brier=0.2138 (8s)
evia_2021_extended raw          thermal  AUC=0.7148 [0.6680,0.7571] PR=0.4528 (no-skill 0.287) Brier=0.1853 (11s)
evia_2021_extended regionwise_z baseline AUC=0.4758 [0.4255,0.5323] PR=0.2759 (no-skill 0.287) Brier=0.2720 (8s)
evia_2021_extended regionwise_z thermal  AUC=0.4421 [0.3795,0.5145] PR=0.2662 (no-skill 0.287) Brier=0.2995 (12s)
montiferru_2021 raw          baseline AUC=0.5775 [0.4889,0.6710] PR=0.2434 (no-skill 0.212) Brier=0.2372 (7s)
montiferru_2021 raw          thermal  AUC=0.5599 [0.4833,0.6334] PR=0.2345 (no-skill 0.212) Brier=0.1894 (10s)
montiferru_2021 regionwise_z baseline AUC=0.5199 [0.4725,0.5621] PR=0.2153 (no-skill 0.212) Brier=0.1820 (7s)
montiferru_2021 regionwise_z thermal  AUC=0.4956 [0.4433,0.5411] PR=0.2148 (no-skill 0.212) Brier=0.1811 (11s)
written paper/labelfix_rerun/code/loro_all.json
