manavgat_2021          full n= 20511  <=10km n=  8193  positives kept 784/784
bejis_2022             full n= 15190  <=10km n=  5601  positives kept 1100/1100
mugla_2021             full n= 41730  <=10km n= 18674  positives kept 2911/2911
evia_2021_extended     full n=  9298  <=10km n=  5232  positives kept 2664/2664
montiferru_2021        full n=  2544  <=10km n=  2490  positives kept 539/539

=== frame src=full tgt=full ===
  mean thermal AUC 0.5414   above chance 14/20   below 6
  mean baseline AUC 0.5371   paired delta +0.0042

=== frame src=full tgt=10km ===
  mean thermal AUC 0.5773   above chance 17/20   below 3
  mean baseline AUC 0.5731   paired delta +0.0042

=== frame src=10km tgt=full ===
  mean thermal AUC 0.5697   above chance 17/20   below 3
  mean baseline AUC 0.5564   paired delta +0.0133

=== frame src=10km tgt=10km ===
  mean thermal AUC 0.6155   above chance 19/20   below 1
  mean baseline AUC 0.5932   paired delta +0.0223

=== frame src=5km tgt=5km ===
  mean thermal AUC 0.6102   above chance 19/20   below 1
  mean baseline AUC 0.5937   paired delta +0.0165

==========================================================================
SUMMARY
==========================================================================
 src frame  tgt frame  mean AUC   >0.5  baseline    delta
      full       full    0.5414   14/20    0.5371  +0.0042
      full       10km    0.5773   17/20    0.5731  +0.0042
      10km       full    0.5697   17/20    0.5564  +0.0133
      10km       10km    0.6155   19/20    0.5932  +0.0223
       5km        5km    0.6102   19/20    0.5937  +0.0165

REFERENCE ARM vs frozen values (paper Table 4: mean 0.541, 14/20):
  reproduced mean 0.5414, above chance 14/20
  manavgat->bejis 0.3258  (frozen 0.326)

PER-DIRECTION, full/full vs 10km/10km:
                                        full  collar10  change
direction                                                     
manavgat_2021_to_bejis_2022            0.326     0.380   0.054
bejis_2022_to_evia_2021_extended       0.383     0.602   0.219
mugla_2021_to_manavgat_2021            0.401     0.516   0.115
bejis_2022_to_manavgat_2021            0.444     0.603   0.160
evia_2021_extended_to_bejis_2022       0.448     0.521   0.073
manavgat_2021_to_mugla_2021            0.470     0.560   0.090
mugla_2021_to_montiferru_2021          0.531     0.549   0.018
manavgat_2021_to_montiferru_2021       0.533     0.610   0.076
montiferru_2021_to_bejis_2022          0.548     0.624   0.076
montiferru_2021_to_manavgat_2021       0.567     0.656   0.089
evia_2021_extended_to_mugla_2021       0.577     0.637   0.060
mugla_2021_to_bejis_2022               0.583     0.601   0.017
montiferru_2021_to_evia_2021_extended  0.586     0.700   0.114
bejis_2022_to_montiferru_2021          0.594     0.669   0.076
manavgat_2021_to_evia_2021_extended    0.613     0.727   0.114
bejis_2022_to_mugla_2021               0.618     0.631   0.013
montiferru_2021_to_mugla_2021          0.619     0.603  -0.016
evia_2021_extended_to_montiferru_2021  0.647     0.710   0.063
mugla_2021_to_evia_2021_extended       0.653     0.728   0.074
evia_2021_extended_to_manavgat_2021    0.686     0.684  -0.002

  directions below chance: full 6, collar10 1

wrote paper/canonical_rerun/_staging/aoi_frame_transfer.csv
