2026-09-23 15:14:56,676 INFO     ============================================================
2026-09-23 15:14:56,677 INFO     STEP 5 BAŞLIYOR (windowed/chunked işleme) [experiment=manavgat_2021]
2026-09-23 15:14:56,677 INFO     ============================================================
2026-09-23 15:14:56,677 INFO     Baseline LST listesi EXPLICIT olarak verildi (4 dosya); Step4 metadata araması ve klasör taraması atlandı.
2026-09-23 15:14:56,682 INFO     Baseline sahne sayısı: 4
2026-09-23 15:14:56,682 INFO     Raster boyutu: 2970x2338
2026-09-23 15:14:56,682 INFO     Pencere boyutu: 512 px (30 pencere)
2026-09-23 15:14:56,682 INFO     Minimum geçerli baseline gözlem sayısı: 3
2026-09-23 15:14:56,682 INFO     Pencere başına yaklaşık baseline stack belleği: 4.0 MB
2026-09-23 15:14:56,798 INFO     Pencere işlendi: 1/30
2026-09-23 15:14:57,606 INFO     Pencere işlendi: 10/30
2026-09-23 15:14:58,518 INFO     Pencere işlendi: 20/30
2026-09-23 15:14:59,259 INFO     Pencere işlendi: 30/30
2026-09-23 15:14:59,301 INFO     Baseline ortalaması: 34.65 C
2026-09-23 15:14:59,301 INFO     Baseline standart sapması: 1.61 C
2026-09-23 15:14:59,301 INFO     Current period ortalaması: 34.53 C
2026-09-23 15:14:59,301 INFO     Geçerli anomali kapsaması: 70.1%
2026-09-23 15:14:59,301 INFO     Anomali ortalaması: -0.07 sigma
2026-09-23 15:14:59,301 INFO     Anomali aralığı: [-10.53, 15.70] sigma
2026-09-23 15:14:59,301 INFO     Metadata kaydedildi: C:\Users\CORSAIR\projects\thermal-twin\refreeze\_control_frozenlabel\outputs\diagnostics\window_closure_sensitivity\manavgat_2021\variants\close_7d_earlier\downstream\step5\step5_metadata.json
2026-09-23 15:14:59,301 INFO     Çıktı klasörü: C:\Users\CORSAIR\projects\thermal-twin\refreeze\_control_frozenlabel\outputs\diagnostics\window_closure_sensitivity\manavgat_2021\variants\close_7d_earlier\downstream\step5
2026-09-23 15:14:59,301 INFO     ============================================================
2026-09-23 15:14:59,301 INFO     STEP 5 TAMAMLANDI
2026-09-23 15:14:59,302 INFO     [experiment=manavgat_2021] Step5C ctx override aktif. OUTPUT_DIR=C:\Users\CORSAIR\projects\thermal-twin\refreeze\_control_frozenlabel\outputs\diagnostics\window_closure_sensitivity\manavgat_2021\variants\close_7d_earlier\downstream\step5c, CURRENT_LST_PATH=C:\Users\CORSAIR\projects\thermal-twin\refreeze\_control_frozenlabel\outputs\diagnostics\window_closure_sensitivity\manavgat_2021\variants\close_7d_earlier\downstream\step5\current_period_median_celsius.tif
2026-09-23 15:14:59,302 INFO     ============================================================
2026-09-23 15:14:59,303 INFO     STEP 5C BAŞLIYOR (TVDI - basit/ilk sürüm)
2026-09-23 15:14:59,303 INFO     ============================================================
2026-09-23 15:14:59,303 INFO     Current LST: current_period_median_celsius.tif
2026-09-23 15:14:59,303 INFO     Current NDVI: current_ndvi_median.tif
2026-09-23 15:14:59,303 INFO     Baseline NDVI pencere sayısı: 4
2026-09-23 15:14:59,303 INFO     Birinci geçiş: LST-NDVI scatter edge örnekleri toplanıyor.
2026-09-23 15:14:59,875 INFO     Geçerli edge üretilen NDVI bin sayısı: 18/20
2026-09-23 15:14:59,875 INFO     TVDI edge diagnostik CSV: C:\Users\CORSAIR\projects\thermal-twin\refreeze\_control_frozenlabel\outputs\diagnostics\window_closure_sensitivity\manavgat_2021\variants\close_7d_earlier\downstream\step5c\tvdi_edge_diagnostics.csv
2026-09-23 15:14:59,876 INFO     TVDI edge diagnostik plot: C:\Users\CORSAIR\projects\thermal-twin\refreeze\_control_frozenlabel\outputs\diagnostics\window_closure_sensitivity\manavgat_2021\variants\close_7d_earlier\downstream\step5c\tvdi_edge_diagnostics.png
2026-09-23 15:14:59,876 INFO     Edge span sorunlu binler: dry<=wet=0, span<1.00C=0
2026-09-23 15:14:59,876 INFO     İkinci geçiş: current TVDI hesaplanıyor.
2026-09-23 15:15:00,808 INFO     Baseline TVDI mean/std ve z-score hesaplanıyor.
2026-09-23 15:15:04,443 INFO     Current TVDI ortalaması: 0.482
2026-09-23 15:15:04,443 INFO     TVDI z-score ortalaması: -1.067
2026-09-23 15:15:04,443 INFO     Metadata: C:\Users\CORSAIR\projects\thermal-twin\refreeze\_control_frozenlabel\outputs\diagnostics\window_closure_sensitivity\manavgat_2021\variants\close_7d_earlier\downstream\step5c\step5c_metadata.json
2026-09-23 15:15:04,443 INFO     Çıktı klasörü: C:\Users\CORSAIR\projects\thermal-twin\refreeze\_control_frozenlabel\outputs\diagnostics\window_closure_sensitivity\manavgat_2021\variants\close_7d_earlier\downstream\step5c
2026-09-23 15:15:04,443 INFO     ============================================================
2026-09-23 15:15:04,443 INFO     STEP 5C TAMAMLANDI
2026-09-23 15:15:04,447 INFO     [experiment=manavgat_2021] Step7A ctx override aktif. output_dir=C:\Users\CORSAIR\projects\thermal-twin\refreeze\_control_frozenlabel\outputs\diagnostics\window_closure_sensitivity\manavgat_2021\variants\close_7d_earlier\downstream\step7a, reference_raster=C:\Users\CORSAIR\projects\thermal-twin\refreeze\_control_frozenlabel\outputs\diagnostics\window_closure_sensitivity\manavgat_2021\variants\close_7d_earlier\downstream\step5\current_period_median_celsius.tif
2026-09-23 15:15:04,447 INFO     ============================================================
2026-09-23 15:15:04,448 INFO     STEP 7A BAŞLIYOR (tiling infrastructure test)
2026-09-23 15:15:04,448 INFO     ============================================================
2026-09-23 15:15:04,448 INFO     Referans raster: C:\Users\CORSAIR\projects\thermal-twin\refreeze\_control_frozenlabel\outputs\diagnostics\window_closure_sensitivity\manavgat_2021\variants\close_7d_earlier\downstream\step5\current_period_median_celsius.tif
2026-09-23 15:15:05,295 INFO     Yeniden birleştirme tamamlandı: C:\Users\CORSAIR\projects\thermal-twin\refreeze\_control_frozenlabel\outputs\diagnostics\window_closure_sensitivity\manavgat_2021\variants\close_7d_earlier\downstream\step7a\tiling_test_reconstructed.tif
2026-09-23 15:15:05,865 INFO     Tiling testi tamamlandı: passed=True
2026-09-23 15:15:05,866 INFO     Özet: C:\Users\CORSAIR\projects\thermal-twin\refreeze\_control_frozenlabel\outputs\diagnostics\window_closure_sensitivity\manavgat_2021\variants\close_7d_earlier\downstream\step7a\tiling_test_summary.md
2026-09-23 15:15:05,866 INFO     ============================================================
2026-09-23 15:15:05,866 INFO     STEP 7A TAMAMLANDI
2026-09-23 15:15:05,866 INFO     [experiment=manavgat_2021] Step7B ctx override aktif. output_dir=C:\Users\CORSAIR\projects\thermal-twin\refreeze\_control_frozenlabel\outputs\diagnostics\window_closure_sensitivity\manavgat_2021\variants\close_7d_earlier\downstream\step7b
2026-09-23 15:15:05,866 INFO     ============================================================
2026-09-23 15:15:05,866 INFO     STEP 7B BAŞLIYOR (MODIS downscaling training dataset) [experiment=manavgat_2021]
2026-09-23 15:15:05,866 INFO     ============================================================
2026-09-23 15:15:05,867 INFO     Target: C:\Users\CORSAIR\projects\thermal-twin\refreeze\_control_frozenlabel\outputs\diagnostics\window_closure_sensitivity\manavgat_2021\variants\close_7d_earlier\downstream\step5\current_period_median_celsius.tif (band 1)
2026-09-23 15:15:05,867 INFO     Core features: ['modis_lst_mean_celsius', 'modis_lst_std_celsius', 'ndvi', 'elevation', 'slope', 'landcover'] | Optional used: ['anomaly_zscore', 'current_tvdi', 'tvdi_difference'] | Optional missing: []
2026-09-23 15:15:05,871 INFO     Deney-farkında girdi hizalama başlıyor (aligned_inputs/)...
2026-09-23 15:15:06,574 INFO     [align] modis_lst_mean_celsius: kaynak 71x90 (EPSG:4326) -> referans 2338x2970, resampling=bilinear, hizalı geçerli piksel oranı=0.9215 -> C:\Users\CORSAIR\projects\thermal-twin\refreeze\_control_frozenlabel\outputs\diagnostics\window_closure_sensitivity\manavgat_2021\variants\close_7d_earlier\downstream\step7b\aligned_inputs\modis_lst_mean_celsius.tif
2026-09-23 15:15:07,229 INFO     [align] modis_lst_std_celsius: kaynak 71x90 (EPSG:4326) -> referans 2338x2970, resampling=bilinear, hizalı geçerli piksel oranı=0.9215 -> C:\Users\CORSAIR\projects\thermal-twin\refreeze\_control_frozenlabel\outputs\diagnostics\window_closure_sensitivity\manavgat_2021\variants\close_7d_earlier\downstream\step7b\aligned_inputs\modis_lst_std_celsius.tif
2026-09-23 15:15:08,273 INFO     [align-overlap] modis_lst_mean_celsius: target ile örtüşen geçerli piksel=6142901 (target geçerli piksellerinin 0.9185'ü)
2026-09-23 15:15:08,436 INFO     [align-overlap] modis_lst_std_celsius: target ile örtüşen geçerli piksel=6142901 (target geçerli piksellerinin 0.9185'ü)
2026-09-23 15:15:08,525 INFO     [align-overlap] ndvi: target ile örtüşen geçerli piksel=6688247 (target geçerli piksellerinin 1.0000'ü)
2026-09-23 15:15:08,653 INFO     [align-overlap] elevation: target ile örtüşen geçerli piksel=6688247 (target geçerli piksellerinin 1.0000'ü)
2026-09-23 15:15:08,776 INFO     [align-overlap] slope: target ile örtüşen geçerli piksel=6688247 (target geçerli piksellerinin 1.0000'ü)
2026-09-23 15:15:08,824 INFO     [align-overlap] landcover: target ile örtüşen geçerli piksel=6688247 (target geçerli piksellerinin 1.0000'ü)
2026-09-23 15:15:08,960 INFO     [align-overlap] anomaly_zscore: target ile örtüşen geçerli piksel=4869605 (target geçerli piksellerinin 0.7281'ü)
2026-09-23 15:15:09,101 INFO     [align-overlap] current_tvdi: target ile örtüşen geçerli piksel=6557854 (target geçerli piksellerinin 0.9805'ü)
2026-09-23 15:15:09,248 INFO     [align-overlap] tvdi_difference: target ile örtüşen geçerli piksel=6544069 (target geçerli piksellerinin 0.9784'ü)
2026-09-23 15:15:25,145 INFO     Final sample count: 500000
2026-09-23 15:15:25,145 INFO     Stats: C:\Users\CORSAIR\projects\thermal-twin\refreeze\_control_frozenlabel\outputs\diagnostics\window_closure_sensitivity\manavgat_2021\variants\close_7d_earlier\downstream\step7b\downscaling_dataset_stats.json
2026-09-23 15:15:25,145 INFO     Summary: C:\Users\CORSAIR\projects\thermal-twin\refreeze\_control_frozenlabel\outputs\diagnostics\window_closure_sensitivity\manavgat_2021\variants\close_7d_earlier\downstream\step7b\downscaling_dataset_summary.md
2026-09-23 15:15:25,145 INFO     ============================================================
2026-09-23 15:15:25,145 INFO     STEP 7B TAMAMLANDI (no model trained)
2026-09-23 15:15:25,145 INFO     ============================================================
2026-09-23 15:15:25,151 INFO     [experiment=manavgat_2021] Step7C ctx override aktif. output_dir=C:\Users\CORSAIR\projects\thermal-twin\refreeze\_control_frozenlabel\outputs\diagnostics\window_closure_sensitivity\manavgat_2021\variants\close_7d_earlier\downstream\step7c, input_path=C:\Users\CORSAIR\projects\thermal-twin\refreeze\_control_frozenlabel\outputs\diagnostics\window_closure_sensitivity\manavgat_2021\variants\close_7d_earlier\downstream\step7b\downscaling_training_samples.parquet
2026-09-23 15:15:25,151 INFO     ============================================================
2026-09-23 15:15:25,151 INFO     STEP 7C BAŞLIYOR (pure MODIS->Landsat LST downscaling model)
2026-09-23 15:15:25,151 INFO     ============================================================
2026-09-23 15:15:25,177 INFO     Özel girdi kullanıldı: C:\Users\CORSAIR\projects\thermal-twin\refreeze\_control_frozenlabel\outputs\diagnostics\window_closure_sensitivity\manavgat_2021\variants\close_7d_earlier\downstream\step7b\downscaling_training_samples.parquet (500000 satır)
2026-09-23 15:15:25,203 INFO     Doğrulama sonrası: 500000 -> 459136 satır (target_nan=0, target_range=0, feature_nan=40864).
2026-09-23 15:15:25,483 INFO     Split (spatial_block, group_col=spatial_block_id): train=323721 val=66568 test=68847 (groups: {'train': 1129, 'val': 241, 'test': 241}) samples_per_group={'min': 1, 'median': 303.0, 'mean': 285.0006207324643, 'max': 362} split_integrity={'all_rows_assigned_exactly_once': True, 'assigned_row_count': 459136, 'total_row_count': 459136, 'train_val_test_groups_disjoint': True, 'union_group_count': 1611, 'total_unique_group_count': 1611}
2026-09-23 15:15:25,486 INFO     Model eğitimi: type=random_forest fast=False features=['modis_lst_mean_celsius', 'modis_lst_std_celsius', 'ndvi', 'elevation', 'slope', 'landcover', 'lon', 'lat', 'row', 'col', 'row_norm', 'col_norm']
2026-09-23 15:17:31,673 INFO     Model: C:\Users\CORSAIR\projects\thermal-twin\refreeze\_control_frozenlabel\outputs\diagnostics\window_closure_sensitivity\manavgat_2021\variants\close_7d_earlier\downstream\step7c\downscaling_model.joblib
2026-09-23 15:17:31,674 INFO     Metrics: C:\Users\CORSAIR\projects\thermal-twin\refreeze\_control_frozenlabel\outputs\diagnostics\window_closure_sensitivity\manavgat_2021\variants\close_7d_earlier\downstream\step7c\downscaling_model_metrics.json
2026-09-23 15:17:31,674 INFO     Metadata: C:\Users\CORSAIR\projects\thermal-twin\refreeze\_control_frozenlabel\outputs\diagnostics\window_closure_sensitivity\manavgat_2021\variants\close_7d_earlier\downstream\step7c\downscaling_model_metadata.json
2026-09-23 15:17:31,674 INFO     Summary: C:\Users\CORSAIR\projects\thermal-twin\refreeze\_control_frozenlabel\outputs\diagnostics\window_closure_sensitivity\manavgat_2021\variants\close_7d_earlier\downstream\step7c\downscaling_model_summary.md
2026-09-23 15:17:31,674 INFO     Test RMSE=2.072 vs MODIS baseline RMSE=3.534
2026-09-23 15:17:31,674 INFO     ============================================================
2026-09-23 15:17:31,674 INFO     STEP 7C TAMAMLANDI (no fire-risk model trained)
2026-09-23 15:17:31,674 INFO     ============================================================
2026-09-23 15:17:31,790 INFO     [experiment=manavgat_2021] Step7D ctx override aktif. model_path=C:\Users\CORSAIR\projects\thermal-twin\refreeze\_control_frozenlabel\outputs\diagnostics\window_closure_sensitivity\manavgat_2021\variants\close_7d_earlier\downstream\step7c\downscaling_model.joblib, output_dir=C:\Users\CORSAIR\projects\thermal-twin\refreeze\_control_frozenlabel\outputs\diagnostics\window_closure_sensitivity\manavgat_2021\variants\close_7d_earlier\downstream\step7d
2026-09-23 15:17:31,791 INFO     ============================================================
2026-09-23 15:17:31,791 INFO     STEP 7D BASLIYOR (Step7C modeli tam raster gridine uygulaniyor) [experiment=manavgat_2021]
2026-09-23 15:17:31,791 INFO     ============================================================
2026-09-23 15:17:33,822 INFO     Model yuklendi: C:\Users\CORSAIR\projects\thermal-twin\refreeze\_control_frozenlabel\outputs\diagnostics\window_closure_sensitivity\manavgat_2021\variants\close_7d_earlier\downstream\step7c\downscaling_model.joblib (type=random_forest)
2026-09-23 15:17:33,822 INFO     Leakage guard dogrulandi: leakage_guard_enabled=True, excluded features (['anomaly_zscore', 'current_tvdi', 'tvdi_difference', 'modis_context_zscore']) ozellik setinde yok.
2026-09-23 15:17:33,822 INFO     Referans grid: C:\Users\CORSAIR\projects\thermal-twin\refreeze\_control_frozenlabel\outputs\diagnostics\window_closure_sensitivity\manavgat_2021\variants\close_7d_earlier\downstream\step5\current_period_median_celsius.tif (band 1)
2026-09-23 15:17:33,822 INFO     Feature rasterlari cozuldu: {'modis_lst_mean_celsius': 'C:\\Users\\CORSAIR\\projects\\thermal-twin\\refreeze\\_control_frozenlabel\\outputs\\diagnostics\\window_closure_sensitivity\\manavgat_2021\\variants\\close_7d_earlier\\downstream\\step7b\\aligned_inputs\\modis_lst_mean_celsius.tif', 'modis_lst_std_celsius': 'C:\\Users\\CORSAIR\\projects\\thermal-twin\\refreeze\\_control_frozenlabel\\outputs\\diagnostics\\window_closure_sensitivity\\manavgat_2021\\variants\\close_7d_earlier\\downstream\\step7b\\aligned_inputs\\modis_lst_std_celsius.tif', 'ndvi': 'C:\\Users\\CORSAIR\\projects\\thermal-twin\\refreeze\\_control_frozenlabel\\outputs\\diagnostics\\window_closure_sensitivity\\manavgat_2021\\variants\\close_7d_earlier\\downstream\\step7b\\aligned_inputs\\ndvi.tif', 'elevation': 'C:\\Users\\CORSAIR\\projects\\thermal-twin\\refreeze\\_control_frozenlabel\\outputs\\diagnostics\\window_closure_sensitivity\\manavgat_2021\\variants\\close_7d_earlier\\downstream\\step7b\\aligned_inputs\\elevation.tif', 'slope': 'C:\\Users\\CORSAIR\\projects\\thermal-twin\\refreeze\\_control_frozenlabel\\outputs\\diagnostics\\window_closure_sensitivity\\manavgat_2021\\variants\\close_7d_earlier\\downstream\\step7b\\aligned_inputs\\slope.tif', 'landcover': 'C:\\Users\\CORSAIR\\projects\\thermal-twin\\refreeze\\_control_frozenlabel\\outputs\\diagnostics\\window_closure_sensitivity\\manavgat_2021\\variants\\close_7d_earlier\\downstream\\step7b\\aligned_inputs\\landcover.tif'}
2026-09-23 15:17:33,827 INFO     Tum feature rasterlari referans grid ile hizali dogrulandi.
2026-09-23 15:17:58,685 INFO     Tahmin: C:\Users\CORSAIR\projects\thermal-twin\refreeze\_control_frozenlabel\outputs\diagnostics\window_closure_sensitivity\manavgat_2021\variants\close_7d_earlier\downstream\step7d\downscaled_lst_celsius.tif
2026-09-23 15:17:58,685 INFO     Gecerli maske: C:\Users\CORSAIR\projects\thermal-twin\refreeze\_control_frozenlabel\outputs\diagnostics\window_closure_sensitivity\manavgat_2021\variants\close_7d_earlier\downstream\step7d\downscaled_lst_valid_mask.tif
2026-09-23 15:17:58,685 INFO     Metadata: C:\Users\CORSAIR\projects\thermal-twin\refreeze\_control_frozenlabel\outputs\diagnostics\window_closure_sensitivity\manavgat_2021\variants\close_7d_earlier\downstream\step7d\downscaling_prediction_metadata.json
2026-09-23 15:17:58,685 INFO     Stats: C:\Users\CORSAIR\projects\thermal-twin\refreeze\_control_frozenlabel\outputs\diagnostics\window_closure_sensitivity\manavgat_2021\variants\close_7d_earlier\downstream\step7d\downscaling_prediction_stats.json
2026-09-23 15:17:58,685 INFO     Summary: C:\Users\CORSAIR\projects\thermal-twin\refreeze\_control_frozenlabel\outputs\diagnostics\window_closure_sensitivity\manavgat_2021\variants\close_7d_earlier\downstream\step7d\downscaling_prediction_summary.md
2026-09-23 15:17:58,685 INFO     Kapsam: 91.38% (6345310/6943860 piksel)
2026-09-23 15:17:58,685 INFO     ============================================================
2026-09-23 15:17:58,685 INFO     STEP 7D TAMAMLANDI (no fire-risk model, no burned-area/FIRMS labels used)
2026-09-23 15:17:58,685 INFO     ============================================================
2026-09-23 15:17:58,799 INFO     [experiment=manavgat_2021] Step7E ctx override aktif. observed=C:\Users\CORSAIR\projects\thermal-twin\refreeze\_control_frozenlabel\outputs\diagnostics\window_closure_sensitivity\manavgat_2021\variants\close_7d_earlier\downstream\step5\current_period_median_celsius.tif, downscaled=C:\Users\CORSAIR\projects\thermal-twin\refreeze\_control_frozenlabel\outputs\diagnostics\window_closure_sensitivity\manavgat_2021\variants\close_7d_earlier\downstream\step7d\downscaled_lst_celsius.tif, output_dir=C:\Users\CORSAIR\projects\thermal-twin\refreeze\_control_frozenlabel\outputs\diagnostics\window_closure_sensitivity\manavgat_2021\variants\close_7d_earlier\downstream\step7e
2026-09-23 15:17:58,799 INFO     ============================================================
2026-09-23 15:17:58,799 INFO     STEP 7E BASLIYOR (gozlemlenen Landsat + Step7D downscaled LST fusion) [experiment=manavgat_2021]
2026-09-23 15:17:58,799 INFO     ============================================================
2026-09-23 15:17:58,800 INFO     Gozlemlenen (referans) grid: C:\Users\CORSAIR\projects\thermal-twin\refreeze\_control_frozenlabel\outputs\diagnostics\window_closure_sensitivity\manavgat_2021\variants\close_7d_earlier\downstream\step5\current_period_median_celsius.tif
2026-09-23 15:17:58,800 INFO     Downscaled LST: C:\Users\CORSAIR\projects\thermal-twin\refreeze\_control_frozenlabel\outputs\diagnostics\window_closure_sensitivity\manavgat_2021\variants\close_7d_earlier\downstream\step7d\downscaled_lst_celsius.tif
2026-09-23 15:17:58,800 INFO     Downscaled valid mask: C:\Users\CORSAIR\projects\thermal-twin\refreeze\_control_frozenlabel\outputs\diagnostics\window_closure_sensitivity\manavgat_2021\variants\close_7d_earlier\downstream\step7d\downscaled_lst_valid_mask.tif
2026-09-23 15:17:58,811 INFO     Tum rasterlar (downscaled LST, valid mask) referans gridle hizali dogrulandi.
2026-09-23 15:18:00,240 INFO     Fused LST: C:\Users\CORSAIR\projects\thermal-twin\refreeze\_control_frozenlabel\outputs\diagnostics\window_closure_sensitivity\manavgat_2021\variants\close_7d_earlier\downstream\step7e\fused_lst_celsius.tif
2026-09-23 15:18:00,240 INFO     Source mask: C:\Users\CORSAIR\projects\thermal-twin\refreeze\_control_frozenlabel\outputs\diagnostics\window_closure_sensitivity\manavgat_2021\variants\close_7d_earlier\downstream\step7e\fused_lst_source_mask.tif
2026-09-23 15:18:00,240 INFO     Metadata: C:\Users\CORSAIR\projects\thermal-twin\refreeze\_control_frozenlabel\outputs\diagnostics\window_closure_sensitivity\manavgat_2021\variants\close_7d_earlier\downstream\step7e\fused_lst_metadata.json
2026-09-23 15:18:00,240 INFO     Stats: C:\Users\CORSAIR\projects\thermal-twin\refreeze\_control_frozenlabel\outputs\diagnostics\window_closure_sensitivity\manavgat_2021\variants\close_7d_earlier\downstream\step7e\fused_lst_stats.json
2026-09-23 15:18:00,240 INFO     Summary: C:\Users\CORSAIR\projects\thermal-twin\refreeze\_control_frozenlabel\outputs\diagnostics\window_closure_sensitivity\manavgat_2021\variants\close_7d_earlier\downstream\step7e\fused_lst_summary.md
2026-09-23 15:18:00,240 INFO     Gozlem kapsami: 96.32% -> Fused kapsam: 99.23% (kazanim: 2.91 puan, 202409 gap-fill piksel)
2026-09-23 15:18:00,240 INFO     ============================================================
2026-09-23 15:18:00,240 INFO     STEP 7E TAMAMLANDI (no model trained, no fire-risk/burned-area labels used)
2026-09-23 15:18:00,240 INFO     ============================================================
2026-09-23 15:18:00,240 INFO     ============================================================
2026-09-23 15:18:00,240 INFO     STEP 8A BASLIYOR (native ~500 m MCD64A1-grid modeling dataset) [experiment=manavgat_2021]
2026-09-23 15:18:00,240 INFO     ============================================================
2026-09-23 15:18:00,241 INFO     MCD64A1 etiket rasteri (explicit): C:\Users\CORSAIR\projects\thermal-twin\refreeze\_control_frozenlabel\outputs\diagnostics\window_closure_sensitivity\manavgat_2021\variants\close_7d_earlier\downstream\inputs\labels\mcd64a1_raw.tif (kind=raw_burndate)
2026-09-23 15:18:00,243 INFO     Hizalanmis landcover (explicit) kullaniliyor: C:\Users\CORSAIR\projects\thermal-twin\refreeze\_control_frozenlabel\outputs\diagnostics\window_closure_sensitivity\manavgat_2021\variants\close_7d_earlier\downstream\inputs\gate_inputs\landcover_esa_worldcover_v200_aligned_to_reference.tif
2026-09-23 15:18:00,253 INFO     Tum zorunlu/opsiyonel predictor rasterlari referans gridle hizali dogrulandi.
2026-09-23 15:18:00,253 INFO     Label source description: reconstructed_from_30m_raw_burndate
2026-09-23 15:18:00,388 INFO     Label raster diagnostics: kind=raw_burndate dtype=int16 min=0.0 max=241.0 zero=6764193 one=0 gt_one=179667 in_DOY_range=179667 finite=6943860 masked=0
2026-09-23 15:18:00,390 INFO     MCD64A1 etiket rasteri zaten referans gridle hizali: C:\Users\CORSAIR\projects\thermal-twin\refreeze\_control_frozenlabel\outputs\diagnostics\window_closure_sensitivity\manavgat_2021\variants\close_7d_earlier\downstream\inputs\labels\mcd64a1_raw.tif
2026-09-23 15:18:00,395 INFO     Tum zorunlu/opsiyonel predictor rasterlari referans gridle hizali dogrulandi.
2026-09-23 15:18:00,395 INFO     Referans 30 m grid: C:\Users\CORSAIR\projects\thermal-twin\refreeze\_control_frozenlabel\outputs\diagnostics\window_closure_sensitivity\manavgat_2021\variants\close_7d_earlier\downstream\step5\current_period_median_celsius.tif (2970x2338)
2026-09-23 15:18:00,395 INFO     MCD64A1 etiket rasteri (hizali): C:\Users\CORSAIR\projects\thermal-twin\refreeze\_control_frozenlabel\outputs\diagnostics\window_closure_sensitivity\manavgat_2021\variants\close_7d_earlier\downstream\inputs\labels\mcd64a1_raw.tif (label_kind=raw_burndate)
2026-09-23 15:18:00,395 INFO     Landcover rasteri (hizali): C:\Users\CORSAIR\projects\thermal-twin\refreeze\_control_frozenlabel\outputs\diagnostics\window_closure_sensitivity\manavgat_2021\variants\close_7d_earlier\downstream\inputs\gate_inputs\landcover_esa_worldcover_v200_aligned_to_reference.tif
2026-09-23 15:18:00,395 INFO     Cozulmus predictor sayisi: 9 (eksik/opsiyonel: [])
2026-09-23 15:18:00,395 INFO     Native ~500 m grid: referans 30 m piksel = 30.0 m, block_size_pixels = 17 (=> yaklasik hucre boyutu 510.0 m).
2026-09-23 15:18:00,411 INFO     Toplam 500 m hucre sayisi (yaklasik): 24150 (138 satir x 175 sutun, 30 m grid 2970x2338)
2026-09-23 15:18:22,363 INFO     CSV yazildi: C:\Users\CORSAIR\projects\thermal-twin\refreeze\_control_frozenlabel\outputs\diagnostics\window_closure_sensitivity\manavgat_2021\variants\close_7d_earlier\downstream\step8a\step8a_500m_modeling_dataset.csv
2026-09-23 15:18:22,363 INFO     Parquet yazildi: C:\Users\CORSAIR\projects\thermal-twin\refreeze\_control_frozenlabel\outputs\diagnostics\window_closure_sensitivity\manavgat_2021\variants\close_7d_earlier\downstream\step8a\step8a_500m_modeling_dataset.parquet
2026-09-23 15:18:22,374 INFO     Dataset satir sayisi: 24150 (valid_for_modeling=24049)
2026-09-23 15:18:22,374 INFO     Stats: C:\Users\CORSAIR\projects\thermal-twin\refreeze\_control_frozenlabel\outputs\diagnostics\window_closure_sensitivity\manavgat_2021\variants\close_7d_earlier\downstream\step8a\step8a_dataset_stats.json
2026-09-23 15:18:22,374 INFO     Summary: C:\Users\CORSAIR\projects\thermal-twin\refreeze\_control_frozenlabel\outputs\diagnostics\window_closure_sensitivity\manavgat_2021\variants\close_7d_earlier\downstream\step8a\step8a_dataset_summary.md
2026-09-23 15:18:22,374 INFO     ============================================================
2026-09-23 15:18:22,374 INFO     STEP 8A TAMAMLANDI (no model trained, no FIRMS label used, MCD64A1 primary label)
2026-09-23 15:18:22,374 INFO     ============================================================
2026-09-23 15:18:32,049 INFO     ============================================================
2026-09-23 15:18:32,050 INFO     STEP 5 BAŞLIYOR (windowed/chunked işleme) [experiment=manavgat_2021]
2026-09-23 15:18:32,050 INFO     ============================================================
2026-09-23 15:18:32,050 INFO     Baseline LST listesi EXPLICIT olarak verildi (4 dosya); Step4 metadata araması ve klasör taraması atlandı.
2026-09-23 15:18:32,055 INFO     Baseline sahne sayısı: 4
2026-09-23 15:18:32,055 INFO     Raster boyutu: 2970x2338
2026-09-23 15:18:32,055 INFO     Pencere boyutu: 512 px (30 pencere)
2026-09-23 15:18:32,055 INFO     Minimum geçerli baseline gözlem sayısı: 3
2026-09-23 15:18:32,055 INFO     Pencere başına yaklaşık baseline stack belleği: 4.0 MB
2026-09-23 15:18:32,162 INFO     Pencere işlendi: 1/30
2026-09-23 15:18:32,950 INFO     Pencere işlendi: 10/30
2026-09-23 15:18:33,797 INFO     Pencere işlendi: 20/30
2026-09-23 15:18:34,436 INFO     Pencere işlendi: 30/30
2026-09-23 15:18:34,461 INFO     Baseline ortalaması: 34.25 C
2026-09-23 15:18:34,461 INFO     Baseline standart sapması: 1.52 C
2026-09-23 15:18:34,461 INFO     Current period ortalaması: 33.27 C
2026-09-23 15:18:34,461 INFO     Geçerli anomali kapsaması: 69.1%
2026-09-23 15:18:34,461 INFO     Anomali ortalaması: -0.52 sigma
2026-09-23 15:18:34,461 INFO     Anomali aralığı: [-10.45, 15.29] sigma
2026-09-23 15:18:34,461 INFO     Metadata kaydedildi: C:\Users\CORSAIR\projects\thermal-twin\refreeze\_control_frozenlabel\outputs\diagnostics\window_closure_sensitivity\manavgat_2021\variants\close_14d_earlier\downstream\step5\step5_metadata.json
2026-09-23 15:18:34,461 INFO     Çıktı klasörü: C:\Users\CORSAIR\projects\thermal-twin\refreeze\_control_frozenlabel\outputs\diagnostics\window_closure_sensitivity\manavgat_2021\variants\close_14d_earlier\downstream\step5
2026-09-23 15:18:34,461 INFO     ============================================================
2026-09-23 15:18:34,461 INFO     STEP 5 TAMAMLANDI
2026-09-23 15:18:34,465 INFO     [experiment=manavgat_2021] Step5C ctx override aktif. OUTPUT_DIR=C:\Users\CORSAIR\projects\thermal-twin\refreeze\_control_frozenlabel\outputs\diagnostics\window_closure_sensitivity\manavgat_2021\variants\close_14d_earlier\downstream\step5c, CURRENT_LST_PATH=C:\Users\CORSAIR\projects\thermal-twin\refreeze\_control_frozenlabel\outputs\diagnostics\window_closure_sensitivity\manavgat_2021\variants\close_14d_earlier\downstream\step5\current_period_median_celsius.tif
2026-09-23 15:18:34,465 INFO     ============================================================
2026-09-23 15:18:34,465 INFO     STEP 5C BAŞLIYOR (TVDI - basit/ilk sürüm)
2026-09-23 15:18:34,465 INFO     ============================================================
2026-09-23 15:18:34,465 INFO     Current LST: current_period_median_celsius.tif
2026-09-23 15:18:34,465 INFO     Current NDVI: current_ndvi_median.tif
2026-09-23 15:18:34,465 INFO     Baseline NDVI pencere sayısı: 4
2026-09-23 15:18:34,465 INFO     Birinci geçiş: LST-NDVI scatter edge örnekleri toplanıyor.
2026-09-23 15:18:34,999 INFO     Geçerli edge üretilen NDVI bin sayısı: 18/20
2026-09-23 15:18:34,999 INFO     TVDI edge diagnostik CSV: C:\Users\CORSAIR\projects\thermal-twin\refreeze\_control_frozenlabel\outputs\diagnostics\window_closure_sensitivity\manavgat_2021\variants\close_14d_earlier\downstream\step5c\tvdi_edge_diagnostics.csv
2026-09-23 15:18:34,999 INFO     TVDI edge diagnostik plot: C:\Users\CORSAIR\projects\thermal-twin\refreeze\_control_frozenlabel\outputs\diagnostics\window_closure_sensitivity\manavgat_2021\variants\close_14d_earlier\downstream\step5c\tvdi_edge_diagnostics.png
2026-09-23 15:18:34,999 INFO     Edge span sorunlu binler: dry<=wet=0, span<1.00C=0
2026-09-23 15:18:34,999 INFO     İkinci geçiş: current TVDI hesaplanıyor.
2026-09-23 15:18:35,868 INFO     Baseline TVDI mean/std ve z-score hesaplanıyor.
2026-09-23 15:18:38,956 INFO     Current TVDI ortalaması: 0.485
2026-09-23 15:18:38,956 INFO     TVDI z-score ortalaması: -1.315
2026-09-23 15:18:38,956 INFO     Metadata: C:\Users\CORSAIR\projects\thermal-twin\refreeze\_control_frozenlabel\outputs\diagnostics\window_closure_sensitivity\manavgat_2021\variants\close_14d_earlier\downstream\step5c\step5c_metadata.json
2026-09-23 15:18:38,956 INFO     Çıktı klasörü: C:\Users\CORSAIR\projects\thermal-twin\refreeze\_control_frozenlabel\outputs\diagnostics\window_closure_sensitivity\manavgat_2021\variants\close_14d_earlier\downstream\step5c
2026-09-23 15:18:38,956 INFO     ============================================================
2026-09-23 15:18:38,956 INFO     STEP 5C TAMAMLANDI
2026-09-23 15:18:38,959 INFO     [experiment=manavgat_2021] Step7A ctx override aktif. output_dir=C:\Users\CORSAIR\projects\thermal-twin\refreeze\_control_frozenlabel\outputs\diagnostics\window_closure_sensitivity\manavgat_2021\variants\close_14d_earlier\downstream\step7a, reference_raster=C:\Users\CORSAIR\projects\thermal-twin\refreeze\_control_frozenlabel\outputs\diagnostics\window_closure_sensitivity\manavgat_2021\variants\close_14d_earlier\downstream\step5\current_period_median_celsius.tif
2026-09-23 15:18:38,959 INFO     ============================================================
2026-09-23 15:18:38,959 INFO     STEP 7A BAŞLIYOR (tiling infrastructure test)
2026-09-23 15:18:38,959 INFO     ============================================================
2026-09-23 15:18:38,959 INFO     Referans raster: C:\Users\CORSAIR\projects\thermal-twin\refreeze\_control_frozenlabel\outputs\diagnostics\window_closure_sensitivity\manavgat_2021\variants\close_14d_earlier\downstream\step5\current_period_median_celsius.tif
2026-09-23 15:18:39,767 INFO     Yeniden birleştirme tamamlandı: C:\Users\CORSAIR\projects\thermal-twin\refreeze\_control_frozenlabel\outputs\diagnostics\window_closure_sensitivity\manavgat_2021\variants\close_14d_earlier\downstream\step7a\tiling_test_reconstructed.tif
2026-09-23 15:18:40,248 INFO     Tiling testi tamamlandı: passed=True
2026-09-23 15:18:40,248 INFO     Özet: C:\Users\CORSAIR\projects\thermal-twin\refreeze\_control_frozenlabel\outputs\diagnostics\window_closure_sensitivity\manavgat_2021\variants\close_14d_earlier\downstream\step7a\tiling_test_summary.md
2026-09-23 15:18:40,248 INFO     ============================================================
2026-09-23 15:18:40,248 INFO     STEP 7A TAMAMLANDI
2026-09-23 15:18:40,248 INFO     [experiment=manavgat_2021] Step7B ctx override aktif. output_dir=C:\Users\CORSAIR\projects\thermal-twin\refreeze\_control_frozenlabel\outputs\diagnostics\window_closure_sensitivity\manavgat_2021\variants\close_14d_earlier\downstream\step7b
2026-09-23 15:18:40,248 INFO     ============================================================
2026-09-23 15:18:40,248 INFO     STEP 7B BAŞLIYOR (MODIS downscaling training dataset) [experiment=manavgat_2021]
2026-09-23 15:18:40,248 INFO     ============================================================
2026-09-23 15:18:40,248 INFO     Target: C:\Users\CORSAIR\projects\thermal-twin\refreeze\_control_frozenlabel\outputs\diagnostics\window_closure_sensitivity\manavgat_2021\variants\close_14d_earlier\downstream\step5\current_period_median_celsius.tif (band 1)
2026-09-23 15:18:40,249 INFO     Core features: ['modis_lst_mean_celsius', 'modis_lst_std_celsius', 'ndvi', 'elevation', 'slope', 'landcover'] | Optional used: ['anomaly_zscore', 'current_tvdi', 'tvdi_difference'] | Optional missing: []
2026-09-23 15:18:40,253 INFO     Deney-farkında girdi hizalama başlıyor (aligned_inputs/)...
2026-09-23 15:18:40,871 INFO     [align] modis_lst_mean_celsius: kaynak 71x90 (EPSG:4326) -> referans 2338x2970, resampling=bilinear, hizalı geçerli piksel oranı=0.9215 -> C:\Users\CORSAIR\projects\thermal-twin\refreeze\_control_frozenlabel\outputs\diagnostics\window_closure_sensitivity\manavgat_2021\variants\close_14d_earlier\downstream\step7b\aligned_inputs\modis_lst_mean_celsius.tif
2026-09-23 15:18:41,496 INFO     [align] modis_lst_std_celsius: kaynak 71x90 (EPSG:4326) -> referans 2338x2970, resampling=bilinear, hizalı geçerli piksel oranı=0.9215 -> C:\Users\CORSAIR\projects\thermal-twin\refreeze\_control_frozenlabel\outputs\diagnostics\window_closure_sensitivity\manavgat_2021\variants\close_14d_earlier\downstream\step7b\aligned_inputs\modis_lst_std_celsius.tif
2026-09-23 15:18:42,375 INFO     [align-overlap] modis_lst_mean_celsius: target ile örtüşen geçerli piksel=6324316 (target geçerli piksellerinin 0.9206'ü)
2026-09-23 15:18:42,513 INFO     [align-overlap] modis_lst_std_celsius: target ile örtüşen geçerli piksel=6324316 (target geçerli piksellerinin 0.9206'ü)
2026-09-23 15:18:42,577 INFO     [align-overlap] ndvi: target ile örtüşen geçerli piksel=6869662 (target geçerli piksellerinin 1.0000'ü)
2026-09-23 15:18:42,692 INFO     [align-overlap] elevation: target ile örtüşen geçerli piksel=6869662 (target geçerli piksellerinin 1.0000'ü)
2026-09-23 15:18:42,803 INFO     [align-overlap] slope: target ile örtüşen geçerli piksel=6869662 (target geçerli piksellerinin 1.0000'ü)
2026-09-23 15:18:42,842 INFO     [align-overlap] landcover: target ile örtüşen geçerli piksel=6869662 (target geçerli piksellerinin 1.0000'ü)
2026-09-23 15:18:42,965 INFO     [align-overlap] anomaly_zscore: target ile örtüşen geçerli piksel=4798954 (target geçerli piksellerinin 0.6986'ü)
2026-09-23 15:18:43,090 INFO     [align-overlap] current_tvdi: target ile örtüşen geçerli piksel=6819143 (target geçerli piksellerinin 0.9926'ü)
2026-09-23 15:18:43,219 INFO     [align-overlap] tvdi_difference: target ile örtüşen geçerli piksel=6781466 (target geçerli piksellerinin 0.9872'ü)
2026-09-23 15:18:58,361 INFO     Final sample count: 500000
2026-09-23 15:18:58,361 INFO     Stats: C:\Users\CORSAIR\projects\thermal-twin\refreeze\_control_frozenlabel\outputs\diagnostics\window_closure_sensitivity\manavgat_2021\variants\close_14d_earlier\downstream\step7b\downscaling_dataset_stats.json
2026-09-23 15:18:58,361 INFO     Summary: C:\Users\CORSAIR\projects\thermal-twin\refreeze\_control_frozenlabel\outputs\diagnostics\window_closure_sensitivity\manavgat_2021\variants\close_14d_earlier\downstream\step7b\downscaling_dataset_summary.md
2026-09-23 15:18:58,361 INFO     ============================================================
2026-09-23 15:18:58,362 INFO     STEP 7B TAMAMLANDI (no model trained)
2026-09-23 15:18:58,362 INFO     ============================================================
2026-09-23 15:18:58,366 INFO     [experiment=manavgat_2021] Step7C ctx override aktif. output_dir=C:\Users\CORSAIR\projects\thermal-twin\refreeze\_control_frozenlabel\outputs\diagnostics\window_closure_sensitivity\manavgat_2021\variants\close_14d_earlier\downstream\step7c, input_path=C:\Users\CORSAIR\projects\thermal-twin\refreeze\_control_frozenlabel\outputs\diagnostics\window_closure_sensitivity\manavgat_2021\variants\close_14d_earlier\downstream\step7b\downscaling_training_samples.parquet
2026-09-23 15:18:58,366 INFO     ============================================================
2026-09-23 15:18:58,366 INFO     STEP 7C BAŞLIYOR (pure MODIS->Landsat LST downscaling model)
2026-09-23 15:18:58,366 INFO     ============================================================
2026-09-23 15:18:58,392 INFO     Özel girdi kullanıldı: C:\Users\CORSAIR\projects\thermal-twin\refreeze\_control_frozenlabel\outputs\diagnostics\window_closure_sensitivity\manavgat_2021\variants\close_14d_earlier\downstream\step7b\downscaling_training_samples.parquet (500000 satır)
2026-09-23 15:18:58,419 INFO     Doğrulama sonrası: 500000 -> 460406 satır (target_nan=0, target_range=0, feature_nan=39594).
2026-09-23 15:18:58,744 INFO     Split (spatial_block, group_col=spatial_block_id): train=323002 val=69395 test=68009 (groups: {'train': 1133, 'val': 242, 'test': 242}) samples_per_group={'min': 1, 'median': 296.0, 'mean': 284.72850958565243, 'max': 356} split_integrity={'all_rows_assigned_exactly_once': True, 'assigned_row_count': 460406, 'total_row_count': 460406, 'train_val_test_groups_disjoint': True, 'union_group_count': 1617, 'total_unique_group_count': 1617}
2026-09-23 15:18:58,748 INFO     Model eğitimi: type=random_forest fast=False features=['modis_lst_mean_celsius', 'modis_lst_std_celsius', 'ndvi', 'elevation', 'slope', 'landcover', 'lon', 'lat', 'row', 'col', 'row_norm', 'col_norm']
2026-09-23 15:21:16,068 INFO     Model: C:\Users\CORSAIR\projects\thermal-twin\refreeze\_control_frozenlabel\outputs\diagnostics\window_closure_sensitivity\manavgat_2021\variants\close_14d_earlier\downstream\step7c\downscaling_model.joblib
2026-09-23 15:21:16,068 INFO     Metrics: C:\Users\CORSAIR\projects\thermal-twin\refreeze\_control_frozenlabel\outputs\diagnostics\window_closure_sensitivity\manavgat_2021\variants\close_14d_earlier\downstream\step7c\downscaling_model_metrics.json
2026-09-23 15:21:16,068 INFO     Metadata: C:\Users\CORSAIR\projects\thermal-twin\refreeze\_control_frozenlabel\outputs\diagnostics\window_closure_sensitivity\manavgat_2021\variants\close_14d_earlier\downstream\step7c\downscaling_model_metadata.json
2026-09-23 15:21:16,068 INFO     Summary: C:\Users\CORSAIR\projects\thermal-twin\refreeze\_control_frozenlabel\outputs\diagnostics\window_closure_sensitivity\manavgat_2021\variants\close_14d_earlier\downstream\step7c\downscaling_model_summary.md
2026-09-23 15:21:16,068 INFO     Test RMSE=2.009 vs MODIS baseline RMSE=3.375
2026-09-23 15:21:16,068 INFO     ============================================================
2026-09-23 15:21:16,068 INFO     STEP 7C TAMAMLANDI (no fire-risk model trained)
2026-09-23 15:21:16,068 INFO     ============================================================
2026-09-23 15:21:16,156 INFO     [experiment=manavgat_2021] Step7D ctx override aktif. model_path=C:\Users\CORSAIR\projects\thermal-twin\refreeze\_control_frozenlabel\outputs\diagnostics\window_closure_sensitivity\manavgat_2021\variants\close_14d_earlier\downstream\step7c\downscaling_model.joblib, output_dir=C:\Users\CORSAIR\projects\thermal-twin\refreeze\_control_frozenlabel\outputs\diagnostics\window_closure_sensitivity\manavgat_2021\variants\close_14d_earlier\downstream\step7d
2026-09-23 15:21:16,156 INFO     ============================================================
2026-09-23 15:21:16,156 INFO     STEP 7D BASLIYOR (Step7C modeli tam raster gridine uygulaniyor) [experiment=manavgat_2021]
2026-09-23 15:21:16,156 INFO     ============================================================
2026-09-23 15:21:17,861 INFO     Model yuklendi: C:\Users\CORSAIR\projects\thermal-twin\refreeze\_control_frozenlabel\outputs\diagnostics\window_closure_sensitivity\manavgat_2021\variants\close_14d_earlier\downstream\step7c\downscaling_model.joblib (type=random_forest)
2026-09-23 15:21:17,861 INFO     Leakage guard dogrulandi: leakage_guard_enabled=True, excluded features (['anomaly_zscore', 'current_tvdi', 'tvdi_difference', 'modis_context_zscore']) ozellik setinde yok.
2026-09-23 15:21:17,861 INFO     Referans grid: C:\Users\CORSAIR\projects\thermal-twin\refreeze\_control_frozenlabel\outputs\diagnostics\window_closure_sensitivity\manavgat_2021\variants\close_14d_earlier\downstream\step5\current_period_median_celsius.tif (band 1)
2026-09-23 15:21:17,861 INFO     Feature rasterlari cozuldu: {'modis_lst_mean_celsius': 'C:\\Users\\CORSAIR\\projects\\thermal-twin\\refreeze\\_control_frozenlabel\\outputs\\diagnostics\\window_closure_sensitivity\\manavgat_2021\\variants\\close_14d_earlier\\downstream\\step7b\\aligned_inputs\\modis_lst_mean_celsius.tif', 'modis_lst_std_celsius': 'C:\\Users\\CORSAIR\\projects\\thermal-twin\\refreeze\\_control_frozenlabel\\outputs\\diagnostics\\window_closure_sensitivity\\manavgat_2021\\variants\\close_14d_earlier\\downstream\\step7b\\aligned_inputs\\modis_lst_std_celsius.tif', 'ndvi': 'C:\\Users\\CORSAIR\\projects\\thermal-twin\\refreeze\\_control_frozenlabel\\outputs\\diagnostics\\window_closure_sensitivity\\manavgat_2021\\variants\\close_14d_earlier\\downstream\\step7b\\aligned_inputs\\ndvi.tif', 'elevation': 'C:\\Users\\CORSAIR\\projects\\thermal-twin\\refreeze\\_control_frozenlabel\\outputs\\diagnostics\\window_closure_sensitivity\\manavgat_2021\\variants\\close_14d_earlier\\downstream\\step7b\\aligned_inputs\\elevation.tif', 'slope': 'C:\\Users\\CORSAIR\\projects\\thermal-twin\\refreeze\\_control_frozenlabel\\outputs\\diagnostics\\window_closure_sensitivity\\manavgat_2021\\variants\\close_14d_earlier\\downstream\\step7b\\aligned_inputs\\slope.tif', 'landcover': 'C:\\Users\\CORSAIR\\projects\\thermal-twin\\refreeze\\_control_frozenlabel\\outputs\\diagnostics\\window_closure_sensitivity\\manavgat_2021\\variants\\close_14d_earlier\\downstream\\step7b\\aligned_inputs\\landcover.tif'}
2026-09-23 15:21:17,866 INFO     Tum feature rasterlari referans grid ile hizali dogrulandi.
2026-09-23 15:21:42,700 INFO     Tahmin: C:\Users\CORSAIR\projects\thermal-twin\refreeze\_control_frozenlabel\outputs\diagnostics\window_closure_sensitivity\manavgat_2021\variants\close_14d_earlier\downstream\step7d\downscaled_lst_celsius.tif
2026-09-23 15:21:42,700 INFO     Gecerli maske: C:\Users\CORSAIR\projects\thermal-twin\refreeze\_control_frozenlabel\outputs\diagnostics\window_closure_sensitivity\manavgat_2021\variants\close_14d_earlier\downstream\step7d\downscaled_lst_valid_mask.tif
2026-09-23 15:21:42,700 INFO     Metadata: C:\Users\CORSAIR\projects\thermal-twin\refreeze\_control_frozenlabel\outputs\diagnostics\window_closure_sensitivity\manavgat_2021\variants\close_14d_earlier\downstream\step7d\downscaling_prediction_metadata.json
2026-09-23 15:21:42,700 INFO     Stats: C:\Users\CORSAIR\projects\thermal-twin\refreeze\_control_frozenlabel\outputs\diagnostics\window_closure_sensitivity\manavgat_2021\variants\close_14d_earlier\downstream\step7d\downscaling_prediction_stats.json
2026-09-23 15:21:42,700 INFO     Summary: C:\Users\CORSAIR\projects\thermal-twin\refreeze\_control_frozenlabel\outputs\diagnostics\window_closure_sensitivity\manavgat_2021\variants\close_14d_earlier\downstream\step7d\downscaling_prediction_summary.md
2026-09-23 15:21:42,700 INFO     Kapsam: 92.07% (6392939/6943860 piksel)
2026-09-23 15:21:42,700 INFO     ============================================================
2026-09-23 15:21:42,700 INFO     STEP 7D TAMAMLANDI (no fire-risk model, no burned-area/FIRMS labels used)
2026-09-23 15:21:42,700 INFO     ============================================================
2026-09-23 15:21:42,826 INFO     [experiment=manavgat_2021] Step7E ctx override aktif. observed=C:\Users\CORSAIR\projects\thermal-twin\refreeze\_control_frozenlabel\outputs\diagnostics\window_closure_sensitivity\manavgat_2021\variants\close_14d_earlier\downstream\step5\current_period_median_celsius.tif, downscaled=C:\Users\CORSAIR\projects\thermal-twin\refreeze\_control_frozenlabel\outputs\diagnostics\window_closure_sensitivity\manavgat_2021\variants\close_14d_earlier\downstream\step7d\downscaled_lst_celsius.tif, output_dir=C:\Users\CORSAIR\projects\thermal-twin\refreeze\_control_frozenlabel\outputs\diagnostics\window_closure_sensitivity\manavgat_2021\variants\close_14d_earlier\downstream\step7e
2026-09-23 15:21:42,826 INFO     ============================================================
2026-09-23 15:21:42,826 INFO     STEP 7E BASLIYOR (gozlemlenen Landsat + Step7D downscaled LST fusion) [experiment=manavgat_2021]
2026-09-23 15:21:42,826 INFO     ============================================================
2026-09-23 15:21:42,827 INFO     Gozlemlenen (referans) grid: C:\Users\CORSAIR\projects\thermal-twin\refreeze\_control_frozenlabel\outputs\diagnostics\window_closure_sensitivity\manavgat_2021\variants\close_14d_earlier\downstream\step5\current_period_median_celsius.tif
2026-09-23 15:21:42,827 INFO     Downscaled LST: C:\Users\CORSAIR\projects\thermal-twin\refreeze\_control_frozenlabel\outputs\diagnostics\window_closure_sensitivity\manavgat_2021\variants\close_14d_earlier\downstream\step7d\downscaled_lst_celsius.tif
2026-09-23 15:21:42,827 INFO     Downscaled valid mask: C:\Users\CORSAIR\projects\thermal-twin\refreeze\_control_frozenlabel\outputs\diagnostics\window_closure_sensitivity\manavgat_2021\variants\close_14d_earlier\downstream\step7d\downscaled_lst_valid_mask.tif
2026-09-23 15:21:42,837 INFO     Tum rasterlar (downscaled LST, valid mask) referans gridle hizali dogrulandi.
2026-09-23 15:21:44,110 INFO     Fused LST: C:\Users\CORSAIR\projects\thermal-twin\refreeze\_control_frozenlabel\outputs\diagnostics\window_closure_sensitivity\manavgat_2021\variants\close_14d_earlier\downstream\step7e\fused_lst_celsius.tif
2026-09-23 15:21:44,110 INFO     Source mask: C:\Users\CORSAIR\projects\thermal-twin\refreeze\_control_frozenlabel\outputs\diagnostics\window_closure_sensitivity\manavgat_2021\variants\close_14d_earlier\downstream\step7e\fused_lst_source_mask.tif
2026-09-23 15:21:44,110 INFO     Metadata: C:\Users\CORSAIR\projects\thermal-twin\refreeze\_control_frozenlabel\outputs\diagnostics\window_closure_sensitivity\manavgat_2021\variants\close_14d_earlier\downstream\step7e\fused_lst_metadata.json
2026-09-23 15:21:44,110 INFO     Stats: C:\Users\CORSAIR\projects\thermal-twin\refreeze\_control_frozenlabel\outputs\diagnostics\window_closure_sensitivity\manavgat_2021\variants\close_14d_earlier\downstream\step7e\fused_lst_stats.json
2026-09-23 15:21:44,110 INFO     Summary: C:\Users\CORSAIR\projects\thermal-twin\refreeze\_control_frozenlabel\outputs\diagnostics\window_closure_sensitivity\manavgat_2021\variants\close_14d_earlier\downstream\step7e\fused_lst_summary.md
2026-09-23 15:21:44,110 INFO     Gozlem kapsami: 98.93% -> Fused kapsam: 99.92% (kazanim: 0.99 puan, 68623 gap-fill piksel)
2026-09-23 15:21:44,110 INFO     ============================================================
2026-09-23 15:21:44,110 INFO     STEP 7E TAMAMLANDI (no model trained, no fire-risk/burned-area labels used)
2026-09-23 15:21:44,110 INFO     ============================================================
2026-09-23 15:21:44,110 INFO     ============================================================
2026-09-23 15:21:44,110 INFO     STEP 8A BASLIYOR (native ~500 m MCD64A1-grid modeling dataset) [experiment=manavgat_2021]
2026-09-23 15:21:44,110 INFO     ============================================================
2026-09-23 15:21:44,110 INFO     MCD64A1 etiket rasteri (explicit): C:\Users\CORSAIR\projects\thermal-twin\refreeze\_control_frozenlabel\outputs\diagnostics\window_closure_sensitivity\manavgat_2021\variants\close_14d_earlier\downstream\inputs\labels\mcd64a1_raw.tif (kind=raw_burndate)
2026-09-23 15:21:44,112 INFO     Hizalanmis landcover (explicit) kullaniliyor: C:\Users\CORSAIR\projects\thermal-twin\refreeze\_control_frozenlabel\outputs\diagnostics\window_closure_sensitivity\manavgat_2021\variants\close_14d_earlier\downstream\inputs\gate_inputs\landcover_esa_worldcover_v200_aligned_to_reference.tif
2026-09-23 15:21:44,120 INFO     Tum zorunlu/opsiyonel predictor rasterlari referans gridle hizali dogrulandi.
2026-09-23 15:21:44,121 INFO     Label source description: reconstructed_from_30m_raw_burndate
2026-09-23 15:21:44,244 INFO     Label raster diagnostics: kind=raw_burndate dtype=int16 min=0.0 max=241.0 zero=6764193 one=0 gt_one=179667 in_DOY_range=179667 finite=6943860 masked=0
2026-09-23 15:21:44,245 INFO     MCD64A1 etiket rasteri zaten referans gridle hizali: C:\Users\CORSAIR\projects\thermal-twin\refreeze\_control_frozenlabel\outputs\diagnostics\window_closure_sensitivity\manavgat_2021\variants\close_14d_earlier\downstream\inputs\labels\mcd64a1_raw.tif
2026-09-23 15:21:44,252 INFO     Tum zorunlu/opsiyonel predictor rasterlari referans gridle hizali dogrulandi.
2026-09-23 15:21:44,252 INFO     Referans 30 m grid: C:\Users\CORSAIR\projects\thermal-twin\refreeze\_control_frozenlabel\outputs\diagnostics\window_closure_sensitivity\manavgat_2021\variants\close_14d_earlier\downstream\step5\current_period_median_celsius.tif (2970x2338)
2026-09-23 15:21:44,252 INFO     MCD64A1 etiket rasteri (hizali): C:\Users\CORSAIR\projects\thermal-twin\refreeze\_control_frozenlabel\outputs\diagnostics\window_closure_sensitivity\manavgat_2021\variants\close_14d_earlier\downstream\inputs\labels\mcd64a1_raw.tif (label_kind=raw_burndate)
2026-09-23 15:21:44,252 INFO     Landcover rasteri (hizali): C:\Users\CORSAIR\projects\thermal-twin\refreeze\_control_frozenlabel\outputs\diagnostics\window_closure_sensitivity\manavgat_2021\variants\close_14d_earlier\downstream\inputs\gate_inputs\landcover_esa_worldcover_v200_aligned_to_reference.tif
2026-09-23 15:21:44,252 INFO     Cozulmus predictor sayisi: 9 (eksik/opsiyonel: [])
2026-09-23 15:21:44,252 INFO     Native ~500 m grid: referans 30 m piksel = 30.0 m, block_size_pixels = 17 (=> yaklasik hucre boyutu 510.0 m).
2026-09-23 15:21:44,266 INFO     Toplam 500 m hucre sayisi (yaklasik): 24150 (138 satir x 175 sutun, 30 m grid 2970x2338)
2026-09-23 15:22:04,183 INFO     CSV yazildi: C:\Users\CORSAIR\projects\thermal-twin\refreeze\_control_frozenlabel\outputs\diagnostics\window_closure_sensitivity\manavgat_2021\variants\close_14d_earlier\downstream\step8a\step8a_500m_modeling_dataset.csv
2026-09-23 15:22:04,183 INFO     Parquet yazildi: C:\Users\CORSAIR\projects\thermal-twin\refreeze\_control_frozenlabel\outputs\diagnostics\window_closure_sensitivity\manavgat_2021\variants\close_14d_earlier\downstream\step8a\step8a_500m_modeling_dataset.parquet
2026-09-23 15:22:04,193 INFO     Dataset satir sayisi: 24150 (valid_for_modeling=24149)
2026-09-23 15:22:04,193 INFO     Stats: C:\Users\CORSAIR\projects\thermal-twin\refreeze\_control_frozenlabel\outputs\diagnostics\window_closure_sensitivity\manavgat_2021\variants\close_14d_earlier\downstream\step8a\step8a_dataset_stats.json
2026-09-23 15:22:04,193 INFO     Summary: C:\Users\CORSAIR\projects\thermal-twin\refreeze\_control_frozenlabel\outputs\diagnostics\window_closure_sensitivity\manavgat_2021\variants\close_14d_earlier\downstream\step8a\step8a_dataset_summary.md
2026-09-23 15:22:04,193 INFO     ============================================================
2026-09-23 15:22:04,193 INFO     STEP 8A TAMAMLANDI (no model trained, no FIRMS label used, MCD64A1 primary label)
2026-09-23 15:22:04,193 INFO     ============================================================
{
 "ran": true,
 "dry_run": false,
 "analysis_id": "8cdccab403c3bb36f9308842931aa7fd2bd444b674cd7c8985843b37e3f19d6c",
 "stages_run": [
  "local-downstream",
  "model",
  "compare"
 ],
 "files_written_count": 208,
 "reused": false,
 "prerequisites_ready": true,
 "missing_required_inputs": [],
 "actual_plan_prerequisites": null
}
EE copies: 0
WC_DRIVER_DONE
