regions loaded
=== transfers ===
  fit manavgat_2021 full (2s)
  fit manavgat_2021 drop_elev (1s)
  fit manavgat_2021 drop_anom (1s)
  fit manavgat_2021 drop_both (1s)
manavgat_2021->bejis_2022 full=0.3964 dElev=+0.1707[+0.113,+0.232] dAnom=-0.0002 dBoth=+0.1362[+0.077,+0.197]
manavgat_2021->mugla_2021 full=0.4377 dElev=-0.0021[-0.036,+0.039] dAnom=+0.0074 dBoth=+0.0061[-0.030,+0.047]
manavgat_2021->evia_2021_extended full=0.6540 dElev=-0.1051[-0.132,-0.077] dAnom=-0.0374 dBoth=-0.1045[-0.130,-0.078]
manavgat_2021->montiferru_2021 full=0.5178 dElev=+0.0163[-0.035,+0.067] dAnom=-0.0025 dBoth=+0.0030[-0.044,+0.050]
  fit bejis_2022 full (1s)
  fit bejis_2022 drop_elev (1s)
  fit bejis_2022 drop_anom (1s)
  fit bejis_2022 drop_both (1s)
bejis_2022->manavgat_2021 full=0.3142 dElev=+0.1235[+0.074,+0.174] dAnom=-0.0141 dBoth=+0.1281[+0.079,+0.177]
bejis_2022->mugla_2021 full=0.6185 dElev=-0.0548[-0.124,+0.015] dAnom=-0.0065 dBoth=-0.0295[-0.090,+0.031]
bejis_2022->evia_2021_extended full=0.3828 dElev=-0.0015[-0.039,+0.042] dAnom=+0.0455 dBoth=+0.0626[+0.026,+0.100]
bejis_2022->montiferru_2021 full=0.5937 dElev=-0.0345[-0.128,+0.057] dAnom=+0.0054 dBoth=-0.0319[-0.129,+0.068]
  fit mugla_2021 full (3s)
  fit mugla_2021 drop_elev (3s)
  fit mugla_2021 drop_anom (3s)
  fit mugla_2021 drop_both (3s)
mugla_2021->manavgat_2021 full=0.3450 dElev=+0.0118[-0.025,+0.045] dAnom=+0.0124 dBoth=+0.0190[-0.018,+0.055]
mugla_2021->bejis_2022 full=0.5832 dElev=-0.0258[-0.052,-0.002] dAnom=+0.0113 dBoth=-0.0224[-0.055,+0.010]
mugla_2021->evia_2021_extended full=0.6534 dElev=-0.0377[-0.060,-0.013] dAnom=+0.0123 dBoth=-0.0355[-0.063,-0.009]
mugla_2021->montiferru_2021 full=0.5312 dElev=+0.0127[-0.063,+0.088] dAnom=+0.0019 dBoth=+0.0591[-0.010,+0.133]
  fit evia_2021_extended full (1s)
  fit evia_2021_extended drop_elev (1s)
  fit evia_2021_extended drop_anom (1s)
  fit evia_2021_extended drop_both (1s)
evia_2021_extended->manavgat_2021 full=0.6769 dElev=-0.0879[-0.111,-0.067] dAnom=+0.0393 dBoth=-0.0608[-0.083,-0.038]
evia_2021_extended->bejis_2022 full=0.4480 dElev=+0.0750[+0.023,+0.131] dAnom=+0.0005 dBoth=+0.0560[+0.000,+0.122]
evia_2021_extended->mugla_2021 full=0.5768 dElev=+0.0264[-0.014,+0.069] dAnom=-0.0021 dBoth=+0.0160[-0.019,+0.051]
evia_2021_extended->montiferru_2021 full=0.6467 dElev=-0.0250[-0.078,+0.029] dAnom=-0.0228 dBoth=-0.0156[-0.084,+0.050]
  fit montiferru_2021 full (0s)
  fit montiferru_2021 drop_elev (0s)
  fit montiferru_2021 drop_anom (0s)
  fit montiferru_2021 drop_both (0s)
montiferru_2021->manavgat_2021 full=0.4041 dElev=+0.1024[+0.077,+0.128] dAnom=-0.0111 dBoth=+0.0941[+0.068,+0.121]
montiferru_2021->bejis_2022 full=0.5483 dElev=-0.0357[-0.063,-0.010] dAnom=-0.0200 dBoth=+0.0046[-0.025,+0.034]
montiferru_2021->mugla_2021 full=0.6194 dElev=-0.0072[-0.037,+0.020] dAnom=+0.0251 dBoth=+0.0159[-0.029,+0.059]
montiferru_2021->evia_2021_extended full=0.5862 dElev=+0.0038[-0.038,+0.047] dAnom=+0.0085 dBoth=-0.0201[-0.065,+0.028]
=== within-region OOF CV ===
manavgat_2021 full=0.9081 (step8c diff 0.0000) dElev=-0.0318 dAnom=-0.0032 dBoth=-0.0347
bejis_2022 full=0.9178 (step8c diff 0.0000) dElev=-0.1137 dAnom=-0.0092 dBoth=-0.1299
mugla_2021 full=0.8590 (step8c diff 0.0000) dElev=-0.0594 dAnom=-0.0087 dBoth=-0.0735
evia_2021_extended full=0.9122 (step8c diff 0.0000) dElev=-0.0234 dAnom=-0.0350 dBoth=-0.0626
montiferru_2021 full=0.8826 (step8c diff 0.0000) dElev=-0.0528 dAnom=-0.0110 dBoth=-0.0789
written C:/Users/CORSAIR/projects/thermal-twin-main/paper/labelfix_rerun/round3/_staging/staging/feature_drop.json
