2026-09-23 00:47:03,252 INFO     ============================================================
2026-09-23 00:47:03,252 INFO     STEP 8D BASLIYOR (thermal feature ablation, spatial-block CV)
2026-09-23 00:47:03,252 INFO     ============================================================
2026-09-23 00:47:03,279 INFO     Step8A veri seti okundu (parquet): C:\Users\CORSAIR\projects\thermal-twin\rerun_labelfix\pipeline\outputs\experiments\manavgat_2021\step8a\step8a_500m_modeling_dataset.parquet (24150 satir)
2026-09-23 00:47:03,296 INFO     Ozellik eksik-deger sayimlari: {'lst_anomaly_mean': 2048, 'current_lst_mean': 75, 'current_tvdi_mean': 77, 'tvdi_difference_mean': 81, 'downscaled_lst_mean': 0, 'fused_lst_mean': 0}
2026-09-23 00:47:03,857 INFO     Populasyon: all_valid (n=24087, burned=3046)
2026-09-23 00:47:04,411 INFO       all_valid: 11 model egitiliyor (n=24087, burned=3046, folds=5)...
2026-09-23 00:48:28,068 INFO     all_valid: en iyi grup (delta_pr_auc)=all_thermal, all_thermal rank=#1
2026-09-23 00:48:28,070 INFO     Populasyon: cropland_dominant (n=1260, burned=54)
2026-09-23 00:48:28,155 INFO       cropland_dominant: 11 model egitiliyor (n=1260, burned=54, folds=5)...
2026-09-23 00:48:50,992 INFO     cropland_dominant: en iyi grup (delta_pr_auc)=downscaled_only, all_thermal rank=#10
2026-09-23 00:48:50,996 INFO     Populasyon: burnable_tree_shrub_grass (n=20511, burned=2935)
2026-09-23 00:48:51,772 INFO       burnable_tree_shrub_grass: 11 model egitiliyor (n=20511, burned=2935, folds=5)...
2026-09-23 00:50:08,207 INFO     burnable_tree_shrub_grass: en iyi grup (delta_pr_auc)=all_thermal, all_thermal rank=#1
2026-09-23 00:50:08,210 INFO     Populasyon: burnable_tree_shrub (n=15538, burned=2297)
2026-09-23 00:50:08,870 INFO       burnable_tree_shrub: 11 model egitiliyor (n=15538, burned=2297, folds=5)...
2026-09-23 00:51:07,444 INFO     burnable_tree_shrub: en iyi grup (delta_pr_auc)=all_thermal, all_thermal rank=#1
2026-09-23 00:51:11,060 INFO     Stats: C:\Users\CORSAIR\projects\thermal-twin\rerun_labelfix\pipeline\outputs\experiments\manavgat_2021\step8d\step8d_ablation_metrics.json
2026-09-23 00:51:11,060 INFO     Summary: C:\Users\CORSAIR\projects\thermal-twin\rerun_labelfix\pipeline\outputs\experiments\manavgat_2021\step8d\step8d_ablation_summary.md
2026-09-23 00:51:11,060 INFO     Predictions: C:\Users\CORSAIR\projects\thermal-twin\rerun_labelfix\pipeline\outputs\experiments\manavgat_2021\step8d\step8d_ablation_predictions.csv (parquet_written=True)
2026-09-23 00:51:11,060 INFO     ============================================================
2026-09-23 00:51:11,060 INFO     STEP 8D TAMAMLANDI (no FIRMS, no 30m pixels, spatial-block CV, point estimates only)
2026-09-23 00:51:11,060 INFO     ============================================================
{'stats_path': 'C:\\Users\\CORSAIR\\projects\\thermal-twin\\rerun_labelfix\\pipeline\\outputs\\experiments\\manavgat_2021\\step8d\\step8d_ablation_metrics.json', 'summary_path': 'C:\\Users\\CORSAIR\\projects\\thermal-twin\\rerun_labelfix\\pipeline\\outputs\\experiments\\manavgat_2021\\step8d\\step8d_ablation_summary.md', 'predictions_csv': 'C:\\Users\\CORSAIR\\projects\\thermal-twin\\rerun_labelfix\\pipeline\\outputs\\experiments\\manavgat_2021\\step8d\\step8d_ablation_predictions.csv', 'predictions_parquet': 'C:\\Users\\CORSAIR\\projects\\thermal-twin\\rerun_labelfix\\pipeline\\outputs\\experiments\\manavgat_2021\\step8d\\step8d_ablation_predictions.parquet', 'fold_metrics_path': 'C:\\Users\\CORSAIR\\projects\\thermal-twin\\rerun_labelfix\\pipeline\\outputs\\experiments\\manavgat_2021\\step8d\\step8d_ablation_fold_metrics.csv', 'feature_importance_path': 'C:\\Users\\CORSAIR\\projects\\thermal-twin\\rerun_labelfix\\pipeline\\outputs\\experiments\\manavgat_2021\\step8d\\step8d_ablation_feature_importance.csv', 'delta_auc_csv': 'C:\\Users\\CORSAIR\\projects\\thermal-twin\\rerun_labelfix\\pipeline\\outputs\\experiments\\manavgat_2021\\step8d\\step8d_ablation_delta_auc_by_population.csv', 'delta_pr_csv': 'C:\\Users\\CORSAIR\\projects\\thermal-twin\\rerun_labelfix\\pipeline\\outputs\\experiments\\manavgat_2021\\step8d\\step8d_ablation_delta_pr_auc_by_population.csv', 'barplot_path': 'C:\\Users\\CORSAIR\\projects\\thermal-twin\\rerun_labelfix\\pipeline\\outputs\\experiments\\manavgat_2021\\step8d\\step8d_ablation_barplot.png', 'experiment_id': 'manavgat_2021'}
STEP8D_DONE
