Manavgat->Bejis         lvl 0.3258 2c [0.3034,0.3485] 10c [0.2664,0.3877] | dlt -0.0064 2c [-0.0250,0.0108] ref [-0.0235,0.0097] 10c [-0.0444,0.0284] uncertain/uncertain
Bejis->Manavgat         lvl 0.4435 2c [0.4116,0.4795] 10c [0.3454,0.5623] | dlt +0.0226 2c [0.0001,0.0459] ref [-0.0005,0.0438] 10c [-0.0314,0.0779] uncertain/uncertain
Manavgat->Mugla         lvl 0.4702 2c [0.4537,0.4875] 10c [0.4150,0.5243] | dlt -0.0378 2c [-0.0511,-0.0249] ref [-0.0512,-0.0244] 10c [-0.0783,-0.0005] negative/negative
Mugla->Manavgat         lvl 0.4010 2c [0.3773,0.4251] 10c [0.3526,0.4552] | dlt -0.1205 2c [-0.1447,-0.0980] ref [-0.1458,-0.0978] 10c [-0.1573,-0.0864] negative/negative
Manavgat->Evia          lvl 0.6126 2c [0.5942,0.6321] 10c [0.5608,0.6654] | dlt +0.0187 2c [0.0028,0.0346] ref [0.0027,0.0344] 10c [-0.0238,0.0647] positive/uncertain
Evia->Manavgat          lvl 0.6858 2c [0.6539,0.7179] 10c [0.5886,0.7642] | dlt +0.0100 2c [-0.0110,0.0333] ref [-0.0120,0.0321] 10c [-0.0383,0.0584] uncertain/uncertain
Bejis->Mugla            lvl 0.6185 2c [0.6020,0.6339] 10c [0.5617,0.6751] | dlt +0.0262 2c [0.0134,0.0391] ref [0.0140,0.0384] 10c [-0.0156,0.0679] positive/uncertain
Mugla->Bejis            lvl 0.5832 2c [0.5584,0.6070] 10c [0.5318,0.6364] | dlt +0.1325 2c [0.1039,0.1579] ref [0.1048,0.1583] 10c [0.0654,0.1922] positive/positive
Bejis->Evia             lvl 0.3828 2c [0.3634,0.4020] 10c [0.3304,0.4306] | dlt -0.1476 2c [-0.1722,-0.1249] ref [-0.1682,-0.1263] 10c [-0.2018,-0.0948] negative/negative
Evia->Bejis             lvl 0.4480 2c [0.4259,0.4696] 10c [0.3942,0.4973] | dlt +0.0563 2c [0.0364,0.0765] ref [0.0371,0.0772] 10c [0.0187,0.1014] positive/positive
Mugla->Evia             lvl 0.6534 2c [0.6338,0.6721] 10c [0.5900,0.7091] | dlt +0.0536 2c [0.0391,0.0690] ref [0.0388,0.0674] 10c [0.0231,0.0833] positive/positive
Evia->Mugla             lvl 0.5768 2c [0.5597,0.5939] 10c [0.5202,0.6344] | dlt +0.0643 2c [0.0444,0.0830] ref [0.0444,0.0829] 10c [0.0045,0.1291] positive/positive
Montiferru->Manavgat    lvl 0.5670 2c [0.5407,0.5949] 10c [0.4974,0.6441] | dlt +0.0652 2c [0.0390,0.0905] ref [0.0408,0.0913] 10c [0.0094,0.1223] positive/positive
Manavgat->Montiferru    lvl 0.5333 2c [0.4899,0.5763] 10c [0.4109,0.6689] | dlt -0.0447 2c [-0.0798,-0.0109] ref [-0.0775,-0.0102] 10c [-0.1121,0.0312] negative/uncertain
Montiferru->Bejis       lvl 0.5483 2c [0.5206,0.5752] 10c [0.4789,0.6356] | dlt -0.0643 2c [-0.0845,-0.0448] ref [-0.0823,-0.0440] 10c [-0.0987,-0.0255] negative/negative
Bejis->Montiferru       lvl 0.5937 2c [0.5545,0.6287] 10c [0.4669,0.6870] | dlt +0.0407 2c [0.0074,0.0739] ref [0.0054,0.0730] 10c [-0.0455,0.1207] positive/uncertain
Montiferru->Mugla       lvl 0.6194 2c [0.6034,0.6336] 10c [0.5704,0.6684] | dlt -0.0319 2c [-0.0487,-0.0162] ref [-0.0476,-0.0170] 10c [-0.0867,0.0240] negative/uncertain
Mugla->Montiferru       lvl 0.5312 2c [0.4968,0.5667] 10c [0.4568,0.6039] | dlt -0.0793 2c [-0.1194,-0.0375] ref [-0.1168,-0.0374] 10c [-0.1695,0.0220] negative/uncertain
Montiferru->Evia        lvl 0.5862 2c [0.5653,0.6062] 10c [0.5204,0.6490] | dlt +0.0298 2c [0.0139,0.0439] ref [0.0132,0.0457] 10c [-0.0080,0.0681] positive/uncertain
Evia->Montiferru        lvl 0.6467 2c [0.6109,0.6813] 10c [0.5516,0.7377] | dlt +0.0973 2c [0.0543,0.1356] ref [0.0543,0.1385] 10c [0.0130,0.1872] positive/positive

max |point - step9b point| = 1.1102230246251565e-16
max |2c lo - step10 lo| = 0.00546   max |2c hi - step10 hi| = 0.00409
mean |lo diff| = 0.00164   mean |hi diff| = 0.00102
verdict agreement 2c mine vs step10: 20/20
2-cell (step10 ref): above 12 below 6 uncertain 2
2-cell (mine)      : above 12 below 6 uncertain 2
10-cell            : above 9 below 4 uncertain 7
median width 2c 0.0465  10c 0.1202
mean width ratio 10c/2c 2.826

--- paired delta (thermal minus baseline) ---
max |baseline point - step9b| = 1.1102230246251565e-16
max |delta point - step9b| = 2.220446049250313e-16
max |2c delta lo - step9c lo| = 0.00393   max |2c delta hi - step9c hi| = 0.00284
mean |delta lo diff| = 0.00117   mean |delta hi diff| = 0.00093
delta verdict agreement 2c mine vs step9c: 19/20
delta 2-cell (step9c ref): pos 10 neg 7 uncertain 3
delta 2-cell (mine)      : pos 11 neg 7 uncertain 2
delta 10-cell            : pos 6 neg 4 uncertain 10
delta point sign flips 2c vs 10c: 0 by construction (points do not depend on blocking)
delta median width 2c 0.0422  10c 0.1018
delta mean width ratio 10c/2c 2.404
delta changed verdict: Manavgat->Evia positive->uncertain; Bejis->Mugla positive->uncertain; Manavgat->Montiferru negative->uncertain; Bejis->Montiferru positive->uncertain; Montiferru->Mugla negative->uncertain; Mugla->Montiferru negative->uncertain; Montiferru->Evia positive->uncertain
