{'region': 'manavgat_2021', 'frame': 'full', 'cv10_thermal': 0.8822, 'capture_thermal': {'top10': 0.4347529812606474, 'top20': 0.6729131175468483}, 'lobo_thermal': 0.8162, 'lobo10km_thermal': 0.483, 'cv10_baseline': 0.8203, 'capture_baseline': {'top10': 0.3131175468483816, 'top20': 0.5294718909710392}, 'lobo_baseline': 0.7635, 'lobo10km_baseline': 0.4928}
{'region': 'manavgat_2021', 'frame': '10km', 'cv10_thermal': 0.8133, 'lobo_thermal': 0.7125, 'lobo10km_thermal': 0.397, 'cv10_baseline': 0.74, 'lobo_baseline': 0.6698, 'lobo10km_baseline': 0.401}
{'region': 'bejis_2022', 'frame': 'full', 'cv10_thermal': 0.8245, 'capture_thermal': {'top10': 0.44545454545454544, 'top20': 0.6345454545454545}, 'lobo_thermal': 0.5428, 'lobo10km_thermal': 0.0542, 'cv10_baseline': 0.7794, 'capture_baseline': {'top10': 0.29545454545454547, 'top20': 0.5372727272727272}, 'lobo_baseline': 0.4842, 'lobo10km_baseline': 0.0945}
{'region': 'bejis_2022', 'frame': '10km', 'cv10_thermal': 0.7398, 'lobo_thermal': 0.5656, 'lobo10km_thermal': 0.1613, 'cv10_baseline': 0.71, 'lobo_baseline': 0.5242, 'lobo10km_baseline': 0.1782}
{'region': 'mugla_2021', 'frame': 'full', 'cv10_thermal': 0.7773, 'capture_thermal': {'top10': 0.40742013053933357, 'top20': 0.5809000343524562}, 'lobo_thermal': 0.5959, 'lobo10km_thermal': 0.3697, 'cv10_baseline': 0.698, 'capture_baseline': {'top10': 0.2614221916867056, 'top20': 0.4225352112676056}, 'lobo_baseline': 0.6029, 'lobo10km_baseline': 0.5109}
{'region': 'mugla_2021', 'frame': '10km', 'cv10_thermal': 0.7634, 'lobo_thermal': 0.5887, 'lobo10km_thermal': 0.4536, 'cv10_baseline': 0.6759, 'lobo_baseline': 0.5738, 'lobo10km_baseline': 0.5248}
{'region': 'evia_2021_extended', 'frame': 'full', 'cv10_thermal': 0.8642, 'capture_thermal': {'top10': 0.29954954954954954, 'top20': 0.5228978978978979}, 'lobo_thermal': 0.6904, 'lobo10km_thermal': 0.6821, 'cv10_baseline': 0.716, 'capture_baseline': {'top10': 0.17004504504504506, 'top20': 0.3460960960960961}, 'lobo_baseline': 0.5268, 'lobo10km_baseline': 0.5464}
{'region': 'evia_2021_extended', 'frame': '10km', 'cv10_thermal': 0.8949, 'lobo_thermal': 0.7402, 'lobo10km_thermal': 0.6863, 'cv10_baseline': 0.7614, 'lobo_baseline': 0.5987, 'lobo10km_baseline': 0.586}
{'region': 'montiferru_2021', 'frame': 'full', 'cv10_thermal': 0.7199, 'capture_thermal': {'top10': 0.18923933209647495, 'top20': 0.37291280148423006}, 'lobo_thermal': 0.4499, 'lobo10km_thermal': 0.4273, 'cv10_baseline': 0.6204, 'capture_baseline': {'top10': 0.15955473098330242, 'top20': 0.28014842300556586}, 'lobo_baseline': 0.4359, 'lobo10km_baseline': 0.3037}
{'region': 'montiferru_2021', 'frame': '10km', 'cv10_thermal': 0.7201, 'lobo_thermal': 0.4559, 'lobo10km_thermal': 0.431, 'cv10_baseline': 0.6306, 'lobo_baseline': 0.44, 'lobo10km_baseline': 0.2944}
{
 "cv10_thermal": {
  "mean_reference": 0.7863220352093183,
  "mean_shortfall": 0.19722909669415625,
  "ci95": [
   0.09115827709084443,
   0.3032999162974681
  ],
  "per_target": {
   "manavgat_2021": 0.3193,
   "bejis_2022": 0.2017,
   "mugla_2021": 0.1724,
   "evia_2021_extended": 0.2114,
   "montiferru_2021": 0.0813
  }
 },
 "lobo_thermal": {
  "mean_reference": 0.6125929170826956,
  "mean_shortfall": 0.023499978567533476,
  "ci95": [
   -0.1547652941693175,
   0.20176525130438444
  ],
  "per_target": {
   "manavgat_2021": 0.2185,
   "bejis_2022": 0.0276,
   "mugla_2021": -0.0024,
   "evia_2021_extended": 0.0567,
   "montiferru_2021": -0.1829
  }
 },
 "lobo10km_thermal": {
  "mean_reference": 0.4258286772699937,
  "mean_shortfall": -0.16326426124516846,
  "ci95": [
   -0.33903819912759603,
   0.012509676637259132
  ],
  "per_target": {
   "manavgat_2021": -0.0969,
   "bejis_2022": -0.3767,
   "mugla_2021": -0.1375,
   "evia_2021_extended": 0.0027,
   "montiferru_2021": -0.2079
  }
 }
}
{
 "cells_removed": 48,
 "burned_among_removed": 10,
 "block2_all": {
  "thermal": 0.9178110845861024,
  "baseline": 0.8616776566230079,
  "gain": 0.05613342796309451
 },
 "block2_without_prelabel": {
  "thermal": 0.9130696077740086,
  "baseline": 0.8627052990595874,
  "gain": 0.05036430871442121
 },
 "block10_all": {
  "thermal": 0.8244685786179753,
  "baseline": 0.7793700238725079,
  "gain": 0.04509855474546742
 },
 "block10_without_prelabel": {
  "thermal": 0.8539878420127599,
  "baseline": 0.792512868323945,
  "gain": 0.06147497368881494
 },
 "transfer_max_abs_change_thermal": 0.01493252027630354,
 "transfer_mean_delta": {
  "all": 0.010874697320102288,
  "without_prelabel": 0.007073212481905247
 }
}
