manavgat_2021 {'pooled': 0.8822236106383259, 'fold_mean': 0.8860846814178931, 'fold_min': 0.8429966479345361, 'fold_max': 0.92005027687167, 'folds_with_both_classes': 5} 10-20 [0.8, 0.754, 0.459, 0.265, 0.041, -0.069]
bejis_2022 {'pooled': 0.8244685786179753, 'fold_mean': 0.8422314807602096, 'fold_min': 0.7583778966131907, 'fold_max': 0.9169607755194205, 'folds_with_both_classes': 5} 10-20 [0.701, 0.573, 0.381, 0.149, -0.094, 0.009]
mugla_2021 {'pooled': 0.7773268638729566, 'fold_mean': 0.7833794060253665, 'fold_min': 0.6825061887079882, 'fold_max': 0.8567372524565143, 'folds_with_both_classes': 5} 10-20 [0.579, 0.693, 0.421, 0.146, -0.007, -0.035]
evia_2021_extended {'pooled': 0.8641886346702445, 'fold_mean': 0.8680678947397439, 'fold_min': 0.8184886436293985, 'fold_max': 0.924090318388564, 'folds_with_both_classes': 5} 20-40 [0.832, 0.68, 0.55, 0.484, 0.228, -0.185]
montiferru_2021 {'pooled': 0.7199006195087421, 'fold_mean': 0.7229345762561865, 'fold_min': 0.5173721500590426, 'fold_max': 0.8886335262739757, 'folds_with_both_classes': 5} 5-10 [0.719, 0.502, 0.189, -0.011, -0.058, 0.024]
{
 "crossed_random_effects": {
  "full": {
   "mean": 0.0073282787818315445,
   "se": 0.015259536344770086,
   "ci95_t4": [
    -0.03503898621019319,
    0.04969554377385628
   ],
   "var_source": 2.1367914794700226e-19,
   "var_target": 8.078703632953656e-23,
   "var_residual": 0.0046570689891471855
  },
  "10km": {
   "mean": 0.023782552899938074,
   "se": 0.012934936749297138,
   "ci95_t4": [
    -0.012130588923691024,
    0.05969569472356717
   ],
   "var_source": 1.2879633672464092e-18,
   "var_target": 1.9138242727624143e-30,
   "var_residual": 0.0033462517741663454
  }
 },
 "fold_vs_pooled": {
  "manavgat_2021": {
   "pooled": 0.8822236106383259,
   "fold_mean": 0.8860846814178931,
   "fold_min": 0.8429966479345361,
   "fold_max": 0.92005027687167,
   "folds_with_both_classes": 5
  },
  "bejis_2022": {
   "pooled": 0.8244685786179753,
   "fold_mean": 0.8422314807602096,
   "fold_min": 0.7583778966131907,
   "fold_max": 0.9169607755194205,
   "folds_with_both_classes": 5
  },
  "mugla_2021": {
   "pooled": 0.7773268638729566,
   "fold_mean": 0.7833794060253665,
   "fold_min": 0.6825061887079882,
   "fold_max": 0.8567372524565143,
   "folds_with_both_classes": 5
  },
  "evia_2021_extended": {
   "pooled": 0.8641886346702445,
   "fold_mean": 0.8680678947397439,
   "fold_min": 0.8184886436293985,
   "fold_max": 0.924090318388564,
   "folds_with_both_classes": 5
  },
  "montiferru_2021": {
   "pooled": 0.7199006195087421,
   "fold_mean": 0.7229345762561865,
   "fold_min": 0.5173721500590426,
   "fold_max": 0.8886335262739757,
   "folds_with_both_classes": 5
  }
 },
 "pr_lift": {
  "median": 1.1833900396352228,
  "mean": 1.132898391873366,
  "min": 0.6832416003790254,
  "max": 2.2425010452460503
 },
 "model_capacity": {
  "rf_canonical_thermal": {
   "mean": 0.5267118880452303,
   "pair_cluster_ci95": [
    0.46063209721134873,
    0.5884189798274024
   ]
  },
  "rf_canonical_increment": {
   "mean": 0.007328256754744136,
   "pair_cluster_ci95": [
    -0.021777296748229143,
    0.03436037508601396
   ]
  },
  "rf_shallow_thermal": {
   "mean": 0.526992545787096,
   "pair_cluster_ci95": [
    0.45993844099553555,
    0.5937345743346046
   ]
  },
  "rf_shallow_increment": {
   "mean": -0.011413018326833151,
   "pair_cluster_ci95": [
    -0.039977775689527095,
    0.016427396937822122
   ]
  },
  "rf_leaf200_thermal": {
   "mean": 0.5224262622903446,
   "pair_cluster_ci95": [
    0.45598495774111164,
    0.584410739685376
   ]
  },
  "rf_leaf200_increment": {
   "mean": -0.018944238250045476,
   "pair_cluster_ci95": [
    -0.0450885796274895,
    0.006708848147079335
   ]
  },
  "logistic_thermal": {
   "mean": 0.48115565400372545,
   "pair_cluster_ci95": [
    0.4187180848084434,
    0.541800129563082
   ]
  },
  "logistic_increment": {
   "mean": -0.020969553491963777,
   "pair_cluster_ci95": [
    -0.05726558199174384,
    0.010252889210793313
   ]
  }
 }
}
