This is pdfTeX, Version 3.141592653-2.6-1.40.28 (MiKTeX 25.12) (preloaded format=pdflatex 2026.8.14)  23 SEP 2026 23:57
entering extended mode
 restricted \write18 enabled.
 %&-line parsing enabled.
**./supplementary.tex
(supplementary.tex
LaTeX2e <2025-11-01>
L3 programming layer <2025-12-24>

(C:\Users\CORSAIR\AppData\Local\Programs\MiKTeX\tex/latex/elsarticle\elsarticle
.cls
Document Class: elsarticle 2026/01/09, 3.5: Elsevier Ltd
(C:\Users\CORSAIR\AppData\Local\Programs\MiKTeX\tex/latex/base\fontenc.sty
Package: fontenc 2025/07/18 v2.1d Standard LaTeX package
)
(C:\Users\CORSAIR\AppData\Local\Programs\MiKTeX\tex/latex/l3kernel\expl3.sty
Package: expl3 2025-12-24 L3 programming layer (loader) 

(C:\Users\CORSAIR\AppData\Local\Programs\MiKTeX\tex/latex/l3backend\l3backend-p
dftex.def
File: l3backend-pdftex.def 2025-10-09 L3 backend support: PDF output (pdfTeX)
\l__color_backend_stack_int=\count275
))
(C:\Users\CORSAIR\AppData\Local\Programs\MiKTeX\tex/latex/l3packages/xparse\xpa
rse.sty
Package: xparse 2025-10-09 L3 Experimental document command parser
)
(C:\Users\CORSAIR\AppData\Local\Programs\MiKTeX\tex/latex/etoolbox\etoolbox.sty
Package: etoolbox 2025/10/02 v2.5m e-TeX tools for LaTeX (JAW)
\etb@tempcnta=\count276
)
\@bls=\dimen148
 (C:\Users\CORSAIR\AppData\Local\Programs\MiKTeX\tex/latex/base\article.cls
Document Class: article 2025/01/22 v1.4n Standard LaTeX document class
(C:\Users\CORSAIR\AppData\Local\Programs\MiKTeX\tex/latex/base\size12.clo
File: size12.clo 2025/01/22 v1.4n Standard LaTeX file (size option)
)
\c@part=\count277
\c@section=\count278
\c@subsection=\count279
\c@subsubsection=\count280
\c@paragraph=\count281
\c@subparagraph=\count282
\c@figure=\count283
\c@table=\count284
\abovecaptionskip=\skip49
\belowcaptionskip=\skip50
\bibindent=\dimen149
)
(C:\Users\CORSAIR\AppData\Local\Programs\MiKTeX\tex/latex/graphics\graphicx.sty
Package: graphicx 2024/12/31 v1.2e Enhanced LaTeX Graphics (DPC,SPQR)
(C:\Users\CORSAIR\AppData\Local\Programs\MiKTeX\tex/latex/graphics\keyval.sty
Package: keyval 2022/05/29 v1.15 key=value parser (DPC)
\KV@toks@=\toks17
)
(C:\Users\CORSAIR\AppData\Local\Programs\MiKTeX\tex/latex/graphics\graphics.sty
Package: graphics 2024/08/06 v1.4g Standard LaTeX Graphics (DPC,SPQR)
(C:\Users\CORSAIR\AppData\Local\Programs\MiKTeX\tex/latex/graphics\trig.sty
Package: trig 2023/12/02 v1.11 sin cos tan (DPC)
)
(C:\Users\CORSAIR\AppData\Local\Programs\MiKTeX\tex/latex/graphics-cfg\graphics
.cfg
File: graphics.cfg 2016/06/04 v1.11 sample graphics configuration
)
Package graphics Info: Driver file: pdftex.def on input line 106.

(C:\Users\CORSAIR\AppData\Local\Programs\MiKTeX\tex/latex/graphics-def\pdftex.d
ef
File: pdftex.def 2025/09/29 v1.2d Graphics/color driver for pdftex
))
\Gin@req@height=\dimen150
\Gin@req@width=\dimen151
)
\c@tnote=\count285
\c@fnote=\count286
\c@cnote=\count287
\c@ead=\count288
\c@elsarticle@author=\count289
\@eadauthor=\toks18
\c@affn=\count290
\absbox=\box53
\elsarticlehighlightsbox=\box54
\elsarticlegrabsbox=\box55
\keybox=\box56
\Columnwidth=\dimen152
\space@left=\dimen153
\els@boxa=\box57
\els@boxb=\box58
\leftMargin=\dimen154
\@enLab=\toks19
\@sep=\skip51
\@@sep=\skip52
 (supplementary.spl)
(C:\Users\CORSAIR\AppData\Local\Programs\MiKTeX\tex/latex/natbib\natbib.sty
Package: natbib 2010/09/13 8.31b (PWD, AO)
\bibhang=\skip53
\bibsep=\skip54
LaTeX Info: Redefining \cite on input line 694.
\c@NAT@ctr=\count291
)
\splwrite=\write3
\openout3 = `supplementary.spl'.

\appnamewidth=\dimen155
)
(C:\Users\CORSAIR\AppData\Local\Programs\MiKTeX\tex/latex/base\inputenc.sty
Package: inputenc 2024/02/08 v1.3d Input encoding file
\inpenc@prehook=\toks20
\inpenc@posthook=\toks21
)
(C:\Users\CORSAIR\AppData\Local\Programs\MiKTeX\tex/latex/base\fontenc.sty
Package: fontenc 2025/07/18 v2.1d Standard LaTeX package
)
(C:\Users\CORSAIR\AppData\Local\Programs\MiKTeX\tex/latex/lm\lmodern.sty
Package: lmodern 2015/05/01 v1.6.1 Latin Modern Fonts
LaTeX Font Info:    Overwriting symbol font `operators' in version `normal'
(Font)                  OT1/cmr/m/n --> OT1/lmr/m/n on input line 22.
LaTeX Font Info:    Overwriting symbol font `letters' in version `normal'
(Font)                  OML/cmm/m/it --> OML/lmm/m/it on input line 23.
LaTeX Font Info:    Overwriting symbol font `symbols' in version `normal'
(Font)                  OMS/cmsy/m/n --> OMS/lmsy/m/n on input line 24.
LaTeX Font Info:    Overwriting symbol font `largesymbols' in version `normal'
(Font)                  OMX/cmex/m/n --> OMX/lmex/m/n on input line 25.
LaTeX Font Info:    Overwriting symbol font `operators' in version `bold'
(Font)                  OT1/cmr/bx/n --> OT1/lmr/bx/n on input line 26.
LaTeX Font Info:    Overwriting symbol font `letters' in version `bold'
(Font)                  OML/cmm/b/it --> OML/lmm/b/it on input line 27.
LaTeX Font Info:    Overwriting symbol font `symbols' in version `bold'
(Font)                  OMS/cmsy/b/n --> OMS/lmsy/b/n on input line 28.
LaTeX Font Info:    Overwriting symbol font `largesymbols' in version `bold'
(Font)                  OMX/cmex/m/n --> OMX/lmex/m/n on input line 29.
LaTeX Font Info:    Overwriting math alphabet `\mathbf' in version `normal'
(Font)                  OT1/cmr/bx/n --> OT1/lmr/bx/n on input line 31.
LaTeX Font Info:    Overwriting math alphabet `\mathsf' in version `normal'
(Font)                  OT1/cmss/m/n --> OT1/lmss/m/n on input line 32.
LaTeX Font Info:    Overwriting math alphabet `\mathit' in version `normal'
(Font)                  OT1/cmr/m/it --> OT1/lmr/m/it on input line 33.
LaTeX Font Info:    Overwriting math alphabet `\mathtt' in version `normal'
(Font)                  OT1/cmtt/m/n --> OT1/lmtt/m/n on input line 34.
LaTeX Font Info:    Overwriting math alphabet `\mathbf' in version `bold'
(Font)                  OT1/cmr/bx/n --> OT1/lmr/bx/n on input line 35.
LaTeX Font Info:    Overwriting math alphabet `\mathsf' in version `bold'
(Font)                  OT1/cmss/bx/n --> OT1/lmss/bx/n on input line 36.
LaTeX Font Info:    Overwriting math alphabet `\mathit' in version `bold'
(Font)                  OT1/cmr/bx/it --> OT1/lmr/bx/it on input line 37.
LaTeX Font Info:    Overwriting math alphabet `\mathtt' in version `bold'
(Font)                  OT1/cmtt/m/n --> OT1/lmtt/m/n on input line 38.
)
(C:\Users\CORSAIR\AppData\Local\Programs\MiKTeX\tex/latex/base\textcomp.sty
Package: textcomp 2024/04/24 v2.1b Standard LaTeX package
)
(C:\Users\CORSAIR\AppData\Local\Programs\MiKTeX\tex/latex/tools\tabularx.sty
Package: tabularx 2023/12/11 v2.12a `tabularx' package (DPC)

(C:\Users\CORSAIR\AppData\Local\Programs\MiKTeX\tex/latex/tools\array.sty
Package: array 2025/09/25 v2.6n Tabular extension package (FMi)
\col@sep=\dimen156
\ar@mcellbox=\box59
\extrarowheight=\dimen157
\NC@list=\toks22
\extratabsurround=\skip55
\backup@length=\skip56
\ar@cellbox=\box60
)
\TX@col@width=\dimen158
\TX@old@table=\dimen159
\TX@old@col=\dimen160
\TX@target=\dimen161
\TX@delta=\dimen162
\TX@cols=\count292
\TX@ftn=\toks23
)
(C:\Users\CORSAIR\AppData\Local\Programs\MiKTeX\tex/latex/amsmath\amsmath.sty
Package: amsmath 2025/07/09 v2.17z AMS math features
\@mathmargin=\skip57

For additional information on amsmath, use the `?' option.
(C:\Users\CORSAIR\AppData\Local\Programs\MiKTeX\tex/latex/amsmath\amstext.sty
Package: amstext 2024/11/17 v2.01 AMS text

(C:\Users\CORSAIR\AppData\Local\Programs\MiKTeX\tex/latex/amsmath\amsgen.sty
File: amsgen.sty 1999/11/30 v2.0 generic functions
\@emptytoks=\toks24
\ex@=\dimen163
))
(C:\Users\CORSAIR\AppData\Local\Programs\MiKTeX\tex/latex/amsmath\amsbsy.sty
Package: amsbsy 1999/11/29 v1.2d Bold Symbols
\pmbraise@=\dimen164
)
(C:\Users\CORSAIR\AppData\Local\Programs\MiKTeX\tex/latex/amsmath\amsopn.sty
Package: amsopn 2022/04/08 v2.04 operator names
)
\inf@bad=\count293
LaTeX Info: Redefining \frac on input line 233.
\uproot@=\count294
\leftroot@=\count295
LaTeX Info: Redefining \overline on input line 398.
LaTeX Info: Redefining \colon on input line 409.
\classnum@=\count296
\DOTSCASE@=\count297
LaTeX Info: Redefining \ldots on input line 495.
LaTeX Info: Redefining \dots on input line 498.
LaTeX Info: Redefining \cdots on input line 619.
\Mathstrutbox@=\box61
\strutbox@=\box62
LaTeX Info: Redefining \big on input line 721.
LaTeX Info: Redefining \Big on input line 722.
LaTeX Info: Redefining \bigg on input line 723.
LaTeX Info: Redefining \Bigg on input line 724.
\big@size=\dimen165
LaTeX Font Info:    Redeclaring font encoding OML on input line 742.
LaTeX Font Info:    Redeclaring font encoding OMS on input line 743.
\macc@depth=\count298
LaTeX Info: Redefining \bmod on input line 904.
LaTeX Info: Redefining \pmod on input line 909.
LaTeX Info: Redefining \smash on input line 939.
LaTeX Info: Redefining \relbar on input line 969.
LaTeX Info: Redefining \Relbar on input line 970.
\c@MaxMatrixCols=\count299
\dotsspace@=\muskip17
\c@parentequation=\count300
\dspbrk@lvl=\count301
\tag@help=\toks25
\row@=\count302
\column@=\count303
\maxfields@=\count304
\andhelp@=\toks26
\eqnshift@=\dimen166
\alignsep@=\dimen167
\tagshift@=\dimen168
\tagwidth@=\dimen169
\totwidth@=\dimen170
\lineht@=\dimen171
\@envbody=\toks27
\multlinegap=\skip58
\multlinetaggap=\skip59
\mathdisplay@stack=\toks28
LaTeX Info: Redefining \[ on input line 2950.
LaTeX Info: Redefining \] on input line 2951.
)
(C:\Users\CORSAIR\AppData\Local\Programs\MiKTeX\tex/latex/booktabs\booktabs.sty
Package: booktabs 2020/01/12 v1.61803398 Publication quality tables
\heavyrulewidth=\dimen172
\lightrulewidth=\dimen173
\cmidrulewidth=\dimen174
\belowrulesep=\dimen175
\belowbottomsep=\dimen176
\aboverulesep=\dimen177
\abovetopsep=\dimen178
\cmidrulesep=\dimen179
\cmidrulekern=\dimen180
\defaultaddspace=\dimen181
\@cmidla=\count305
\@cmidlb=\count306
\@aboverulesep=\dimen182
\@belowrulesep=\dimen183
\@thisruleclass=\count307
\@lastruleclass=\count308
\@thisrulewidth=\dimen184
)
(C:\Users\CORSAIR\AppData\Local\Programs\MiKTeX\tex/latex/setspace\setspace.sty
Package: setspace 2022/12/04 v6.7b set line spacing
) (C:\Users\CORSAIR\AppData\Local\Programs\MiKTeX\tex/latex/tools\xr.sty
Package: xr 2024-12-22 v6.00 eXternal References (DPC)
)
Package xr Info: IMPORTING LABELS FROM manuscript.aux on input line 27.
LaTeX Font Info:    Trying to load font information for T1+lmr on input line 27
.

(C:\Users\CORSAIR\AppData\Local\Programs\MiKTeX\tex/latex/lm\t1lmr.fd
File: t1lmr.fd 2015/05/01 v1.6.1 Font defs for Latin Modern
)
(supplementary.aux)
\openout1 = `supplementary.aux'.

LaTeX Font Info:    Checking defaults for OML/cmm/m/it on input line 27.
LaTeX Font Info:    ... okay on input line 27.
LaTeX Font Info:    Checking defaults for OMS/cmsy/m/n on input line 27.
LaTeX Font Info:    ... okay on input line 27.
LaTeX Font Info:    Checking defaults for OT1/cmr/m/n on input line 27.
LaTeX Font Info:    ... okay on input line 27.
LaTeX Font Info:    Checking defaults for T1/cmr/m/n on input line 27.
LaTeX Font Info:    ... okay on input line 27.
LaTeX Font Info:    Checking defaults for TS1/cmr/m/n on input line 27.
LaTeX Font Info:    ... okay on input line 27.
LaTeX Font Info:    Checking defaults for OMX/cmex/m/n on input line 27.
LaTeX Font Info:    ... okay on input line 27.
LaTeX Font Info:    Checking defaults for U/cmr/m/n on input line 27.
LaTeX Font Info:    ... okay on input line 27.

(C:\Users\CORSAIR\AppData\Local\Programs\MiKTeX\tex/context/base/mkii\supp-pdf.
mkii
[Loading MPS to PDF converter (version 2006.09.02).]
\scratchcounter=\count309
\scratchdimen=\dimen185
\scratchbox=\box63
\nofMPsegments=\count310
\nofMParguments=\count311
\everyMPshowfont=\toks29
\MPscratchCnt=\count312
\MPscratchDim=\dimen186
\MPnumerator=\count313
\makeMPintoPDFobject=\count314
\everyMPtoPDFconversion=\toks30
)
(C:\Users\CORSAIR\AppData\Local\Programs\MiKTeX\tex/latex/epstopdf-pkg\epstopdf
-base.sty
Package: epstopdf-base 2020-01-24 v2.11 Base part for package epstopdf
Package epstopdf-base Info: Redefining graphics rule for `.eps' on input line 4
85.

(C:\Users\CORSAIR\AppData\Local\Programs\MiKTeX\tex/latex/00miktex\epstopdf-sys
.cfg
File: epstopdf-sys.cfg 2021/03/18 v2.0 Configuration of epstopdf for MiKTeX
))
LaTeX Font Info:    Trying to load font information for OT1+lmr on input line 2
9.
 (C:\Users\CORSAIR\AppData\Local\Programs\MiKTeX\tex/latex/lm\ot1lmr.fd
File: ot1lmr.fd 2015/05/01 v1.6.1 Font defs for Latin Modern
)
LaTeX Font Info:    Trying to load font information for OML+lmm on input line 2
9.

(C:\Users\CORSAIR\AppData\Local\Programs\MiKTeX\tex/latex/lm\omllmm.fd
File: omllmm.fd 2015/05/01 v1.6.1 Font defs for Latin Modern
)
LaTeX Font Info:    Trying to load font information for OMS+lmsy on input line 
29.

(C:\Users\CORSAIR\AppData\Local\Programs\MiKTeX\tex/latex/lm\omslmsy.fd
File: omslmsy.fd 2015/05/01 v1.6.1 Font defs for Latin Modern
)
LaTeX Font Info:    Trying to load font information for OMX+lmex on input line 
29.

(C:\Users\CORSAIR\AppData\Local\Programs\MiKTeX\tex/latex/lm\omxlmex.fd
File: omxlmex.fd 2015/05/01 v1.6.1 Font defs for Latin Modern
)
LaTeX Font Info:    External font `lmex10' loaded for size
(Font)              <12> on input line 29.
LaTeX Font Info:    External font `lmex10' loaded for size
(Font)              <8> on input line 29.
LaTeX Font Info:    External font `lmex10' loaded for size
(Font)              <6> on input line 29.

(supplementary.toc [1

{C:/Users/CORSAIR/AppData/Local/MiKTeX/fonts/map/pdftex/pdftex.map}{C:/Users/CO
RSAIR/AppData/Local/Programs/MiKTeX/fonts/enc/dvips/lm/lm-ec.enc}{C:/Users/CORS
AIR/AppData/Local/Programs/MiKTeX/fonts/enc/dvips/lm/lm-mathit.enc}] [2])
\tf@toc=\write4
\openout4 = `supplementary.toc'.

 [3]
LaTeX Font Info:    Trying to load font information for T1+lmtt on input line 5
5.

(C:\Users\CORSAIR\AppData\Local\Programs\MiKTeX\tex/latex/lm\t1lmtt.fd
File: t1lmtt.fd 2015/05/01 v1.6.1 Font defs for Latin Modern
)
[4

{C:/Users/CORSAIR/AppData/Local/Programs/MiKTeX/fonts/enc/dvips/lm/lm-mathsy.en
c}{C:/Users/CORSAIR/AppData/Local/Programs/MiKTeX/fonts/enc/dvips/lm/lm-rm.enc}
]
LaTeX Font Info:    Trying to load font information for TS1+lmr on input line 7
3.
 (C:\Users\CORSAIR\AppData\Local\Programs\MiKTeX\tex/latex/lm\ts1lmr.fd
File: ts1lmr.fd 2015/05/01 v1.6.1 Font defs for Latin Modern
)
[5] [6{C:/Users/CORSAIR/AppData/Local/Programs/MiKTeX/fonts/enc/dvips/lm/lm-ts1
.enc}] [7] [8]
LaTeX Font Info:    External font `lmex10' loaded for size
(Font)              <10> on input line 149.
LaTeX Font Info:    External font `lmex10' loaded for size
(Font)              <7> on input line 149.
LaTeX Font Info:    External font `lmex10' loaded for size
(Font)              <5> on input line 149.
 [9] [10] [11]
Overfull \hbox (6.30525pt too wide) in paragraph at lines 290--290
 \T1/lmr/m/n/10 prevalence-
 []

[12] [13] [14] [15] [16]
LaTeX Font Info:    Font shape `T1/lmtt/bx/n' in size <12> not available
(Font)              Font shape `T1/lmtt/b/n' tried instead on input line 387.
 [17] [18] [19] [20] [21] [22] [23]
Underfull \hbox (badness 1270) in paragraph at lines 489--490
[]\T1/lmr/m/n/12 Manavgat's down-stream chain was re-built from a quality-scree
ned
 []

[24] [25] [26] [27]
Underfull \hbox (badness 3701) in paragraph at lines 544--545
\T1/lmtt/m/n/12 frozen_mugla.csv \T1/lmr/m/n/12 and the trans-fer ma-trix \T1/l
mtt/m/n/12 paper/labelfix_rerun/
 []


Underfull \hbox (badness 6284) in paragraph at lines 544--545
\T1/lmtt/m/n/12 round5/collar/aoi_frame_transfer.csv\T1/lmr/m/n/12 , which su-p
er-sede the pre-
 []

[28] [29] [30] [31] [32] [33] [34] [35] [36] [37] [38] [39] [40] [41]
Overfull \hbox (6.44595pt too wide) in paragraph at lines 941--941
[]|\T1/lmr/m/n/10 Mahalanobis, 
 []


LaTeX Warning: Float too large for page by 281.64441pt on input line 942.

[42] [43] [44] [45] [46] [47]
Underfull \hbox (badness 1596) in paragraph at lines 948--949
\T1/lmr/m/n/12 ap-pli-ca-bil-ity, cli-matic and ge-o-graphic rows on twelve di-
rec-tions, the
 []


Underfull \hbox (badness 1609) in paragraph at lines 975--976
[]\T1/lmr/m/n/12 Labels come from MODIS MCD64A1 Col-lec-tion 6.1 (\T1/lmtt/m/n/
12 MODIS/061/
 []

[48] [49] [50] [51] [52] [53]
Underfull \hbox (badness 1430) in paragraph at lines 1053--1054
[]\T1/lmr/m/n/12 (iii) \T1/lmr/bx/n/12 All la-bels de-rive from a sin-gle burne
d-area prod-uct\T1/lmr/m/n/12 ,
 []

[54] [55] [56] [57{C:/Users/CORSAIR/AppData/Local/Programs/MiKTeX/fonts/enc/dvi
ps/lm/lm-mathex.enc}] [58] [59] [60] [61]
Overfull \hbox (0.88924pt too wide) in paragraph at lines 1208--1208
\T1/lmr/m/n/10 Schoener's 
 []


Overfull \hbox (1.94475pt too wide) in paragraph at lines 1208--1208
[]|\T1/lmr/m/n/10 geographic|  
 []

[62] [63] [64] [65]
Overfull \hbox (159.57527pt too wide) in paragraph at lines 1273--1273
[]  \T1/lmtt/m/n/12 \makebox[\linewidth][c]{\includegraphics[width=140mm]{figur
es/fig8_contrast_pairs.pdf}}[] 
 []


Overfull \hbox (54.60022pt too wide) in paragraph at lines 1273--1273
[]  \T1/lmtt/m/n/12 \caption{\textbf{Burned-niche overlap does not determine tr
ansfer: the[] 
 []


Overfull \hbox (73.12523pt too wide) in paragraph at lines 1273--1273
[]  \T1/lmtt/m/n/12 contrast pair.} Per-feature signed univariate AUC, the prob
ability that a[] 
 []


Overfull \hbox (66.95023pt too wide) in paragraph at lines 1273--1273
[]  \T1/lmtt/m/n/12 predictor takes a higher value on a burned cell than on an 
unburned one,[] 
 []


Overfull \hbox (48.42522pt too wide) in paragraph at lines 1273--1273
[]  \T1/lmtt/m/n/12 for the two most informative region pairs, natural-vegetati
on primary[] 
 []


Overfull \hbox (66.95023pt too wide) in paragraph at lines 1273--1273
[]  \T1/lmtt/m/n/12 population. Arrows run from chance (0.5) to the observed va
lue, so their[] 
 []


Overfull \hbox (60.77522pt too wide) in paragraph at lines 1273--1273
[]  \T1/lmtt/m/n/12 direction is the sign of the association and their length i
ts strength;[] 
 []


Overfull \hbox (48.41821pt too wide) in paragraph at lines 1273--1273
[]  \T1/lmtt/m/n/12 whiskers are 95\% spatial-block ($\approx$5\,km) bootstrap 
intervals.[] 
 []


Overfull \hbox (85.47523pt too wide) in paragraph at lines 1273--1273
[]  \T1/lmtt/m/n/12 Within each pair the two regions are distinguished by colou
r, by line style[] 
 []


Overfull \hbox (73.12523pt too wide) in paragraph at lines 1273--1273
[]  \T1/lmtt/m/n/12 (solid for the first region named, dashed for the second) a
nd by vertical[] 
 []


Overfull \hbox (91.65024pt too wide) in paragraph at lines 1273--1273
[]  \T1/lmtt/m/n/12 offset; line style is included because the two hues differ 
by only 2.30:1 in[] 
 []


Overfull \hbox (97.81824pt too wide) in paragraph at lines 1273--1273
[]  \T1/lmtt/m/n/12 \textbf{A filled arrowhead means that region's 95\% interva
l excludes 0.5, so[] 
 []


Overfull \hbox (48.42522pt too wide) in paragraph at lines 1273--1273
[]  \T1/lmtt/m/n/12 the direction is statistically supported; an open arrowhead
 means the[] 
 []


Overfull \hbox (85.47523pt too wide) in paragraph at lines 1273--1273
[]  \T1/lmtt/m/n/12 interval contains 0.5 and the direction is not supported.} 
Rows shaded grey[] 
 []


Overfull \hbox (97.82524pt too wide) in paragraph at lines 1273--1273
[]  \T1/lmtt/m/n/12 are features whose sign disagrees between the two regions. 
Grey side bars are[] 
 []


Overfull \hbox (110.17525pt too wide) in paragraph at lines 1273--1273
[]  \T1/lmtt/m/n/12 \textbf{(a)} Manavgat--Mu\u{g}la, the pair with the \emph{h
ighest} burned-niche[] 
 []


Overfull \hbox (36.07521pt too wide) in paragraph at lines 1273--1273
[]  \T1/lmtt/m/n/12 overlap ($\bar{D}=0.83$), transfers below chance in both di
rections[] 
 []


Overfull \hbox (54.60022pt too wide) in paragraph at lines 1273--1273
[]  \T1/lmtt/m/n/12 on the frames as drawn (0.470 and 0.401); under the equalis
ed frame of[] 
 []


Overfull \hbox (110.17525pt too wide) in paragraph at lines 1273--1273
[]  \T1/lmtt/m/n/12 Section~\ref{M-sec:4.4} it is 0.551 and 0.510, above chance
 but still among the[] 
 []


Overfull \hbox (79.30023pt too wide) in paragraph at lines 1273--1273
[]  \T1/lmtt/m/n/12 weakest in the matrix. \textbf{(b)} Bej\'is--Montiferru, th
e pair with the[] 
 []


Overfull \hbox (54.60022pt too wide) in paragraph at lines 1273--1273
[]  \T1/lmtt/m/n/12 \emph{lowest} overlap ($\bar{D}=0.48$), transfers above cha
nce in both[] 
 []


Overfull \hbox (85.44022pt too wide) in paragraph at lines 1273--1273
[]  \T1/lmtt/m/n/12 directions (0.594 as drawn, 0.669 equalised, and 0.548 agai
nst 0.624). High[] 
 []


Overfull \hbox (85.47523pt too wide) in paragraph at lines 1273--1273
[]  \T1/lmtt/m/n/12 niche overlap is therefore not sufficient for transfer, whi
ch is an ordinal[] 
 []


Overfull \hbox (116.35025pt too wide) in paragraph at lines 1273--1273
[]  \T1/lmtt/m/n/12 claim on either frame. The arrowhead fill also exposes the 
coverage limit of the[] 
 []


Overfull \hbox (91.65024pt too wide) in paragraph at lines 1273--1273
[]  \T1/lmtt/m/n/12 supported-agreement index, which is defined only on feature
s whose direction[] 
 []


Overfull \hbox (60.77522pt too wide) in paragraph at lines 1273--1273
[]  \T1/lmtt/m/n/12 is supported in \emph{both} regions: there are two such fea
tures in (a)[] 
 []


Overfull \hbox (48.42522pt too wide) in paragraph at lines 1273--1273
[]  \T1/lmtt/m/n/12 (NDVI and elevation) and \textbf{none in (b)}, where the tw
o regions'[] 
 []


Overfull \hbox (73.12523pt too wide) in paragraph at lines 1273--1273
[]  \T1/lmtt/m/n/12 supported sets are disjoint and Montiferru's intervals are 
wide. Pair (b)[] 
 []


Overfull \hbox (66.95023pt too wide) in paragraph at lines 1273--1273
[]  \T1/lmtt/m/n/12 therefore drops out of the supported-index sample entirely.
 The index is[] 
 []


Overfull \hbox (85.47523pt too wide) in paragraph at lines 1273--1273
[]  \T1/lmtt/m/n/12 undefined exactly on the pair that most challenges the over
lap explanation,[] 
 []

[66] [67]
Overfull \hbox (3.15826pt too wide) in paragraph at lines 1289--1290
\T1/lmr/m/n/12 fled within tier by a seed de-rived as \T1/lmtt/m/n/12 blake2b(s
chema|source|target|outer_
 []

[68] [69] [70] [71] (supplementary.bbl
Underfull \hbox (badness 1655) in paragraph at lines 17--29
[]\T1/lmr/m/n/12 Barve, N., Barve, V., Jiménez-Valverde, A., Lira-Noriega, A., 
Ma-
 []


Underfull \hbox (badness 1859) in paragraph at lines 30--41
\T1/lmr/m/n/12 ber, M.L., 2019.  Global val-i-da-tion of the Col-lec-tion 6 MOD
IS
 []


Underfull \hbox (badness 1424) in paragraph at lines 54--66
\T1/lmr/m/n/12 wild-fire ig-ni-tion mod-els across Mediter-ranean re-gions us-i
ng har-mo-
 []

[72]
Underfull \hbox (badness 1194) in paragraph at lines 78--88
[]\T1/lmr/m/n/12 Gorelick, N., Hancher, M., Dixon, M., Ilyushchenko, S., Thau, 
D.,
 []

[73]
Underfull \hbox (badness 3536) in paragraph at lines 194--202
[]\T1/lmr/m/n/12 Rousseau, J.S., Betts, M.G., 2022.  Fac-tors in-flu-enc-ing tr
ans-fer-
 []


Underfull \hbox (badness 2671) in paragraph at lines 194--202
\T1/lmr/m/n/12 abil-ity in species dis-tri-bu-tion mod-els.  Ecog-ra-phy 2022, 
e06060.
 []

[74]) [75] (supplementary.aux)
 ***********
LaTeX2e <2025-11-01>
L3 programming layer <2025-12-24>
 ***********
 ) 
Here is how much of TeX's memory you used:
 4251 strings out of 467871
 65770 string characters out of 5417408
 532459 words of memory out of 5000000
 33040 multiletter control sequences out of 15000+600000
 693741 words of font info for 82 fonts, out of 8000000 for 9000
 1141 hyphenation exceptions out of 8191
 72i,12n,79p,2014b,380s stack positions out of 10000i,1000n,20000p,200000b,200000s
<C:/Users/CORSAIR/AppData/Local/Programs/MiKTeX/fonts/type1/public/lm/lmbx10.
pfb><C:/Users/CORSAIR/AppData/Local/Programs/MiKTeX/fonts/type1/public/lm/lmbx1
2.pfb><C:/Users/CORSAIR/AppData/Local/Programs/MiKTeX/fonts/type1/public/lm/lmb
x8.pfb><C:/Users/CORSAIR/AppData/Local/Programs/MiKTeX/fonts/type1/public/lm/lm
ex10.pfb><C:/Users/CORSAIR/AppData/Local/Programs/MiKTeX/fonts/type1/public/lm/
lmmi10.pfb><C:/Users/CORSAIR/AppData/Local/Programs/MiKTeX/fonts/type1/public/l
m/lmmi12.pfb><C:/Users/CORSAIR/AppData/Local/Programs/MiKTeX/fonts/type1/public
/lm/lmmi6.pfb><C:/Users/CORSAIR/AppData/Local/Programs/MiKTeX/fonts/type1/publi
c/lm/lmmi8.pfb><C:/Users/CORSAIR/AppData/Local/Programs/MiKTeX/fonts/type1/publ
ic/lm/lmr10.pfb><C:/Users/CORSAIR/AppData/Local/Programs/MiKTeX/fonts/type1/pub
lic/lm/lmr12.pfb><C:/Users/CORSAIR/AppData/Local/Programs/MiKTeX/fonts/type1/pu
blic/lm/lmr7.pfb><C:/Users/CORSAIR/AppData/Local/Programs/MiKTeX/fonts/type1/pu
blic/lm/lmr8.pfb><C:/Users/CORSAIR/AppData/Local/Programs/MiKTeX/fonts/type1/pu
blic/lm/lmri10.pfb><C:/Users/CORSAIR/AppData/Local/Programs/MiKTeX/fonts/type1/
public/lm/lmri12.pfb><C:/Users/CORSAIR/AppData/Local/Programs/MiKTeX/fonts/type
1/public/lm/lmsy10.pfb><C:/Users/CORSAIR/AppData/Local/Programs/MiKTeX/fonts/ty
pe1/public/lm/lmsy7.pfb><C:/Users/CORSAIR/AppData/Local/Programs/MiKTeX/fonts/t
ype1/public/lm/lmsy8.pfb><C:/Users/CORSAIR/AppData/Local/Programs/MiKTeX/fonts/
type1/public/lm/lmtk10.pfb><C:/Users/CORSAIR/AppData/Local/Programs/MiKTeX/font
s/type1/public/lm/lmtt10.pfb><C:/Users/CORSAIR/AppData/Local/Programs/MiKTeX/fo
nts/type1/public/lm/lmtt12.pfb><C:/Users/CORSAIR/AppData/Local/Programs/MiKTeX/
fonts/type1/public/lm/lmtt8.pfb>
Output written on supplementary.pdf (75 pages, 643696 bytes).
PDF statistics:
 367 PDF objects out of 1000 (max. 8388607)
 0 named destinations out of 1000 (max. 500000)
 1 words of extra memory for PDF output out of 10000 (max. 10000000)

