transfer AUC cross-check vs Emrehan AoA table: max |diff| = 1.11e-16 over 12 directions

measure                                  set        n   rho     [95% CI]            tau     [95% CI]
regime_dist_log_effn                     full       20  0.109  [-0.670,0.797]   0.097  [-0.528,0.660]
regime_dist_log_effn                     4-AOI      12  0.141  [-0.836,0.839]   0.095  [-0.704,0.713]
regime_dist_largest_share                full       20  0.109  [-0.665,0.766]   0.097  [-0.526,0.636]
regime_dist_largest_share                4-AOI      12  0.141  [-0.839,0.839]   0.095  [-0.713,0.752]
domain_classifier_auc                    full       20 -0.326  [-0.809,0.359]  -0.249  [-0.685,0.249]
domain_classifier_auc                    4-AOI      12 -0.368  [-0.839,0.702]  -0.222  [-0.752,0.633]
target_mean_dissimilarity                full       12 -0.126  [-0.674,0.370]  -0.121  [-0.593,0.226]
target_mean_dissimilarity                4-AOI      12 -0.126  [-0.630,0.348]  -0.121  [-0.586,0.226]
target_p95_dissimilarity                 full       12 -0.147  [-0.676,0.245]  -0.212  [-0.593,0.100]
target_p95_dissimilarity                 4-AOI      12 -0.147  [-0.692,0.239]  -0.212  [-0.600,0.100]
fraction_inside_weighted_aoa             full       12  0.210  [-0.478,0.623]   0.121  [-0.333,0.387]
fraction_inside_weighted_aoa             4-AOI      12  0.210  [-0.435,0.623]   0.121  [-0.333,0.387]
climate_distance                         full       12  0.028  [-0.837,0.836]   0.032  [-0.708,0.708]
climate_distance                         4-AOI      12  0.028  [-0.853,0.837]   0.032  [-0.752,0.713]
geographic_distance_km                   full       12 -0.170  [-0.867,0.839]  -0.095  [-0.792,0.726]
geographic_distance_km                   4-AOI      12 -0.170  [-0.853,0.839]  -0.095  [-0.784,0.713]
unweighted_fraction_inside_support       full       12  0.084  [-0.921,0.761]   0.000  [-0.833,0.567]
unweighted_fraction_inside_support       4-AOI      12  0.084  [-0.865,0.761]   0.000  [-0.774,0.567]
