============================================================================
ITEM 9  WITHIN-REGION INCREMENT ON THE EQUALISED FRAME
============================================================================
  full  manavgat_2021          thermal 0.797  baseline 0.748  increment +0.050
  full  bejis_2022             thermal 0.824  baseline 0.779  increment +0.045
  full  mugla_2021             thermal 0.777  baseline 0.698  increment +0.079
  full  evia_2021_extended     thermal 0.864  baseline 0.716  increment +0.148
  full  montiferru_2021        thermal 0.720  baseline 0.620  increment +0.099
  full  MEAN increment +0.0844  (positive in 5/5)

  10km  manavgat_2021          thermal 0.737  baseline 0.698  increment +0.039
  10km  bejis_2022             thermal 0.740  baseline 0.710  increment +0.030
  10km  mugla_2021             thermal 0.763  baseline 0.676  increment +0.088
  10km  evia_2021_extended     thermal 0.895  baseline 0.761  increment +0.134
  10km  montiferru_2021        thermal 0.720  baseline 0.631  increment +0.090
  10km  MEAN increment +0.0759  (positive in 5/5)

  5km   manavgat_2021          thermal 0.650  baseline 0.632  increment +0.018
  5km   bejis_2022             thermal 0.702  baseline 0.684  increment +0.017
  5km   mugla_2021             thermal 0.727  baseline 0.678  increment +0.049
  5km   evia_2021_extended     thermal 0.882  baseline 0.811  increment +0.071
  5km   montiferru_2021        thermal 0.716  baseline 0.677  increment +0.040
  5km   MEAN increment +0.0390  (positive in 5/5)

============================================================================
ITEM 4  AN INTERVAL ON THE MATCHED SHORTFALL, PAIRED BY TARGET REGION
============================================================================
  manavgat_2021          within 0.737  mean transfer in 0.615  shortfall +0.122
  bejis_2022             within 0.740  mean transfer in 0.531  shortfall +0.208
  mugla_2021             within 0.763  mean transfer in 0.608  shortfall +0.156
  evia_2021_extended     within 0.895  mean transfer in 0.689  shortfall +0.206
  montiferru_2021        within 0.720  mean transfer in 0.635  shortfall +0.086

  mean shortfall +0.1555  [+0.0893, +0.2216]  (t over 5 target regions)

============================================================================
ITEM 6  THE SUPPORTED-SUBSET COSINE ON THE COLLAR (never tested)
============================================================================
  full      defined in 16/20 directions, 5 distinct values, variance 0.764952
            Spearman rho vs transfer = +0.8054 (p=0.0002)
  collar10  defined in 18/20 directions, 7 distinct values, variance 0.000144
            Spearman rho vs transfer = -0.0042 (p=0.9867)

wrote C:/Users/CORSAIR/projects/thermal-twin/rerun_labelfix/_round5/out_control/collar_increment_and_cosine.csv
