2026-09-23 10:45:52,809 INFO     ======================================================================
2026-09-23 10:45:52,809 INFO     STEP10A: on-kayit (preregistration) + girdi denetimi
2026-09-23 10:45:52,809 INFO     ======================================================================
2026-09-23 10:45:52,824 INFO     YENI on-kayit olusturuldu (immutable): analysis_id=77c6546794363ce466c1440abb4317289d1fa2878d9acba04d4a76003a7be56d (C:\Users\CORSAIR\projects\thermal-twin\refreeze\_control_frozenlabel\outputs\cross_region\manavgat_2021__evia_2021_extended\step10\step10_preregistration.json)
2026-09-23 10:45:52,872 INFO     Girdi denetimi yazildi: C:\Users\CORSAIR\projects\thermal-twin\refreeze\_control_frozenlabel\outputs\cross_region\manavgat_2021__evia_2021_extended\step10\step10_input_audit.json
2026-09-23 10:45:52,873 INFO     analysis_id = 77c6546794363ce466c1440abb4317289d1fa2878d9acba04d4a76003a7be56d
2026-09-23 10:45:52,873 INFO     ======================================================================
2026-09-23 10:45:52,873 INFO     STEP10B: label-blind adaptasyon + tahmin (raw/zscore/CORAL)
2026-09-23 10:45:52,873 INFO     ======================================================================
2026-09-23 10:45:52,873 INFO     Step10B: manavgat_2021 ve evia_2021_extended icin Step8A veri setleri yukleniyor (kaynak: X+y; hedef: YALNIZCA X)...
2026-09-23 10:45:52,909 INFO     [manavgat_2021_to_evia_2021_extended] hedef DataFrame label-blind hale getirildi (kolonlar: ['cell_id', 'spatial_block_id', 'valid_for_modeling', 'burnable_tree_shrub_grass', 'burnable_tree_shrub', 'ndvi_mean', 'elevation_mean', 'slope_mean', 'landcover_dominant', 'lst_anomaly_mean', 'current_lst_mean', 'current_tvdi_mean', 'tvdi_difference_mean', 'downscaled_lst_mean', 'fused_lst_mean']) -- 'burned' YOK.
2026-09-23 10:45:58,295 INFO     [evia_2021_extended_to_manavgat_2021] hedef DataFrame label-blind hale getirildi (kolonlar: ['cell_id', 'spatial_block_id', 'valid_for_modeling', 'burnable_tree_shrub_grass', 'burnable_tree_shrub', 'ndvi_mean', 'elevation_mean', 'slope_mean', 'landcover_dominant', 'lst_anomaly_mean', 'current_lst_mean', 'current_tvdi_mean', 'tvdi_difference_mean', 'downscaled_lst_mean', 'fused_lst_mean']) -- 'burned' YOK.
2026-09-23 10:46:02,576 INFO     Step10B tamamlandi: C:\Users\CORSAIR\projects\thermal-twin\refreeze\_control_frozenlabel\outputs\cross_region\manavgat_2021__evia_2021_extended\step10\step10_predictions.parquet, C:\Users\CORSAIR\projects\thermal-twin\refreeze\_control_frozenlabel\outputs\cross_region\manavgat_2021__evia_2021_extended\step10\step10_adaptation_statistics.json
2026-09-23 10:46:02,577 INFO     ======================================================================
2026-09-23 10:46:02,577 INFO     STEP10C: esli degerlendirme + reprodüksiyon kontrolu + bootstrap
2026-09-23 10:46:02,577 INFO     ======================================================================
2026-09-23 10:46:02,597 INFO     [manavgat_2021_to_evia_2021_extended] Step10B tahminleri hedef etiketiyle hizalaniyor...
2026-09-23 10:46:02,713 INFO     [manavgat_2021_to_evia_2021_extended] Raw reprodüksiyon kontrolu BASARILI (tum farklar <= 1e-06).
2026-09-23 10:46:02,714 INFO     [manavgat_2021_to_evia_2021_extended] N-yollu esli spatial-block bootstrap calistiriliyor (1000 replika)...
2026-09-23 10:46:32,527 INFO     [evia_2021_extended_to_manavgat_2021] Step10B tahminleri hedef etiketiyle hizalaniyor...
2026-09-23 10:46:32,702 INFO     [evia_2021_extended_to_manavgat_2021] Raw reprodüksiyon kontrolu BASARILI (tum farklar <= 1e-06).
2026-09-23 10:46:32,702 INFO     [evia_2021_extended_to_manavgat_2021] N-yollu esli spatial-block bootstrap calistiriliyor (1000 replika)...
2026-09-23 10:47:23,489 INFO     Step10C tamamlandi: C:\Users\CORSAIR\projects\thermal-twin\refreeze\_control_frozenlabel\outputs\cross_region\manavgat_2021__evia_2021_extended\step10
2026-09-23 10:47:23,491 INFO     ======================================================================
2026-09-23 10:47:23,491 INFO     STEP10D: final rapor
2026-09-23 10:47:23,491 INFO     ======================================================================
2026-09-23 10:47:24,170 INFO     Step10D complete; protected input SHA-256 check passed: C:\Users\CORSAIR\projects\thermal-twin\refreeze\_control_frozenlabel\outputs\cross_region\manavgat_2021__evia_2021_extended\step10\step10_final_report.json
2026-09-23 10:47:24,170 INFO     ======================================================================
2026-09-23 10:47:24,170 INFO     STEP10 TAMAMLANDI. analysis_id=77c6546794363ce466c1440abb4317289d1fa2878d9acba04d4a76003a7be56d
2026-09-23 10:47:24,171 INFO     ======================================================================
