2026-09-23 10:52:43,752 INFO     ======================================================================
2026-09-23 10:52:43,752 INFO     STEP10A: on-kayit (preregistration) + girdi denetimi
2026-09-23 10:52:43,752 INFO     ======================================================================
2026-09-23 10:52:43,767 INFO     YENI on-kayit olusturuldu (immutable): analysis_id=2843b998c142c98d266cbb16e299412fcf6b15cefd7f5c6f600dca321500107c (C:\Users\CORSAIR\projects\thermal-twin\refreeze\_control_frozenlabel\outputs\cross_region\mugla_2021__manavgat_2021\step10\step10_preregistration.json)
2026-09-23 10:52:43,829 INFO     Girdi denetimi yazildi: C:\Users\CORSAIR\projects\thermal-twin\refreeze\_control_frozenlabel\outputs\cross_region\mugla_2021__manavgat_2021\step10\step10_input_audit.json
2026-09-23 10:52:43,830 INFO     analysis_id = 2843b998c142c98d266cbb16e299412fcf6b15cefd7f5c6f600dca321500107c
2026-09-23 10:52:43,830 INFO     ======================================================================
2026-09-23 10:52:43,830 INFO     STEP10B: label-blind adaptasyon + tahmin (raw/zscore/CORAL)
2026-09-23 10:52:43,830 INFO     ======================================================================
2026-09-23 10:52:43,830 INFO     Step10B: mugla_2021 ve manavgat_2021 icin Step8A veri setleri yukleniyor (kaynak: X+y; hedef: YALNIZCA X)...
2026-09-23 10:52:43,888 INFO     [mugla_2021_to_manavgat_2021] hedef DataFrame label-blind hale getirildi (kolonlar: ['cell_id', 'spatial_block_id', 'valid_for_modeling', 'burnable_tree_shrub_grass', 'burnable_tree_shrub', 'ndvi_mean', 'elevation_mean', 'slope_mean', 'landcover_dominant', 'lst_anomaly_mean', 'current_lst_mean', 'current_tvdi_mean', 'tvdi_difference_mean', 'downscaled_lst_mean', 'fused_lst_mean']) -- 'burned' YOK.
2026-09-23 10:52:55,745 INFO     [manavgat_2021_to_mugla_2021] hedef DataFrame label-blind hale getirildi (kolonlar: ['cell_id', 'spatial_block_id', 'valid_for_modeling', 'burnable_tree_shrub_grass', 'burnable_tree_shrub', 'ndvi_mean', 'elevation_mean', 'slope_mean', 'landcover_dominant', 'lst_anomaly_mean', 'current_lst_mean', 'current_tvdi_mean', 'tvdi_difference_mean', 'downscaled_lst_mean', 'fused_lst_mean']) -- 'burned' YOK.
2026-09-23 10:53:01,847 INFO     Step10B tamamlandi: C:\Users\CORSAIR\projects\thermal-twin\refreeze\_control_frozenlabel\outputs\cross_region\mugla_2021__manavgat_2021\step10\step10_predictions.parquet, C:\Users\CORSAIR\projects\thermal-twin\refreeze\_control_frozenlabel\outputs\cross_region\mugla_2021__manavgat_2021\step10\step10_adaptation_statistics.json
2026-09-23 10:53:01,849 INFO     ======================================================================
2026-09-23 10:53:01,850 INFO     STEP10C: esli degerlendirme + reprodüksiyon kontrolu + bootstrap
2026-09-23 10:53:01,850 INFO     ======================================================================
2026-09-23 10:53:01,878 INFO     [mugla_2021_to_manavgat_2021] Step10B tahminleri hedef etiketiyle hizalaniyor...
2026-09-23 10:53:02,047 INFO     [mugla_2021_to_manavgat_2021] Raw reprodüksiyon kontrolu BASARILI (tum farklar <= 1e-06).
2026-09-23 10:53:02,048 INFO     [mugla_2021_to_manavgat_2021] N-yollu esli spatial-block bootstrap calistiriliyor (1000 replika)...
2026-09-23 10:53:52,019 INFO     [manavgat_2021_to_mugla_2021] Step10B tahminleri hedef etiketiyle hizalaniyor...
2026-09-23 10:53:52,378 INFO     [manavgat_2021_to_mugla_2021] Raw reprodüksiyon kontrolu BASARILI (tum farklar <= 1e-06).
2026-09-23 10:53:52,381 INFO     [manavgat_2021_to_mugla_2021] N-yollu esli spatial-block bootstrap calistiriliyor (1000 replika)...
2026-09-23 10:55:32,408 INFO     Step10C tamamlandi: C:\Users\CORSAIR\projects\thermal-twin\refreeze\_control_frozenlabel\outputs\cross_region\mugla_2021__manavgat_2021\step10
2026-09-23 10:55:32,409 INFO     ======================================================================
2026-09-23 10:55:32,409 INFO     STEP10D: final rapor
2026-09-23 10:55:32,409 INFO     ======================================================================
2026-09-23 10:55:34,038 INFO     Step10D complete; protected input SHA-256 check passed: C:\Users\CORSAIR\projects\thermal-twin\refreeze\_control_frozenlabel\outputs\cross_region\mugla_2021__manavgat_2021\step10\step10_final_report.json
2026-09-23 10:55:34,038 INFO     ======================================================================
2026-09-23 10:55:34,038 INFO     STEP10 TAMAMLANDI. analysis_id=2843b998c142c98d266cbb16e299412fcf6b15cefd7f5c6f600dca321500107c
2026-09-23 10:55:34,038 INFO     ======================================================================
