2026-09-23 10:33:00,776 INFO     ======================================================================
2026-09-23 10:33:00,776 INFO     STEP10A: on-kayit (preregistration) + girdi denetimi
2026-09-23 10:33:00,776 INFO     ======================================================================
2026-09-23 10:33:00,792 INFO     YENI on-kayit olusturuldu (immutable): analysis_id=ea075fc3b67796a0e52fd383366d5f9ab45650efd7a4792d60749c08779a17c6 (C:\Users\CORSAIR\projects\thermal-twin\refreeze\_control_frozenlabel\outputs\cross_region\manavgat_2021__bejis_2022\step10\step10_preregistration.json)
2026-09-23 10:33:00,838 INFO     Girdi denetimi yazildi: C:\Users\CORSAIR\projects\thermal-twin\refreeze\_control_frozenlabel\outputs\cross_region\manavgat_2021__bejis_2022\step10\step10_input_audit.json
2026-09-23 10:33:00,838 INFO     analysis_id = ea075fc3b67796a0e52fd383366d5f9ab45650efd7a4792d60749c08779a17c6
2026-09-23 10:33:00,838 INFO     ======================================================================
2026-09-23 10:33:00,838 INFO     STEP10B: label-blind adaptasyon + tahmin (raw/zscore/CORAL)
2026-09-23 10:33:00,838 INFO     ======================================================================
2026-09-23 10:33:00,838 INFO     Step10B: manavgat_2021 ve bejis_2022 icin Step8A veri setleri yukleniyor (kaynak: X+y; hedef: YALNIZCA X)...
2026-09-23 10:33:00,870 INFO     [manavgat_2021_to_bejis_2022] hedef DataFrame label-blind hale getirildi (kolonlar: ['cell_id', 'spatial_block_id', 'valid_for_modeling', 'burnable_tree_shrub_grass', 'burnable_tree_shrub', 'ndvi_mean', 'elevation_mean', 'slope_mean', 'landcover_dominant', 'lst_anomaly_mean', 'current_lst_mean', 'current_tvdi_mean', 'tvdi_difference_mean', 'downscaled_lst_mean', 'fused_lst_mean']) -- 'burned' YOK.
2026-09-23 10:33:06,298 INFO     [bejis_2022_to_manavgat_2021] hedef DataFrame label-blind hale getirildi (kolonlar: ['cell_id', 'spatial_block_id', 'valid_for_modeling', 'burnable_tree_shrub_grass', 'burnable_tree_shrub', 'ndvi_mean', 'elevation_mean', 'slope_mean', 'landcover_dominant', 'lst_anomaly_mean', 'current_lst_mean', 'current_tvdi_mean', 'tvdi_difference_mean', 'downscaled_lst_mean', 'fused_lst_mean']) -- 'burned' YOK.
2026-09-23 10:33:11,142 INFO     Step10B tamamlandi: C:\Users\CORSAIR\projects\thermal-twin\refreeze\_control_frozenlabel\outputs\cross_region\manavgat_2021__bejis_2022\step10\step10_predictions.parquet, C:\Users\CORSAIR\projects\thermal-twin\refreeze\_control_frozenlabel\outputs\cross_region\manavgat_2021__bejis_2022\step10\step10_adaptation_statistics.json
2026-09-23 10:33:11,143 INFO     ======================================================================
2026-09-23 10:33:11,143 INFO     STEP10C: esli degerlendirme + reprodüksiyon kontrolu + bootstrap
2026-09-23 10:33:11,143 INFO     ======================================================================
2026-09-23 10:33:11,163 INFO     [manavgat_2021_to_bejis_2022] Step10B tahminleri hedef etiketiyle hizalaniyor...
2026-09-23 10:33:11,285 INFO     [manavgat_2021_to_bejis_2022] Raw reprodüksiyon kontrolu BASARILI (tum farklar <= 1e-06).
2026-09-23 10:33:11,285 INFO     [manavgat_2021_to_bejis_2022] N-yollu esli spatial-block bootstrap calistiriliyor (1000 replika)...
2026-09-23 10:33:52,865 INFO     [bejis_2022_to_manavgat_2021] Step10B tahminleri hedef etiketiyle hizalaniyor...
2026-09-23 10:33:52,988 INFO     [bejis_2022_to_manavgat_2021] Raw reprodüksiyon kontrolu BASARILI (tum farklar <= 1e-06).
2026-09-23 10:33:52,991 INFO     [bejis_2022_to_manavgat_2021] N-yollu esli spatial-block bootstrap calistiriliyor (1000 replika)...
2026-09-23 10:34:44,025 INFO     Step10C tamamlandi: C:\Users\CORSAIR\projects\thermal-twin\refreeze\_control_frozenlabel\outputs\cross_region\manavgat_2021__bejis_2022\step10
2026-09-23 10:34:44,026 INFO     ======================================================================
2026-09-23 10:34:44,026 INFO     STEP10D: final rapor
2026-09-23 10:34:44,026 INFO     ======================================================================
2026-09-23 10:34:44,641 INFO     Step10D complete; protected input SHA-256 check passed: C:\Users\CORSAIR\projects\thermal-twin\refreeze\_control_frozenlabel\outputs\cross_region\manavgat_2021__bejis_2022\step10\step10_final_report.json
2026-09-23 10:34:44,641 INFO     ======================================================================
2026-09-23 10:34:44,641 INFO     STEP10 TAMAMLANDI. analysis_id=ea075fc3b67796a0e52fd383366d5f9ab45650efd7a4792d60749c08779a17c6
2026-09-23 10:34:44,641 INFO     ======================================================================
