2026-09-23 10:32:10,551 INFO     ======================================================================
2026-09-23 10:32:10,551 INFO     STEP9A: cross-region girdi uygunluk denetimi
2026-09-23 10:32:10,551 INFO     ======================================================================
2026-09-23 10:32:10,552 INFO     Step9A audit basliyor: source=manavgat_2021, target=bejis_2022
2026-09-23 10:32:10,610 INFO     Step9A tamamlandi: passed=True (C:\Users\CORSAIR\projects\thermal-twin\refreeze\manavgat_2021\outputs\cross_region\manavgat_2021__bejis_2022\step9a\cross_region_input_audit.json, C:\Users\CORSAIR\projects\thermal-twin\refreeze\manavgat_2021\outputs\cross_region\manavgat_2021__bejis_2022\step9a\cross_region_input_audit.md)
2026-09-23 10:32:10,611 INFO     ======================================================================
2026-09-23 10:32:10,611 INFO     STEP9B: iki yonlu cross-region transfer
2026-09-23 10:32:10,611 INFO     ======================================================================
2026-09-23 10:32:10,611 INFO     Step9B: manavgat_2021 <-> bejis_2022 icin veri setleri yukleniyor...
2026-09-23 10:32:10,641 INFO     [manavgat_2021 -> bejis_2022] populasyon=burnable_tree_shrub_grass calisiyor...
2026-09-23 10:32:21,595 INFO     [manavgat_2021 -> bejis_2022 / burnable_tree_shrub_grass] delta_auc=0.02571149751596863 delta_pr_auc=0.0021638074514567437 delta_brier=-0.021368440732093708
2026-09-23 10:32:21,595 INFO     [manavgat_2021 -> bejis_2022] populasyon=all_valid calisiyor...
2026-09-23 10:32:35,509 INFO     [manavgat_2021 -> bejis_2022 / all_valid] delta_auc=0.019899764734527148 delta_pr_auc=0.0017616290878430321 delta_brier=-0.025574191141640973
2026-09-23 10:32:35,512 INFO     [manavgat_2021 -> bejis_2022] populasyon=burnable_tree_shrub calisiyor...
2026-09-23 10:32:45,889 INFO     [manavgat_2021 -> bejis_2022 / burnable_tree_shrub] delta_auc=0.036837867541184066 delta_pr_auc=0.0030790329774329703 delta_brier=-0.02904915592040494
2026-09-23 10:32:45,889 INFO     [bejis_2022 -> manavgat_2021] populasyon=burnable_tree_shrub_grass calisiyor...
2026-09-23 10:32:54,570 INFO     [bejis_2022 -> manavgat_2021 / burnable_tree_shrub_grass] delta_auc=0.017599731397701213 delta_pr_auc=0.0013202292581944441 delta_brier=-0.026050378410173602
2026-09-23 10:32:54,571 INFO     [bejis_2022 -> manavgat_2021] populasyon=all_valid calisiyor...
2026-09-23 10:33:03,142 INFO     [bejis_2022 -> manavgat_2021 / all_valid] delta_auc=0.005532081425742852 delta_pr_auc=0.00018289806869924152 delta_brier=-0.020980046771220673
2026-09-23 10:33:03,142 INFO     [bejis_2022 -> manavgat_2021] populasyon=burnable_tree_shrub calisiyor...
2026-09-23 10:33:11,371 INFO     [bejis_2022 -> manavgat_2021 / burnable_tree_shrub] delta_auc=-0.010841380434125358 delta_pr_auc=-0.0024358684351014626 delta_brier=-0.020243075698909013
2026-09-23 10:33:11,700 INFO     Metrics JSON yazildi: C:\Users\CORSAIR\projects\thermal-twin\refreeze\manavgat_2021\outputs\cross_region\manavgat_2021__bejis_2022\step9b\cross_region_transfer_metrics.json
2026-09-23 10:33:11,700 INFO     Predictions yazildi: C:\Users\CORSAIR\projects\thermal-twin\refreeze\manavgat_2021\outputs\cross_region\manavgat_2021__bejis_2022\step9b\cross_region_transfer_predictions.parquet, C:\Users\CORSAIR\projects\thermal-twin\refreeze\manavgat_2021\outputs\cross_region\manavgat_2021__bejis_2022\step9b\cross_region_transfer_predictions.csv
2026-09-23 10:33:11,985 INFO     ROC/PR eğrileri yazıldı: C:\Users\CORSAIR\projects\thermal-twin\refreeze\manavgat_2021\outputs\cross_region\manavgat_2021__bejis_2022\step9b
2026-09-23 10:33:11,987 INFO     ======================================================================
2026-09-23 10:33:11,987 INFO     STEP9C: hedef-bolge spatial-block bootstrap
2026-09-23 10:33:11,987 INFO     ======================================================================
2026-09-23 10:33:12,015 INFO     [bejis_2022_to_manavgat_2021 / all_valid] bootstrap basliyor (24087 satir, 6070 benzersiz spatial_block_id)...
2026-09-23 10:33:33,791 INFO     [bejis_2022_to_manavgat_2021 / all_valid] delta_auc CI=[-0.0047, 0.0157] (uncertain), delta_pr_auc CI=[-0.0014, 0.0018] (uncertain), delta_brier CI=[-0.0232, -0.0188] (positive_bootstrap_support)
2026-09-23 10:33:33,792 INFO     [bejis_2022_to_manavgat_2021 / burnable_tree_shrub] bootstrap basliyor (15538 satir, 4577 benzersiz spatial_block_id)...
2026-09-23 10:33:47,977 INFO     [bejis_2022_to_manavgat_2021 / burnable_tree_shrub] delta_auc CI=[-0.0217, 0.0004] (uncertain), delta_pr_auc CI=[-0.0043, -0.0007] (negative_bootstrap_support), delta_brier CI=[-0.0232, -0.0171] (positive_bootstrap_support)
2026-09-23 10:33:47,978 INFO     [bejis_2022_to_manavgat_2021 / burnable_tree_shrub_grass] bootstrap basliyor (20511 satir, 5439 benzersiz spatial_block_id)...
2026-09-23 10:34:05,617 INFO     [bejis_2022_to_manavgat_2021 / burnable_tree_shrub_grass] delta_auc CI=[0.0065, 0.0291] (positive_bootstrap_support), delta_pr_auc CI=[-0.0004, 0.0030] (uncertain), delta_brier CI=[-0.0286, -0.0235] (positive_bootstrap_support)
2026-09-23 10:34:05,618 INFO     [manavgat_2021_to_bejis_2022 / all_valid] bootstrap basliyor (15759 satir, 4004 benzersiz spatial_block_id)...
2026-09-23 10:34:18,248 INFO     [manavgat_2021_to_bejis_2022 / all_valid] delta_auc CI=[0.0048, 0.0344] (positive_bootstrap_support), delta_pr_auc CI=[0.0004, 0.0031] (positive_bootstrap_support), delta_brier CI=[-0.0282, -0.0228] (positive_bootstrap_support)
2026-09-23 10:34:18,249 INFO     [manavgat_2021_to_bejis_2022 / burnable_tree_shrub] bootstrap basliyor (12903 satir, 3683 benzersiz spatial_block_id)...
2026-09-23 10:34:30,449 INFO     [manavgat_2021_to_bejis_2022 / burnable_tree_shrub] delta_auc CI=[0.0195, 0.0541] (positive_bootstrap_support), delta_pr_auc CI=[0.0016, 0.0047] (positive_bootstrap_support), delta_brier CI=[-0.0319, -0.0263] (positive_bootstrap_support)
2026-09-23 10:34:30,450 INFO     [manavgat_2021_to_bejis_2022 / burnable_tree_shrub_grass] bootstrap basliyor (15190 satir, 3967 benzersiz spatial_block_id)...
2026-09-23 10:34:43,745 INFO     [manavgat_2021_to_bejis_2022 / burnable_tree_shrub_grass] delta_auc CI=[0.0101, 0.0420] (positive_bootstrap_support), delta_pr_auc CI=[0.0009, 0.0037] (positive_bootstrap_support), delta_brier CI=[-0.0239, -0.0188] (positive_bootstrap_support)
2026-09-23 10:34:43,828 INFO     Bootstrap metrics JSON yazildi: C:\Users\CORSAIR\projects\thermal-twin\refreeze\manavgat_2021\outputs\cross_region\manavgat_2021__bejis_2022\step9c\cross_region_bootstrap_metrics.json
2026-09-23 10:34:43,828 INFO     Bootstrap samples CSV yazildi: C:\Users\CORSAIR\projects\thermal-twin\refreeze\manavgat_2021\outputs\cross_region\manavgat_2021__bejis_2022\step9c\cross_region_bootstrap_samples.csv
2026-09-23 10:34:43,831 INFO     ======================================================================
2026-09-23 10:34:43,831 INFO     STEP9D: birlesik final rapor
2026-09-23 10:34:43,831 INFO     ======================================================================
2026-09-23 10:34:43,850 INFO     Step9D tamamlandi: overall_conclusion=partial_transfer_supported (C:\Users\CORSAIR\projects\thermal-twin\refreeze\manavgat_2021\outputs\cross_region\manavgat_2021__bejis_2022\step9d\final_cross_region_report.json, C:\Users\CORSAIR\projects\thermal-twin\refreeze\manavgat_2021\outputs\cross_region\manavgat_2021__bejis_2022\step9d\final_cross_region_report.md)
2026-09-23 10:34:43,850 INFO     ======================================================================
2026-09-23 10:34:43,850 INFO     STEP9 TAMAMLANDI. Genel sonuc: partial_transfer_supported
2026-09-23 10:34:43,850 INFO     ======================================================================
