2026-09-23 10:47:55,205 INFO     ======================================================================
2026-09-23 10:47:55,205 INFO     STEP10A: on-kayit (preregistration) + girdi denetimi
2026-09-23 10:47:55,206 INFO     ======================================================================
2026-09-23 10:47:55,223 INFO     YENI on-kayit olusturuldu (immutable): analysis_id=77c6546794363ce466c1440abb4317289d1fa2878d9acba04d4a76003a7be56d (C:\Users\CORSAIR\projects\thermal-twin\refreeze\manavgat_2021\outputs\cross_region\manavgat_2021__evia_2021_extended\step10\step10_preregistration.json)
2026-09-23 10:47:55,270 INFO     Girdi denetimi yazildi: C:\Users\CORSAIR\projects\thermal-twin\refreeze\manavgat_2021\outputs\cross_region\manavgat_2021__evia_2021_extended\step10\step10_input_audit.json
2026-09-23 10:47:55,270 INFO     analysis_id = 77c6546794363ce466c1440abb4317289d1fa2878d9acba04d4a76003a7be56d
2026-09-23 10:47:55,271 INFO     ======================================================================
2026-09-23 10:47:55,271 INFO     STEP10B: label-blind adaptasyon + tahmin (raw/zscore/CORAL)
2026-09-23 10:47:55,271 INFO     ======================================================================
2026-09-23 10:47:55,271 INFO     Step10B: manavgat_2021 ve evia_2021_extended icin Step8A veri setleri yukleniyor (kaynak: X+y; hedef: YALNIZCA X)...
2026-09-23 10:47:55,307 INFO     [manavgat_2021_to_evia_2021_extended] hedef DataFrame label-blind hale getirildi (kolonlar: ['cell_id', 'spatial_block_id', 'valid_for_modeling', 'burnable_tree_shrub_grass', 'burnable_tree_shrub', 'ndvi_mean', 'elevation_mean', 'slope_mean', 'landcover_dominant', 'lst_anomaly_mean', 'current_lst_mean', 'current_tvdi_mean', 'tvdi_difference_mean', 'downscaled_lst_mean', 'fused_lst_mean']) -- 'burned' YOK.
2026-09-23 10:48:02,263 INFO     [evia_2021_extended_to_manavgat_2021] hedef DataFrame label-blind hale getirildi (kolonlar: ['cell_id', 'spatial_block_id', 'valid_for_modeling', 'burnable_tree_shrub_grass', 'burnable_tree_shrub', 'ndvi_mean', 'elevation_mean', 'slope_mean', 'landcover_dominant', 'lst_anomaly_mean', 'current_lst_mean', 'current_tvdi_mean', 'tvdi_difference_mean', 'downscaled_lst_mean', 'fused_lst_mean']) -- 'burned' YOK.
2026-09-23 10:48:06,704 INFO     Step10B tamamlandi: C:\Users\CORSAIR\projects\thermal-twin\refreeze\manavgat_2021\outputs\cross_region\manavgat_2021__evia_2021_extended\step10\step10_predictions.parquet, C:\Users\CORSAIR\projects\thermal-twin\refreeze\manavgat_2021\outputs\cross_region\manavgat_2021__evia_2021_extended\step10\step10_adaptation_statistics.json
2026-09-23 10:48:06,706 INFO     ======================================================================
2026-09-23 10:48:06,706 INFO     STEP10C: esli degerlendirme + reprodüksiyon kontrolu + bootstrap
2026-09-23 10:48:06,706 INFO     ======================================================================
2026-09-23 10:48:06,725 INFO     [manavgat_2021_to_evia_2021_extended] Step10B tahminleri hedef etiketiyle hizalaniyor...
2026-09-23 10:48:06,841 INFO     [manavgat_2021_to_evia_2021_extended] Raw reprodüksiyon kontrolu BASARILI (tum farklar <= 1e-06).
2026-09-23 10:48:06,841 INFO     [manavgat_2021_to_evia_2021_extended] N-yollu esli spatial-block bootstrap calistiriliyor (1000 replika)...
2026-09-23 10:48:40,445 INFO     [evia_2021_extended_to_manavgat_2021] Step10B tahminleri hedef etiketiyle hizalaniyor...
2026-09-23 10:48:40,631 INFO     [evia_2021_extended_to_manavgat_2021] Raw reprodüksiyon kontrolu BASARILI (tum farklar <= 1e-06).
2026-09-23 10:48:40,631 INFO     [evia_2021_extended_to_manavgat_2021] N-yollu esli spatial-block bootstrap calistiriliyor (1000 replika)...
2026-09-23 10:49:36,948 INFO     Step10C tamamlandi: C:\Users\CORSAIR\projects\thermal-twin\refreeze\manavgat_2021\outputs\cross_region\manavgat_2021__evia_2021_extended\step10
2026-09-23 10:49:36,951 INFO     ======================================================================
2026-09-23 10:49:36,951 INFO     STEP10D: final rapor
2026-09-23 10:49:36,951 INFO     ======================================================================
2026-09-23 10:49:37,702 INFO     Step10D complete; protected input SHA-256 check passed: C:\Users\CORSAIR\projects\thermal-twin\refreeze\manavgat_2021\outputs\cross_region\manavgat_2021__evia_2021_extended\step10\step10_final_report.json
2026-09-23 10:49:37,703 INFO     ======================================================================
2026-09-23 10:49:37,703 INFO     STEP10 TAMAMLANDI. analysis_id=77c6546794363ce466c1440abb4317289d1fa2878d9acba04d4a76003a7be56d
2026-09-23 10:49:37,703 INFO     ======================================================================
