2026-09-23 11:02:54,139 INFO     ======================================================================
2026-09-23 11:02:54,139 INFO     STEP10A: on-kayit (preregistration) + girdi denetimi
2026-09-23 11:02:54,139 INFO     ======================================================================
2026-09-23 11:02:54,154 INFO     YENI on-kayit olusturuldu (immutable): analysis_id=49487007d122e6aeec6365b6c966a8d11c6337a441b24b9ad26846606ffd4c1f (C:\Users\CORSAIR\projects\thermal-twin\refreeze\manavgat_2021\outputs\cross_region\manavgat_2021__evia_2021\step10\step10_preregistration.json)
2026-09-23 11:02:54,194 INFO     Girdi denetimi yazildi: C:\Users\CORSAIR\projects\thermal-twin\refreeze\manavgat_2021\outputs\cross_region\manavgat_2021__evia_2021\step10\step10_input_audit.json
2026-09-23 11:02:54,194 INFO     analysis_id = 49487007d122e6aeec6365b6c966a8d11c6337a441b24b9ad26846606ffd4c1f
2026-09-23 11:02:54,194 INFO     ======================================================================
2026-09-23 11:02:54,194 INFO     STEP10B: label-blind adaptasyon + tahmin (raw/zscore/CORAL)
2026-09-23 11:02:54,194 INFO     ======================================================================
2026-09-23 11:02:54,194 INFO     Step10B: manavgat_2021 ve evia_2021 icin Step8A veri setleri yukleniyor (kaynak: X+y; hedef: YALNIZCA X)...
2026-09-23 11:02:54,220 INFO     [manavgat_2021_to_evia_2021] hedef DataFrame label-blind hale getirildi (kolonlar: ['cell_id', 'spatial_block_id', 'valid_for_modeling', 'burnable_tree_shrub_grass', 'burnable_tree_shrub', 'ndvi_mean', 'elevation_mean', 'slope_mean', 'landcover_dominant', 'lst_anomaly_mean', 'current_lst_mean', 'current_tvdi_mean', 'tvdi_difference_mean', 'downscaled_lst_mean', 'fused_lst_mean']) -- 'burned' YOK.
2026-09-23 11:03:00,426 INFO     [evia_2021_to_manavgat_2021] hedef DataFrame label-blind hale getirildi (kolonlar: ['cell_id', 'spatial_block_id', 'valid_for_modeling', 'burnable_tree_shrub_grass', 'burnable_tree_shrub', 'ndvi_mean', 'elevation_mean', 'slope_mean', 'landcover_dominant', 'lst_anomaly_mean', 'current_lst_mean', 'current_tvdi_mean', 'tvdi_difference_mean', 'downscaled_lst_mean', 'fused_lst_mean']) -- 'burned' YOK.
2026-09-23 11:03:02,849 INFO     Step10B tamamlandi: C:\Users\CORSAIR\projects\thermal-twin\refreeze\manavgat_2021\outputs\cross_region\manavgat_2021__evia_2021\step10\step10_predictions.parquet, C:\Users\CORSAIR\projects\thermal-twin\refreeze\manavgat_2021\outputs\cross_region\manavgat_2021__evia_2021\step10\step10_adaptation_statistics.json
2026-09-23 11:03:02,850 INFO     ======================================================================
2026-09-23 11:03:02,850 INFO     STEP10C: esli degerlendirme + reprodüksiyon kontrolu + bootstrap
2026-09-23 11:03:02,850 INFO     ======================================================================
2026-09-23 11:03:02,865 INFO     [manavgat_2021_to_evia_2021] Step10B tahminleri hedef etiketiyle hizalaniyor...
2026-09-23 11:03:02,913 INFO     [manavgat_2021_to_evia_2021] Raw reprodüksiyon kontrolu BASARILI (tum farklar <= 1e-06).
2026-09-23 11:03:02,914 INFO     [manavgat_2021_to_evia_2021] N-yollu esli spatial-block bootstrap calistiriliyor (1000 replika)...
2026-09-23 11:03:16,260 INFO     [evia_2021_to_manavgat_2021] Step10B tahminleri hedef etiketiyle hizalaniyor...
2026-09-23 11:03:16,379 INFO     [evia_2021_to_manavgat_2021] Raw reprodüksiyon kontrolu BASARILI (tum farklar <= 1e-06).
2026-09-23 11:03:16,379 INFO     [evia_2021_to_manavgat_2021] N-yollu esli spatial-block bootstrap calistiriliyor (1000 replika)...
2026-09-23 11:03:56,510 INFO     Step10C tamamlandi: C:\Users\CORSAIR\projects\thermal-twin\refreeze\manavgat_2021\outputs\cross_region\manavgat_2021__evia_2021\step10
2026-09-23 11:03:56,511 INFO     ======================================================================
2026-09-23 11:03:56,511 INFO     STEP10D: final rapor
2026-09-23 11:03:56,511 INFO     ======================================================================
2026-09-23 11:03:56,937 INFO     Step10D complete; protected input SHA-256 check passed: C:\Users\CORSAIR\projects\thermal-twin\refreeze\manavgat_2021\outputs\cross_region\manavgat_2021__evia_2021\step10\step10_final_report.json
2026-09-23 11:03:56,937 INFO     ======================================================================
2026-09-23 11:03:56,937 INFO     STEP10 TAMAMLANDI. analysis_id=49487007d122e6aeec6365b6c966a8d11c6337a441b24b9ad26846606ffd4c1f
2026-09-23 11:03:56,937 INFO     ======================================================================
