2026-09-23 10:42:09,073 INFO     ======================================================================
2026-09-23 10:42:09,073 INFO     STEP10A: on-kayit (preregistration) + girdi denetimi
2026-09-23 10:42:09,073 INFO     ======================================================================
2026-09-23 10:42:09,088 INFO     YENI on-kayit olusturuldu (immutable): analysis_id=a382046d5453412ea0145ce4ee057b9dfb8394160d7eac32551db26a51fb19ef (C:\Users\CORSAIR\projects\thermal-twin\refreeze\manavgat_2021\outputs\cross_region\manavgat_2021__mugla_2021\step10\step10_preregistration.json)
2026-09-23 10:42:09,150 INFO     Girdi denetimi yazildi: C:\Users\CORSAIR\projects\thermal-twin\refreeze\manavgat_2021\outputs\cross_region\manavgat_2021__mugla_2021\step10\step10_input_audit.json
2026-09-23 10:42:09,150 INFO     analysis_id = a382046d5453412ea0145ce4ee057b9dfb8394160d7eac32551db26a51fb19ef
2026-09-23 10:42:09,150 INFO     ======================================================================
2026-09-23 10:42:09,150 INFO     STEP10B: label-blind adaptasyon + tahmin (raw/zscore/CORAL)
2026-09-23 10:42:09,151 INFO     ======================================================================
2026-09-23 10:42:09,151 INFO     Step10B: manavgat_2021 ve mugla_2021 icin Step8A veri setleri yukleniyor (kaynak: X+y; hedef: YALNIZCA X)...
2026-09-23 10:42:09,210 INFO     [manavgat_2021_to_mugla_2021] hedef DataFrame label-blind hale getirildi (kolonlar: ['cell_id', 'spatial_block_id', 'valid_for_modeling', 'burnable_tree_shrub_grass', 'burnable_tree_shrub', 'ndvi_mean', 'elevation_mean', 'slope_mean', 'landcover_dominant', 'lst_anomaly_mean', 'current_lst_mean', 'current_tvdi_mean', 'tvdi_difference_mean', 'downscaled_lst_mean', 'fused_lst_mean']) -- 'burned' YOK.
2026-09-23 10:42:16,160 INFO     [mugla_2021_to_manavgat_2021] hedef DataFrame label-blind hale getirildi (kolonlar: ['cell_id', 'spatial_block_id', 'valid_for_modeling', 'burnable_tree_shrub_grass', 'burnable_tree_shrub', 'ndvi_mean', 'elevation_mean', 'slope_mean', 'landcover_dominant', 'lst_anomaly_mean', 'current_lst_mean', 'current_tvdi_mean', 'tvdi_difference_mean', 'downscaled_lst_mean', 'fused_lst_mean']) -- 'burned' YOK.
2026-09-23 10:42:28,470 INFO     Step10B tamamlandi: C:\Users\CORSAIR\projects\thermal-twin\refreeze\manavgat_2021\outputs\cross_region\manavgat_2021__mugla_2021\step10\step10_predictions.parquet, C:\Users\CORSAIR\projects\thermal-twin\refreeze\manavgat_2021\outputs\cross_region\manavgat_2021__mugla_2021\step10\step10_adaptation_statistics.json
2026-09-23 10:42:28,472 INFO     ======================================================================
2026-09-23 10:42:28,472 INFO     STEP10C: esli degerlendirme + reprodüksiyon kontrolu + bootstrap
2026-09-23 10:42:28,472 INFO     ======================================================================
2026-09-23 10:42:28,503 INFO     [manavgat_2021_to_mugla_2021] Step10B tahminleri hedef etiketiyle hizalaniyor...
2026-09-23 10:42:28,791 INFO     [manavgat_2021_to_mugla_2021] Raw reprodüksiyon kontrolu BASARILI (tum farklar <= 1e-06).
2026-09-23 10:42:28,791 INFO     [manavgat_2021_to_mugla_2021] N-yollu esli spatial-block bootstrap calistiriliyor (1000 replika)...
2026-09-23 10:44:12,786 INFO     [mugla_2021_to_manavgat_2021] Step10B tahminleri hedef etiketiyle hizalaniyor...
2026-09-23 10:44:12,942 INFO     [mugla_2021_to_manavgat_2021] Raw reprodüksiyon kontrolu BASARILI (tum farklar <= 1e-06).
2026-09-23 10:44:12,945 INFO     [mugla_2021_to_manavgat_2021] N-yollu esli spatial-block bootstrap calistiriliyor (1000 replika)...
2026-09-23 10:45:12,251 INFO     Step10C tamamlandi: C:\Users\CORSAIR\projects\thermal-twin\refreeze\manavgat_2021\outputs\cross_region\manavgat_2021__mugla_2021\step10
2026-09-23 10:45:12,252 INFO     ======================================================================
2026-09-23 10:45:12,252 INFO     STEP10D: final rapor
2026-09-23 10:45:12,252 INFO     ======================================================================
2026-09-23 10:45:13,884 INFO     Step10D complete; protected input SHA-256 check passed: C:\Users\CORSAIR\projects\thermal-twin\refreeze\manavgat_2021\outputs\cross_region\manavgat_2021__mugla_2021\step10\step10_final_report.json
2026-09-23 10:45:13,884 INFO     ======================================================================
2026-09-23 10:45:13,884 INFO     STEP10 TAMAMLANDI. analysis_id=a382046d5453412ea0145ce4ee057b9dfb8394160d7eac32551db26a51fb19ef
2026-09-23 10:45:13,884 INFO     ======================================================================
